2026-01-31 14:49:48,467 INFO [BinanceClient] Initialized Binance client for BTCUSDT on testnet
2026-01-31 14:49:50,006 INFO [Trader] Trader started; reference price = 82668.67
2026-01-31 14:57:10,620 INFO [BinanceClient] Initialized Binance client on testnet
2026-01-31 14:57:17,952 INFO [Trader] Trader initializing for symbols: ['BTCUSDT', 'ETHUSDT', 'SOLUSDT', 'BNBUSDT', 'XRPUSDT']
2026-01-31 14:57:18,417 INFO [Trader] Ref price for BTCUSDT: 82679.42
2026-01-31 14:57:18,886 INFO [Trader] Ref price for ETHUSDT: 2625.43
2026-01-31 14:57:19,273 INFO [Trader] Ref price for SOLUSDT: 113.88
2026-01-31 14:57:19,672 INFO [Trader] Ref price for BNBUSDT: 830.42
2026-01-31 14:57:20,864 INFO [Trader] Ref price for XRPUSDT: 1.6751
2026-01-31 14:57:20,869 INFO [Trader] Scheduler started.
2026-01-31 14:57:27,061 INFO [Trader] Dip found on BTCUSDT! Price: 82679.41, Trigger: 82679.42
2026-01-31 14:57:27,064 INFO [Trader] Opening trade for BTCUSDT
2026-01-31 14:57:28,974 INFO [BinanceClient] Market BUY: 0.00048000 BTCUSDT ~40.0 USDT
2026-01-31 14:57:29,058 WARNING [Notifier] Telegram fail 1/3: HTTPSConnectionPool(host='api.telegram.org', port=443): Max retries exceeded with url: /bot7563030402:AAEuyIPr1SaNvVvBy24MrZE6xB3nTQ0nh3E/sendMessage (Caused by NameResolutionError("HTTPSConnection(host='api.telegram.org', port=443): Failed to resolve 'api.telegram.org' ([Errno 11002] getaddrinfo failed)"))
2026-01-31 14:57:30,077 WARNING [Notifier] Telegram fail 2/3: HTTPSConnectionPool(host='api.telegram.org', port=443): Max retries exceeded with url: /bot7563030402:AAEuyIPr1SaNvVvBy24MrZE6xB3nTQ0nh3E/sendMessage (Caused by NameResolutionError("HTTPSConnection(host='api.telegram.org', port=443): Failed to resolve 'api.telegram.org' ([Errno 11002] getaddrinfo failed)"))
2026-01-31 14:57:31,104 WARNING [Notifier] Telegram fail 3/3: HTTPSConnectionPool(host='api.telegram.org', port=443): Max retries exceeded with url: /bot7563030402:AAEuyIPr1SaNvVvBy24MrZE6xB3nTQ0nh3E/sendMessage (Caused by NameResolutionError("HTTPSConnection(host='api.telegram.org', port=443): Failed to resolve 'api.telegram.org' ([Errno 11002] getaddrinfo failed)"))
2026-01-31 14:57:32,108 ERROR [Notifier] Failed to send Telegram message.
2026-01-31 15:25:46,795 INFO [BinanceClient] Initialized Binance client on testnet
2026-01-31 15:25:51,092 INFO [Trader] Trader initializing for symbols: ['BTCUSDT', 'ETHUSDT', 'SOLUSDT', 'BNBUSDT', 'XRPUSDT']
2026-01-31 15:25:51,549 INFO [Trader] Ref price for BTCUSDT: 81989.65
2026-01-31 15:25:51,993 INFO [Trader] Ref price for ETHUSDT: 2580.54
2026-01-31 15:25:52,513 INFO [Trader] Ref price for SOLUSDT: 111.27
2026-01-31 15:25:52,948 INFO [Trader] Ref price for BNBUSDT: 819.25
2026-01-31 15:25:53,590 INFO [Trader] Ref price for XRPUSDT: 1.6532
2026-01-31 15:25:53,599 INFO [Trader] Scheduler started.
2026-01-31 15:25:59,661 INFO [Trader] Dip found on ETHUSDT! Price: 2579.02, Trigger: 2580.54
2026-01-31 15:25:59,661 INFO [Trader] Opening trade for ETHUSDT
2026-01-31 15:26:01,257 INFO [BinanceClient] Market BUY: 0.01550000 ETHUSDT ~40.0 USDT
2026-01-31 15:26:29,572 INFO [Trader] Closing ETHUSDT (Auto-Close) at 2599.17
2026-01-31 15:26:30,776 INFO [BinanceClient] Market SELL: 0.01550000 ETHUSDT
2026-01-31 15:26:32,826 INFO [Trader] Trade closed. Resuming scan.
2026-01-31 15:26:34,164 INFO [Trader] Dip found on BTCUSDT! Price: 81879.4, Trigger: 81994.0
2026-01-31 15:26:34,195 INFO [Trader] Opening trade for BTCUSDT
2026-01-31 15:26:35,554 INFO [BinanceClient] Market BUY: 0.00048000 BTCUSDT ~40.0 USDT
2026-01-31 15:37:59,163 INFO [Trader] Closing BTCUSDT (SL) at 81139.45
2026-01-31 15:38:00,118 INFO [BinanceClient] Market SELL: 0.00048000 BTCUSDT
2026-01-31 15:38:02,453 INFO [Trader] Trade closed. Resuming scan.
2026-01-31 15:38:04,690 INFO [Trader] Dip found on ETHUSDT! Price: 2527.31, Trigger: 2560.08
2026-01-31 15:38:04,691 INFO [Trader] Opening trade for ETHUSDT
2026-01-31 15:38:06,187 INFO [BinanceClient] Market BUY: 0.01580000 ETHUSDT ~40.0 USDT
2026-01-31 15:39:14,104 INFO [Trader] Closing ETHUSDT (Auto-Close) at 2539.86
2026-01-31 15:39:15,172 INFO [BinanceClient] Market SELL: 0.01580000 ETHUSDT
2026-01-31 15:39:17,455 INFO [Trader] Trade closed. Resuming scan.
2026-01-31 15:39:19,168 INFO [Trader] Dip found on BTCUSDT! Price: 81110.87, Trigger: 81139.45
2026-01-31 15:39:19,168 INFO [Trader] Opening trade for BTCUSDT
2026-01-31 15:39:20,910 INFO [BinanceClient] Market BUY: 0.00049000 BTCUSDT ~40.0 USDT
2026-01-31 15:55:19,147 INFO [Trader] Closing BTCUSDT (Auto-Close) at 81478.68
2026-01-31 15:55:20,324 INFO [BinanceClient] Market SELL: 0.00049000 BTCUSDT
2026-01-31 15:55:22,811 INFO [Trader] Trade closed. Resuming scan.
2026-01-31 15:55:25,242 INFO [Trader] Dip found on SOLUSDT! Price: 109.63, Trigger: 111.27
2026-01-31 15:55:25,243 INFO [Trader] Opening trade for SOLUSDT
2026-01-31 15:55:27,001 INFO [BinanceClient] Market BUY: 0.36400000 SOLUSDT ~40.0 USDT
2026-01-31 16:06:14,083 INFO [Trader] Closing SOLUSDT (Auto-Close) at 110.18
2026-01-31 16:06:15,159 INFO [BinanceClient] Market SELL: 0.36400000 SOLUSDT
2026-01-31 16:06:18,962 INFO [Trader] Trade closed. Resuming scan.
2026-01-31 16:06:25,608 INFO [Trader] Dip found on BNBUSDT! Price: 816.07, Trigger: 819.25
2026-01-31 16:06:25,823 INFO [Trader] Opening trade for BNBUSDT
2026-01-31 16:06:27,397 INFO [BinanceClient] Market BUY: 0.04900000 BNBUSDT ~40.0 USDT
2026-01-31 16:10:39,116 INFO [Trader] Closing BNBUSDT (SL) at 768.42
2026-01-31 16:10:40,198 INFO [BinanceClient] Market SELL: 0.04900000 BNBUSDT
2026-01-31 16:10:42,693 INFO [Trader] Trade closed. Resuming scan.
2026-01-31 16:10:44,060 INFO [Trader] Dip found on BTCUSDT! Price: 81424.03, Trigger: 81729.87
2026-01-31 16:10:44,060 INFO [Trader] Opening trade for BTCUSDT
2026-01-31 16:10:45,560 INFO [BinanceClient] Market BUY: 0.00049000 BTCUSDT ~40.0 USDT
2026-01-31 16:11:24,059 INFO [Trader] Closing BTCUSDT (Auto-Close) at 81794.63
2026-01-31 16:11:25,039 INFO [BinanceClient] Market SELL: 0.00049000 BTCUSDT
2026-01-31 16:11:28,835 INFO [Trader] Trade closed. Resuming scan.
2026-01-31 16:11:34,064 INFO [Trader] Dip found on BTCUSDT! Price: 81383.83, Trigger: 81383.83
2026-01-31 16:11:34,064 INFO [Trader] Opening trade for BTCUSDT
2026-01-31 16:11:35,696 INFO [BinanceClient] Market BUY: 0.00049000 BTCUSDT ~40.0 USDT
2026-01-31 16:21:04,182 INFO [Trader] Closing BTCUSDT (SL) at 80903.13
2026-01-31 16:21:05,403 INFO [BinanceClient] Market SELL: 0.00049000 BTCUSDT
2026-01-31 16:21:07,654 INFO [Trader] Trade closed. Resuming scan.
2026-01-31 16:21:09,193 INFO [Trader] Dip found on BTCUSDT! Price: 80903.13, Trigger: 80903.13
2026-01-31 16:21:09,194 INFO [Trader] Opening trade for BTCUSDT
2026-01-31 16:21:10,612 INFO [BinanceClient] Market BUY: 0.00049000 BTCUSDT ~40.0 USDT
2026-01-31 16:49:14,044 INFO [Trader] Closing BTCUSDT (Auto-Close) at 81528.47
2026-01-31 16:49:15,127 INFO [BinanceClient] Market SELL: 0.00049000 BTCUSDT
2026-01-31 16:49:17,338 INFO [Trader] Trade closed. Resuming scan.
2026-01-31 16:49:19,085 INFO [Trader] Dip found on BTCUSDT! Price: 81486.46, Trigger: 81486.46
2026-01-31 16:49:19,087 INFO [Trader] Opening trade for BTCUSDT
2026-01-31 16:49:20,606 INFO [BinanceClient] Market BUY: 0.00049000 BTCUSDT ~40.0 USDT
2026-01-31 17:17:04,384 INFO [Trader] Closing BTCUSDT (SL) at 80684.6
2026-01-31 17:17:05,703 INFO [BinanceClient] Market SELL: 0.00049000 BTCUSDT
2026-01-31 17:17:08,536 INFO [Trader] Trade closed. Resuming scan.
2026-01-31 17:17:09,765 INFO [Trader] Dip found on ETHUSDT! Price: 2508.89, Trigger: 2550.9
2026-01-31 17:17:09,768 INFO [Trader] Opening trade for ETHUSDT
2026-01-31 17:17:11,608 INFO [BinanceClient] Market BUY: 0.01590000 ETHUSDT ~40.0 USDT
2026-01-31 17:17:54,046 INFO [Trader] Closing ETHUSDT (Auto-Close) at 2522.39
2026-01-31 17:17:55,328 INFO [BinanceClient] Market SELL: 0.01590000 ETHUSDT
2026-01-31 17:17:57,380 INFO [Trader] Trade closed. Resuming scan.
2026-01-31 17:18:00,121 INFO [Trader] Dip found on ETHUSDT! Price: 2522.38, Trigger: 2522.38
2026-01-31 17:18:00,121 INFO [Trader] Opening trade for ETHUSDT
2026-01-31 17:18:01,781 INFO [BinanceClient] Market BUY: 0.01580000 ETHUSDT ~40.0 USDT
2026-01-31 17:18:29,215 INFO [Trader] Closing ETHUSDT (Auto-Close) at 2539.44
2026-01-31 17:18:30,371 INFO [BinanceClient] Market SELL: 0.01580000 ETHUSDT
2026-01-31 17:18:32,397 INFO [Trader] Trade closed. Resuming scan.
2026-01-31 17:18:35,294 INFO [Trader] Dip found on SOLUSDT! Price: 109.12, Trigger: 110.18
2026-01-31 17:18:35,294 INFO [Trader] Opening trade for SOLUSDT
2026-01-31 17:18:37,162 INFO [BinanceClient] Market BUY: 0.36600000 SOLUSDT ~40.0 USDT
2026-01-31 17:46:02,255 ERROR [Trader] Error during trade cycle: HTTPSConnectionPool(host='testnet.binance.vision', port=443): Read timed out. (read timeout=10)
Traceback (most recent call last):
  File "C:\Users\USCHIP\Desktop\bothat\bothat\.venv\lib\site-packages\urllib3\connectionpool.py", line 534, in _make_request
    response = conn.getresponse()
  File "C:\Users\USCHIP\Desktop\bothat\bothat\.venv\lib\site-packages\urllib3\connection.py", line 571, in getresponse
    httplib_response = super().getresponse()
  File "C:\Users\USCHIP\AppData\Local\Programs\Python\Python310\lib\http\client.py", line 1374, in getresponse
    response.begin()
  File "C:\Users\USCHIP\AppData\Local\Programs\Python\Python310\lib\http\client.py", line 318, in begin
    version, status, reason = self._read_status()
  File "C:\Users\USCHIP\AppData\Local\Programs\Python\Python310\lib\http\client.py", line 279, in _read_status
    line = str(self.fp.readline(_MAXLINE + 1), "iso-8859-1")
  File "C:\Users\USCHIP\AppData\Local\Programs\Python\Python310\lib\socket.py", line 705, in readinto
    return self._sock.recv_into(b)
  File "C:\Users\USCHIP\AppData\Local\Programs\Python\Python310\lib\ssl.py", line 1273, in recv_into
    return self.read(nbytes, buffer)
  File "C:\Users\USCHIP\AppData\Local\Programs\Python\Python310\lib\ssl.py", line 1129, in read
    return self._sslobj.read(len, buffer)
TimeoutError: The read operation timed out

The above exception was the direct cause of the following exception:

Traceback (most recent call last):
  File "C:\Users\USCHIP\Desktop\bothat\bothat\.venv\lib\site-packages\requests\adapters.py", line 644, in send
    resp = conn.urlopen(
  File "C:\Users\USCHIP\Desktop\bothat\bothat\.venv\lib\site-packages\urllib3\connectionpool.py", line 841, in urlopen
    retries = retries.increment(
  File "C:\Users\USCHIP\Desktop\bothat\bothat\.venv\lib\site-packages\urllib3\util\retry.py", line 490, in increment
    raise reraise(type(error), error, _stacktrace)
  File "C:\Users\USCHIP\Desktop\bothat\bothat\.venv\lib\site-packages\urllib3\util\util.py", line 39, in reraise
    raise value
  File "C:\Users\USCHIP\Desktop\bothat\bothat\.venv\lib\site-packages\urllib3\connectionpool.py", line 787, in urlopen
    response = self._make_request(
  File "C:\Users\USCHIP\Desktop\bothat\bothat\.venv\lib\site-packages\urllib3\connectionpool.py", line 536, in _make_request
    self._raise_timeout(err=e, url=url, timeout_value=read_timeout)
  File "C:\Users\USCHIP\Desktop\bothat\bothat\.venv\lib\site-packages\urllib3\connectionpool.py", line 367, in _raise_timeout
    raise ReadTimeoutError(
urllib3.exceptions.ReadTimeoutError: HTTPSConnectionPool(host='testnet.binance.vision', port=443): Read timed out. (read timeout=10)

During handling of the above exception, another exception occurred:

Traceback (most recent call last):
  File "C:\Users\USCHIP\Desktop\bothat\bothat\bot\trader.py", line 56, in _trade_cycle
    self._monitor_active_trade()
  File "C:\Users\USCHIP\Desktop\bothat\bothat\bot\trader.py", line 116, in _monitor_active_trade
    current_price = self.client.get_current_price(symbol)
  File "C:\Users\USCHIP\Desktop\bothat\bothat\utils\binance_client.py", line 29, in wrapped
    return fn(*args, **kwargs)
  File "C:\Users\USCHIP\Desktop\bothat\bothat\utils\binance_client.py", line 107, in get_current_price
    ticker = self._client.get_symbol_ticker(symbol=symbol)
  File "C:\Users\USCHIP\Desktop\bothat\bothat\.venv\lib\site-packages\binance\client.py", line 1242, in get_symbol_ticker
    return self._get("ticker/price", data=params)
  File "C:\Users\USCHIP\Desktop\bothat\bothat\.venv\lib\site-packages\binance\client.py", line 200, in _get
    return self._request_api("get", path, signed, version, **kwargs)
  File "C:\Users\USCHIP\Desktop\bothat\bothat\.venv\lib\site-packages\binance\client.py", line 134, in _request_api
    return self._request(method, uri, signed, **kwargs)
  File "C:\Users\USCHIP\Desktop\bothat\bothat\.venv\lib\site-packages\binance\client.py", line 92, in _request
    self.response = getattr(self.session, method)(uri, headers=headers, data=data, **kwargs)
  File "C:\Users\USCHIP\Desktop\bothat\bothat\.venv\lib\site-packages\requests\sessions.py", line 602, in get
    return self.request("GET", url, **kwargs)
  File "C:\Users\USCHIP\Desktop\bothat\bothat\.venv\lib\site-packages\requests\sessions.py", line 589, in request
    resp = self.send(prep, **send_kwargs)
  File "C:\Users\USCHIP\Desktop\bothat\bothat\.venv\lib\site-packages\requests\sessions.py", line 703, in send
    r = adapter.send(request, **kwargs)
  File "C:\Users\USCHIP\Desktop\bothat\bothat\.venv\lib\site-packages\requests\adapters.py", line 690, in send
    raise ReadTimeout(e, request=request)
requests.exceptions.ReadTimeout: HTTPSConnectionPool(host='testnet.binance.vision', port=443): Read timed out. (read timeout=10)
2026-01-31 17:46:35,679 INFO [Trader] Closing SOLUSDT (SL) at 107.5
2026-01-31 17:46:36,632 INFO [BinanceClient] Market SELL: 0.36600000 SOLUSDT
2026-01-31 17:46:39,610 INFO [Trader] Trade closed. Resuming scan.
2026-01-31 17:46:44,198 INFO [Trader] Dip found on BTCUSDT! Price: 80864.42, Trigger: 81596.88
2026-01-31 17:46:44,198 INFO [Trader] Opening trade for BTCUSDT
2026-01-31 17:46:45,792 INFO [BinanceClient] Market BUY: 0.00049000 BTCUSDT ~40.0 USDT
2026-01-31 17:46:54,136 INFO [Trader] Closing BTCUSDT (SL) at 80054.91
2026-01-31 17:46:55,068 INFO [BinanceClient] Market SELL: 0.00049000 BTCUSDT
2026-01-31 17:46:57,642 INFO [Trader] Trade closed. Resuming scan.
2026-01-31 17:46:59,727 INFO [Trader] Dip found on ETHUSDT! Price: 2516.92, Trigger: 2539.44
2026-01-31 17:46:59,727 INFO [Trader] Opening trade for ETHUSDT
2026-01-31 17:47:01,681 INFO [BinanceClient] Market BUY: 0.01580000 ETHUSDT ~40.0 USDT
2026-01-31 17:47:54,021 INFO [Trader] Closing ETHUSDT (SL) at 2486.61
2026-01-31 17:47:56,158 INFO [BinanceClient] Market SELL: 0.01580000 ETHUSDT
2026-01-31 17:47:56,494 ERROR [Trader] Error during trade cycle: ('Connection aborted.', RemoteDisconnected('Remote end closed connection without response'))
Traceback (most recent call last):
  File "C:\Users\USCHIP\Desktop\bothat\bothat\.venv\lib\site-packages\urllib3\connectionpool.py", line 787, in urlopen
    response = self._make_request(
  File "C:\Users\USCHIP\Desktop\bothat\bothat\.venv\lib\site-packages\urllib3\connectionpool.py", line 534, in _make_request
    response = conn.getresponse()
  File "C:\Users\USCHIP\Desktop\bothat\bothat\.venv\lib\site-packages\urllib3\connection.py", line 571, in getresponse
    httplib_response = super().getresponse()
  File "C:\Users\USCHIP\AppData\Local\Programs\Python\Python310\lib\http\client.py", line 1374, in getresponse
    response.begin()
  File "C:\Users\USCHIP\AppData\Local\Programs\Python\Python310\lib\http\client.py", line 318, in begin
    version, status, reason = self._read_status()
  File "C:\Users\USCHIP\AppData\Local\Programs\Python\Python310\lib\http\client.py", line 287, in _read_status
    raise RemoteDisconnected("Remote end closed connection without"
http.client.RemoteDisconnected: Remote end closed connection without response

During handling of the above exception, another exception occurred:

Traceback (most recent call last):
  File "C:\Users\USCHIP\Desktop\bothat\bothat\.venv\lib\site-packages\requests\adapters.py", line 644, in send
    resp = conn.urlopen(
  File "C:\Users\USCHIP\Desktop\bothat\bothat\.venv\lib\site-packages\urllib3\connectionpool.py", line 841, in urlopen
    retries = retries.increment(
  File "C:\Users\USCHIP\Desktop\bothat\bothat\.venv\lib\site-packages\urllib3\util\retry.py", line 490, in increment
    raise reraise(type(error), error, _stacktrace)
  File "C:\Users\USCHIP\Desktop\bothat\bothat\.venv\lib\site-packages\urllib3\util\util.py", line 38, in reraise
    raise value.with_traceback(tb)
  File "C:\Users\USCHIP\Desktop\bothat\bothat\.venv\lib\site-packages\urllib3\connectionpool.py", line 787, in urlopen
    response = self._make_request(
  File "C:\Users\USCHIP\Desktop\bothat\bothat\.venv\lib\site-packages\urllib3\connectionpool.py", line 534, in _make_request
    response = conn.getresponse()
  File "C:\Users\USCHIP\Desktop\bothat\bothat\.venv\lib\site-packages\urllib3\connection.py", line 571, in getresponse
    httplib_response = super().getresponse()
  File "C:\Users\USCHIP\AppData\Local\Programs\Python\Python310\lib\http\client.py", line 1374, in getresponse
    response.begin()
  File "C:\Users\USCHIP\AppData\Local\Programs\Python\Python310\lib\http\client.py", line 318, in begin
    version, status, reason = self._read_status()
  File "C:\Users\USCHIP\AppData\Local\Programs\Python\Python310\lib\http\client.py", line 287, in _read_status
    raise RemoteDisconnected("Remote end closed connection without"
urllib3.exceptions.ProtocolError: ('Connection aborted.', RemoteDisconnected('Remote end closed connection without response'))

During handling of the above exception, another exception occurred:

Traceback (most recent call last):
  File "C:\Users\USCHIP\Desktop\bothat\bothat\bot\trader.py", line 56, in _trade_cycle
    self._monitor_active_trade()
  File "C:\Users\USCHIP\Desktop\bothat\bothat\bot\trader.py", line 125, in _monitor_active_trade
    self._close_trade("SL", current_price)
  File "C:\Users\USCHIP\Desktop\bothat\bothat\bot\trader.py", line 148, in _close_trade
    balance = self.client.get_balance(BASE_CURRENCY)
  File "C:\Users\USCHIP\Desktop\bothat\bothat\utils\binance_client.py", line 29, in wrapped
    return fn(*args, **kwargs)
  File "C:\Users\USCHIP\Desktop\bothat\bothat\utils\binance_client.py", line 113, in get_balance
    balance = self._client.get_asset_balance(asset=asset)
  File "C:\Users\USCHIP\Desktop\bothat\bothat\.venv\lib\site-packages\binance\client.py", line 2285, in get_asset_balance
    res = self.get_account(**params)
  File "C:\Users\USCHIP\Desktop\bothat\bothat\.venv\lib\site-packages\binance\client.py", line 2260, in get_account
    return self._get("account", True, data=params)
  File "C:\Users\USCHIP\Desktop\bothat\bothat\.venv\lib\site-packages\binance\client.py", line 200, in _get
    return self._request_api("get", path, signed, version, **kwargs)
  File "C:\Users\USCHIP\Desktop\bothat\bothat\.venv\lib\site-packages\binance\client.py", line 134, in _request_api
    return self._request(method, uri, signed, **kwargs)
  File "C:\Users\USCHIP\Desktop\bothat\bothat\.venv\lib\site-packages\binance\client.py", line 92, in _request
    self.response = getattr(self.session, method)(uri, headers=headers, data=data, **kwargs)
  File "C:\Users\USCHIP\Desktop\bothat\bothat\.venv\lib\site-packages\requests\sessions.py", line 602, in get
    return self.request("GET", url, **kwargs)
  File "C:\Users\USCHIP\Desktop\bothat\bothat\.venv\lib\site-packages\requests\sessions.py", line 589, in request
    resp = self.send(prep, **send_kwargs)
  File "C:\Users\USCHIP\Desktop\bothat\bothat\.venv\lib\site-packages\requests\sessions.py", line 703, in send
    r = adapter.send(request, **kwargs)
  File "C:\Users\USCHIP\Desktop\bothat\bothat\.venv\lib\site-packages\requests\adapters.py", line 659, in send
    raise ConnectionError(err, request=request)
requests.exceptions.ConnectionError: ('Connection aborted.', RemoteDisconnected('Remote end closed connection without response'))
2026-01-31 17:48:11,576 ERROR [Trader] Error during trade cycle: HTTPSConnectionPool(host='testnet.binance.vision', port=443): Max retries exceeded with url: /api/v3/ticker/price?symbol=ETHUSDT (Caused by NameResolutionError("HTTPSConnection(host='testnet.binance.vision', port=443): Failed to resolve 'testnet.binance.vision' ([Errno 11001] getaddrinfo failed)"))
Traceback (most recent call last):
  File "C:\Users\USCHIP\Desktop\bothat\bothat\.venv\lib\site-packages\urllib3\connection.py", line 204, in _new_conn
    sock = connection.create_connection(
  File "C:\Users\USCHIP\Desktop\bothat\bothat\.venv\lib\site-packages\urllib3\util\connection.py", line 60, in create_connection
    for res in socket.getaddrinfo(host, port, family, socket.SOCK_STREAM):
  File "C:\Users\USCHIP\AppData\Local\Programs\Python\Python310\lib\socket.py", line 955, in getaddrinfo
    for res in _socket.getaddrinfo(host, port, family, type, proto, flags):
socket.gaierror: [Errno 11001] getaddrinfo failed

The above exception was the direct cause of the following exception:

Traceback (most recent call last):
  File "C:\Users\USCHIP\Desktop\bothat\bothat\.venv\lib\site-packages\urllib3\connectionpool.py", line 787, in urlopen
    response = self._make_request(
  File "C:\Users\USCHIP\Desktop\bothat\bothat\.venv\lib\site-packages\urllib3\connectionpool.py", line 488, in _make_request
    raise new_e
  File "C:\Users\USCHIP\Desktop\bothat\bothat\.venv\lib\site-packages\urllib3\connectionpool.py", line 464, in _make_request
    self._validate_conn(conn)
  File "C:\Users\USCHIP\Desktop\bothat\bothat\.venv\lib\site-packages\urllib3\connectionpool.py", line 1093, in _validate_conn
    conn.connect()
  File "C:\Users\USCHIP\Desktop\bothat\bothat\.venv\lib\site-packages\urllib3\connection.py", line 759, in connect
    self.sock = sock = self._new_conn()
  File "C:\Users\USCHIP\Desktop\bothat\bothat\.venv\lib\site-packages\urllib3\connection.py", line 211, in _new_conn
    raise NameResolutionError(self.host, self, e) from e
urllib3.exceptions.NameResolutionError: HTTPSConnection(host='testnet.binance.vision', port=443): Failed to resolve 'testnet.binance.vision' ([Errno 11001] getaddrinfo failed)

The above exception was the direct cause of the following exception:

Traceback (most recent call last):
  File "C:\Users\USCHIP\Desktop\bothat\bothat\.venv\lib\site-packages\requests\adapters.py", line 644, in send
    resp = conn.urlopen(
  File "C:\Users\USCHIP\Desktop\bothat\bothat\.venv\lib\site-packages\urllib3\connectionpool.py", line 841, in urlopen
    retries = retries.increment(
  File "C:\Users\USCHIP\Desktop\bothat\bothat\.venv\lib\site-packages\urllib3\util\retry.py", line 535, in increment
    raise MaxRetryError(_pool, url, reason) from reason  # type: ignore[arg-type]
urllib3.exceptions.MaxRetryError: HTTPSConnectionPool(host='testnet.binance.vision', port=443): Max retries exceeded with url: /api/v3/ticker/price?symbol=ETHUSDT (Caused by NameResolutionError("HTTPSConnection(host='testnet.binance.vision', port=443): Failed to resolve 'testnet.binance.vision' ([Errno 11001] getaddrinfo failed)"))

During handling of the above exception, another exception occurred:

Traceback (most recent call last):
  File "C:\Users\USCHIP\Desktop\bothat\bothat\bot\trader.py", line 56, in _trade_cycle
    self._monitor_active_trade()
  File "C:\Users\USCHIP\Desktop\bothat\bothat\bot\trader.py", line 116, in _monitor_active_trade
    current_price = self.client.get_current_price(symbol)
  File "C:\Users\USCHIP\Desktop\bothat\bothat\utils\binance_client.py", line 29, in wrapped
    return fn(*args, **kwargs)
  File "C:\Users\USCHIP\Desktop\bothat\bothat\utils\binance_client.py", line 107, in get_current_price
    ticker = self._client.get_symbol_ticker(symbol=symbol)
  File "C:\Users\USCHIP\Desktop\bothat\bothat\.venv\lib\site-packages\binance\client.py", line 1242, in get_symbol_ticker
    return self._get("ticker/price", data=params)
  File "C:\Users\USCHIP\Desktop\bothat\bothat\.venv\lib\site-packages\binance\client.py", line 200, in _get
    return self._request_api("get", path, signed, version, **kwargs)
  File "C:\Users\USCHIP\Desktop\bothat\bothat\.venv\lib\site-packages\binance\client.py", line 134, in _request_api
    return self._request(method, uri, signed, **kwargs)
  File "C:\Users\USCHIP\Desktop\bothat\bothat\.venv\lib\site-packages\binance\client.py", line 92, in _request
    self.response = getattr(self.session, method)(uri, headers=headers, data=data, **kwargs)
  File "C:\Users\USCHIP\Desktop\bothat\bothat\.venv\lib\site-packages\requests\sessions.py", line 602, in get
    return self.request("GET", url, **kwargs)
  File "C:\Users\USCHIP\Desktop\bothat\bothat\.venv\lib\site-packages\requests\sessions.py", line 589, in request
    resp = self.send(prep, **send_kwargs)
  File "C:\Users\USCHIP\Desktop\bothat\bothat\.venv\lib\site-packages\requests\sessions.py", line 703, in send
    r = adapter.send(request, **kwargs)
  File "C:\Users\USCHIP\Desktop\bothat\bothat\.venv\lib\site-packages\requests\adapters.py", line 677, in send
    raise ConnectionError(e, request=request)
requests.exceptions.ConnectionError: HTTPSConnectionPool(host='testnet.binance.vision', port=443): Max retries exceeded with url: /api/v3/ticker/price?symbol=ETHUSDT (Caused by NameResolutionError("HTTPSConnection(host='testnet.binance.vision', port=443): Failed to resolve 'testnet.binance.vision' ([Errno 11001] getaddrinfo failed)"))
2026-01-31 17:48:33,941 ERROR [Trader] Error during trade cycle: HTTPSConnectionPool(host='testnet.binance.vision', port=443): Max retries exceeded with url: /api/v3/ticker/price?symbol=ETHUSDT (Caused by NameResolutionError("HTTPSConnection(host='testnet.binance.vision', port=443): Failed to resolve 'testnet.binance.vision' ([Errno 11001] getaddrinfo failed)"))
Traceback (most recent call last):
  File "C:\Users\USCHIP\Desktop\bothat\bothat\.venv\lib\site-packages\urllib3\connection.py", line 204, in _new_conn
    sock = connection.create_connection(
  File "C:\Users\USCHIP\Desktop\bothat\bothat\.venv\lib\site-packages\urllib3\util\connection.py", line 60, in create_connection
    for res in socket.getaddrinfo(host, port, family, socket.SOCK_STREAM):
  File "C:\Users\USCHIP\AppData\Local\Programs\Python\Python310\lib\socket.py", line 955, in getaddrinfo
    for res in _socket.getaddrinfo(host, port, family, type, proto, flags):
socket.gaierror: [Errno 11001] getaddrinfo failed

The above exception was the direct cause of the following exception:

Traceback (most recent call last):
  File "C:\Users\USCHIP\Desktop\bothat\bothat\.venv\lib\site-packages\urllib3\connectionpool.py", line 787, in urlopen
    response = self._make_request(
  File "C:\Users\USCHIP\Desktop\bothat\bothat\.venv\lib\site-packages\urllib3\connectionpool.py", line 488, in _make_request
    raise new_e
  File "C:\Users\USCHIP\Desktop\bothat\bothat\.venv\lib\site-packages\urllib3\connectionpool.py", line 464, in _make_request
    self._validate_conn(conn)
  File "C:\Users\USCHIP\Desktop\bothat\bothat\.venv\lib\site-packages\urllib3\connectionpool.py", line 1093, in _validate_conn
    conn.connect()
  File "C:\Users\USCHIP\Desktop\bothat\bothat\.venv\lib\site-packages\urllib3\connection.py", line 759, in connect
    self.sock = sock = self._new_conn()
  File "C:\Users\USCHIP\Desktop\bothat\bothat\.venv\lib\site-packages\urllib3\connection.py", line 211, in _new_conn
    raise NameResolutionError(self.host, self, e) from e
urllib3.exceptions.NameResolutionError: HTTPSConnection(host='testnet.binance.vision', port=443): Failed to resolve 'testnet.binance.vision' ([Errno 11001] getaddrinfo failed)

The above exception was the direct cause of the following exception:

Traceback (most recent call last):
  File "C:\Users\USCHIP\Desktop\bothat\bothat\.venv\lib\site-packages\requests\adapters.py", line 644, in send
    resp = conn.urlopen(
  File "C:\Users\USCHIP\Desktop\bothat\bothat\.venv\lib\site-packages\urllib3\connectionpool.py", line 841, in urlopen
    retries = retries.increment(
  File "C:\Users\USCHIP\Desktop\bothat\bothat\.venv\lib\site-packages\urllib3\util\retry.py", line 535, in increment
    raise MaxRetryError(_pool, url, reason) from reason  # type: ignore[arg-type]
urllib3.exceptions.MaxRetryError: HTTPSConnectionPool(host='testnet.binance.vision', port=443): Max retries exceeded with url: /api/v3/ticker/price?symbol=ETHUSDT (Caused by NameResolutionError("HTTPSConnection(host='testnet.binance.vision', port=443): Failed to resolve 'testnet.binance.vision' ([Errno 11001] getaddrinfo failed)"))

During handling of the above exception, another exception occurred:

Traceback (most recent call last):
  File "C:\Users\USCHIP\Desktop\bothat\bothat\bot\trader.py", line 56, in _trade_cycle
    self._monitor_active_trade()
  File "C:\Users\USCHIP\Desktop\bothat\bothat\bot\trader.py", line 116, in _monitor_active_trade
    current_price = self.client.get_current_price(symbol)
  File "C:\Users\USCHIP\Desktop\bothat\bothat\utils\binance_client.py", line 29, in wrapped
    return fn(*args, **kwargs)
  File "C:\Users\USCHIP\Desktop\bothat\bothat\utils\binance_client.py", line 107, in get_current_price
    ticker = self._client.get_symbol_ticker(symbol=symbol)
  File "C:\Users\USCHIP\Desktop\bothat\bothat\.venv\lib\site-packages\binance\client.py", line 1242, in get_symbol_ticker
    return self._get("ticker/price", data=params)
  File "C:\Users\USCHIP\Desktop\bothat\bothat\.venv\lib\site-packages\binance\client.py", line 200, in _get
    return self._request_api("get", path, signed, version, **kwargs)
  File "C:\Users\USCHIP\Desktop\bothat\bothat\.venv\lib\site-packages\binance\client.py", line 134, in _request_api
    return self._request(method, uri, signed, **kwargs)
  File "C:\Users\USCHIP\Desktop\bothat\bothat\.venv\lib\site-packages\binance\client.py", line 92, in _request
    self.response = getattr(self.session, method)(uri, headers=headers, data=data, **kwargs)
  File "C:\Users\USCHIP\Desktop\bothat\bothat\.venv\lib\site-packages\requests\sessions.py", line 602, in get
    return self.request("GET", url, **kwargs)
  File "C:\Users\USCHIP\Desktop\bothat\bothat\.venv\lib\site-packages\requests\sessions.py", line 589, in request
    resp = self.send(prep, **send_kwargs)
  File "C:\Users\USCHIP\Desktop\bothat\bothat\.venv\lib\site-packages\requests\sessions.py", line 703, in send
    r = adapter.send(request, **kwargs)
  File "C:\Users\USCHIP\Desktop\bothat\bothat\.venv\lib\site-packages\requests\adapters.py", line 677, in send
    raise ConnectionError(e, request=request)
requests.exceptions.ConnectionError: HTTPSConnectionPool(host='testnet.binance.vision', port=443): Max retries exceeded with url: /api/v3/ticker/price?symbol=ETHUSDT (Caused by NameResolutionError("HTTPSConnection(host='testnet.binance.vision', port=443): Failed to resolve 'testnet.binance.vision' ([Errno 11001] getaddrinfo failed)"))
2026-01-31 17:49:05,658 ERROR [Trader] Error during trade cycle: HTTPSConnectionPool(host='testnet.binance.vision', port=443): Max retries exceeded with url: /api/v3/ticker/price?symbol=ETHUSDT (Caused by NameResolutionError("HTTPSConnection(host='testnet.binance.vision', port=443): Failed to resolve 'testnet.binance.vision' ([Errno 11001] getaddrinfo failed)"))
Traceback (most recent call last):
  File "C:\Users\USCHIP\Desktop\bothat\bothat\.venv\lib\site-packages\urllib3\connection.py", line 204, in _new_conn
    sock = connection.create_connection(
  File "C:\Users\USCHIP\Desktop\bothat\bothat\.venv\lib\site-packages\urllib3\util\connection.py", line 60, in create_connection
    for res in socket.getaddrinfo(host, port, family, socket.SOCK_STREAM):
  File "C:\Users\USCHIP\AppData\Local\Programs\Python\Python310\lib\socket.py", line 955, in getaddrinfo
    for res in _socket.getaddrinfo(host, port, family, type, proto, flags):
socket.gaierror: [Errno 11001] getaddrinfo failed

The above exception was the direct cause of the following exception:

Traceback (most recent call last):
  File "C:\Users\USCHIP\Desktop\bothat\bothat\.venv\lib\site-packages\urllib3\connectionpool.py", line 787, in urlopen
    response = self._make_request(
  File "C:\Users\USCHIP\Desktop\bothat\bothat\.venv\lib\site-packages\urllib3\connectionpool.py", line 488, in _make_request
    raise new_e
  File "C:\Users\USCHIP\Desktop\bothat\bothat\.venv\lib\site-packages\urllib3\connectionpool.py", line 464, in _make_request
    self._validate_conn(conn)
  File "C:\Users\USCHIP\Desktop\bothat\bothat\.venv\lib\site-packages\urllib3\connectionpool.py", line 1093, in _validate_conn
    conn.connect()
  File "C:\Users\USCHIP\Desktop\bothat\bothat\.venv\lib\site-packages\urllib3\connection.py", line 759, in connect
    self.sock = sock = self._new_conn()
  File "C:\Users\USCHIP\Desktop\bothat\bothat\.venv\lib\site-packages\urllib3\connection.py", line 211, in _new_conn
    raise NameResolutionError(self.host, self, e) from e
urllib3.exceptions.NameResolutionError: HTTPSConnection(host='testnet.binance.vision', port=443): Failed to resolve 'testnet.binance.vision' ([Errno 11001] getaddrinfo failed)

The above exception was the direct cause of the following exception:

Traceback (most recent call last):
  File "C:\Users\USCHIP\Desktop\bothat\bothat\.venv\lib\site-packages\requests\adapters.py", line 644, in send
    resp = conn.urlopen(
  File "C:\Users\USCHIP\Desktop\bothat\bothat\.venv\lib\site-packages\urllib3\connectionpool.py", line 841, in urlopen
    retries = retries.increment(
  File "C:\Users\USCHIP\Desktop\bothat\bothat\.venv\lib\site-packages\urllib3\util\retry.py", line 535, in increment
    raise MaxRetryError(_pool, url, reason) from reason  # type: ignore[arg-type]
urllib3.exceptions.MaxRetryError: HTTPSConnectionPool(host='testnet.binance.vision', port=443): Max retries exceeded with url: /api/v3/ticker/price?symbol=ETHUSDT (Caused by NameResolutionError("HTTPSConnection(host='testnet.binance.vision', port=443): Failed to resolve 'testnet.binance.vision' ([Errno 11001] getaddrinfo failed)"))

During handling of the above exception, another exception occurred:

Traceback (most recent call last):
  File "C:\Users\USCHIP\Desktop\bothat\bothat\bot\trader.py", line 56, in _trade_cycle
    self._monitor_active_trade()
  File "C:\Users\USCHIP\Desktop\bothat\bothat\bot\trader.py", line 116, in _monitor_active_trade
    current_price = self.client.get_current_price(symbol)
  File "C:\Users\USCHIP\Desktop\bothat\bothat\utils\binance_client.py", line 29, in wrapped
    return fn(*args, **kwargs)
  File "C:\Users\USCHIP\Desktop\bothat\bothat\utils\binance_client.py", line 107, in get_current_price
    ticker = self._client.get_symbol_ticker(symbol=symbol)
  File "C:\Users\USCHIP\Desktop\bothat\bothat\.venv\lib\site-packages\binance\client.py", line 1242, in get_symbol_ticker
    return self._get("ticker/price", data=params)
  File "C:\Users\USCHIP\Desktop\bothat\bothat\.venv\lib\site-packages\binance\client.py", line 200, in _get
    return self._request_api("get", path, signed, version, **kwargs)
  File "C:\Users\USCHIP\Desktop\bothat\bothat\.venv\lib\site-packages\binance\client.py", line 134, in _request_api
    return self._request(method, uri, signed, **kwargs)
  File "C:\Users\USCHIP\Desktop\bothat\bothat\.venv\lib\site-packages\binance\client.py", line 92, in _request
    self.response = getattr(self.session, method)(uri, headers=headers, data=data, **kwargs)
  File "C:\Users\USCHIP\Desktop\bothat\bothat\.venv\lib\site-packages\requests\sessions.py", line 602, in get
    return self.request("GET", url, **kwargs)
  File "C:\Users\USCHIP\Desktop\bothat\bothat\.venv\lib\site-packages\requests\sessions.py", line 589, in request
    resp = self.send(prep, **send_kwargs)
  File "C:\Users\USCHIP\Desktop\bothat\bothat\.venv\lib\site-packages\requests\sessions.py", line 703, in send
    r = adapter.send(request, **kwargs)
  File "C:\Users\USCHIP\Desktop\bothat\bothat\.venv\lib\site-packages\requests\adapters.py", line 677, in send
    raise ConnectionError(e, request=request)
requests.exceptions.ConnectionError: HTTPSConnectionPool(host='testnet.binance.vision', port=443): Max retries exceeded with url: /api/v3/ticker/price?symbol=ETHUSDT (Caused by NameResolutionError("HTTPSConnection(host='testnet.binance.vision', port=443): Failed to resolve 'testnet.binance.vision' ([Errno 11001] getaddrinfo failed)"))
2026-01-31 17:49:22,011 ERROR [Trader] Error during trade cycle: HTTPSConnectionPool(host='testnet.binance.vision', port=443): Max retries exceeded with url: /api/v3/ticker/price?symbol=ETHUSDT (Caused by NameResolutionError("HTTPSConnection(host='testnet.binance.vision', port=443): Failed to resolve 'testnet.binance.vision' ([Errno 11001] getaddrinfo failed)"))
Traceback (most recent call last):
  File "C:\Users\USCHIP\Desktop\bothat\bothat\.venv\lib\site-packages\urllib3\connection.py", line 204, in _new_conn
    sock = connection.create_connection(
  File "C:\Users\USCHIP\Desktop\bothat\bothat\.venv\lib\site-packages\urllib3\util\connection.py", line 60, in create_connection
    for res in socket.getaddrinfo(host, port, family, socket.SOCK_STREAM):
  File "C:\Users\USCHIP\AppData\Local\Programs\Python\Python310\lib\socket.py", line 955, in getaddrinfo
    for res in _socket.getaddrinfo(host, port, family, type, proto, flags):
socket.gaierror: [Errno 11001] getaddrinfo failed

The above exception was the direct cause of the following exception:

Traceback (most recent call last):
  File "C:\Users\USCHIP\Desktop\bothat\bothat\.venv\lib\site-packages\urllib3\connectionpool.py", line 787, in urlopen
    response = self._make_request(
  File "C:\Users\USCHIP\Desktop\bothat\bothat\.venv\lib\site-packages\urllib3\connectionpool.py", line 488, in _make_request
    raise new_e
  File "C:\Users\USCHIP\Desktop\bothat\bothat\.venv\lib\site-packages\urllib3\connectionpool.py", line 464, in _make_request
    self._validate_conn(conn)
  File "C:\Users\USCHIP\Desktop\bothat\bothat\.venv\lib\site-packages\urllib3\connectionpool.py", line 1093, in _validate_conn
    conn.connect()
  File "C:\Users\USCHIP\Desktop\bothat\bothat\.venv\lib\site-packages\urllib3\connection.py", line 759, in connect
    self.sock = sock = self._new_conn()
  File "C:\Users\USCHIP\Desktop\bothat\bothat\.venv\lib\site-packages\urllib3\connection.py", line 211, in _new_conn
    raise NameResolutionError(self.host, self, e) from e
urllib3.exceptions.NameResolutionError: HTTPSConnection(host='testnet.binance.vision', port=443): Failed to resolve 'testnet.binance.vision' ([Errno 11001] getaddrinfo failed)

The above exception was the direct cause of the following exception:

Traceback (most recent call last):
  File "C:\Users\USCHIP\Desktop\bothat\bothat\.venv\lib\site-packages\requests\adapters.py", line 644, in send
    resp = conn.urlopen(
  File "C:\Users\USCHIP\Desktop\bothat\bothat\.venv\lib\site-packages\urllib3\connectionpool.py", line 841, in urlopen
    retries = retries.increment(
  File "C:\Users\USCHIP\Desktop\bothat\bothat\.venv\lib\site-packages\urllib3\util\retry.py", line 535, in increment
    raise MaxRetryError(_pool, url, reason) from reason  # type: ignore[arg-type]
urllib3.exceptions.MaxRetryError: HTTPSConnectionPool(host='testnet.binance.vision', port=443): Max retries exceeded with url: /api/v3/ticker/price?symbol=ETHUSDT (Caused by NameResolutionError("HTTPSConnection(host='testnet.binance.vision', port=443): Failed to resolve 'testnet.binance.vision' ([Errno 11001] getaddrinfo failed)"))

During handling of the above exception, another exception occurred:

Traceback (most recent call last):
  File "C:\Users\USCHIP\Desktop\bothat\bothat\bot\trader.py", line 56, in _trade_cycle
    self._monitor_active_trade()
  File "C:\Users\USCHIP\Desktop\bothat\bothat\bot\trader.py", line 116, in _monitor_active_trade
    current_price = self.client.get_current_price(symbol)
  File "C:\Users\USCHIP\Desktop\bothat\bothat\utils\binance_client.py", line 29, in wrapped
    return fn(*args, **kwargs)
  File "C:\Users\USCHIP\Desktop\bothat\bothat\utils\binance_client.py", line 107, in get_current_price
    ticker = self._client.get_symbol_ticker(symbol=symbol)
  File "C:\Users\USCHIP\Desktop\bothat\bothat\.venv\lib\site-packages\binance\client.py", line 1242, in get_symbol_ticker
    return self._get("ticker/price", data=params)
  File "C:\Users\USCHIP\Desktop\bothat\bothat\.venv\lib\site-packages\binance\client.py", line 200, in _get
    return self._request_api("get", path, signed, version, **kwargs)
  File "C:\Users\USCHIP\Desktop\bothat\bothat\.venv\lib\site-packages\binance\client.py", line 134, in _request_api
    return self._request(method, uri, signed, **kwargs)
  File "C:\Users\USCHIP\Desktop\bothat\bothat\.venv\lib\site-packages\binance\client.py", line 92, in _request
    self.response = getattr(self.session, method)(uri, headers=headers, data=data, **kwargs)
  File "C:\Users\USCHIP\Desktop\bothat\bothat\.venv\lib\site-packages\requests\sessions.py", line 602, in get
    return self.request("GET", url, **kwargs)
  File "C:\Users\USCHIP\Desktop\bothat\bothat\.venv\lib\site-packages\requests\sessions.py", line 589, in request
    resp = self.send(prep, **send_kwargs)
  File "C:\Users\USCHIP\Desktop\bothat\bothat\.venv\lib\site-packages\requests\sessions.py", line 703, in send
    r = adapter.send(request, **kwargs)
  File "C:\Users\USCHIP\Desktop\bothat\bothat\.venv\lib\site-packages\requests\adapters.py", line 677, in send
    raise ConnectionError(e, request=request)
requests.exceptions.ConnectionError: HTTPSConnectionPool(host='testnet.binance.vision', port=443): Max retries exceeded with url: /api/v3/ticker/price?symbol=ETHUSDT (Caused by NameResolutionError("HTTPSConnection(host='testnet.binance.vision', port=443): Failed to resolve 'testnet.binance.vision' ([Errno 11001] getaddrinfo failed)"))
2026-01-31 17:49:36,263 ERROR [Trader] Error during trade cycle: HTTPSConnectionPool(host='testnet.binance.vision', port=443): Max retries exceeded with url: /api/v3/ticker/price?symbol=ETHUSDT (Caused by NameResolutionError("HTTPSConnection(host='testnet.binance.vision', port=443): Failed to resolve 'testnet.binance.vision' ([Errno 11001] getaddrinfo failed)"))
Traceback (most recent call last):
  File "C:\Users\USCHIP\Desktop\bothat\bothat\.venv\lib\site-packages\urllib3\connection.py", line 204, in _new_conn
    sock = connection.create_connection(
  File "C:\Users\USCHIP\Desktop\bothat\bothat\.venv\lib\site-packages\urllib3\util\connection.py", line 60, in create_connection
    for res in socket.getaddrinfo(host, port, family, socket.SOCK_STREAM):
  File "C:\Users\USCHIP\AppData\Local\Programs\Python\Python310\lib\socket.py", line 955, in getaddrinfo
    for res in _socket.getaddrinfo(host, port, family, type, proto, flags):
socket.gaierror: [Errno 11001] getaddrinfo failed

The above exception was the direct cause of the following exception:

Traceback (most recent call last):
  File "C:\Users\USCHIP\Desktop\bothat\bothat\.venv\lib\site-packages\urllib3\connectionpool.py", line 787, in urlopen
    response = self._make_request(
  File "C:\Users\USCHIP\Desktop\bothat\bothat\.venv\lib\site-packages\urllib3\connectionpool.py", line 488, in _make_request
    raise new_e
  File "C:\Users\USCHIP\Desktop\bothat\bothat\.venv\lib\site-packages\urllib3\connectionpool.py", line 464, in _make_request
    self._validate_conn(conn)
  File "C:\Users\USCHIP\Desktop\bothat\bothat\.venv\lib\site-packages\urllib3\connectionpool.py", line 1093, in _validate_conn
    conn.connect()
  File "C:\Users\USCHIP\Desktop\bothat\bothat\.venv\lib\site-packages\urllib3\connection.py", line 759, in connect
    self.sock = sock = self._new_conn()
  File "C:\Users\USCHIP\Desktop\bothat\bothat\.venv\lib\site-packages\urllib3\connection.py", line 211, in _new_conn
    raise NameResolutionError(self.host, self, e) from e
urllib3.exceptions.NameResolutionError: HTTPSConnection(host='testnet.binance.vision', port=443): Failed to resolve 'testnet.binance.vision' ([Errno 11001] getaddrinfo failed)

The above exception was the direct cause of the following exception:

Traceback (most recent call last):
  File "C:\Users\USCHIP\Desktop\bothat\bothat\.venv\lib\site-packages\requests\adapters.py", line 644, in send
    resp = conn.urlopen(
  File "C:\Users\USCHIP\Desktop\bothat\bothat\.venv\lib\site-packages\urllib3\connectionpool.py", line 841, in urlopen
    retries = retries.increment(
  File "C:\Users\USCHIP\Desktop\bothat\bothat\.venv\lib\site-packages\urllib3\util\retry.py", line 535, in increment
    raise MaxRetryError(_pool, url, reason) from reason  # type: ignore[arg-type]
urllib3.exceptions.MaxRetryError: HTTPSConnectionPool(host='testnet.binance.vision', port=443): Max retries exceeded with url: /api/v3/ticker/price?symbol=ETHUSDT (Caused by NameResolutionError("HTTPSConnection(host='testnet.binance.vision', port=443): Failed to resolve 'testnet.binance.vision' ([Errno 11001] getaddrinfo failed)"))

During handling of the above exception, another exception occurred:

Traceback (most recent call last):
  File "C:\Users\USCHIP\Desktop\bothat\bothat\bot\trader.py", line 56, in _trade_cycle
    self._monitor_active_trade()
  File "C:\Users\USCHIP\Desktop\bothat\bothat\bot\trader.py", line 116, in _monitor_active_trade
    current_price = self.client.get_current_price(symbol)
  File "C:\Users\USCHIP\Desktop\bothat\bothat\utils\binance_client.py", line 29, in wrapped
    return fn(*args, **kwargs)
  File "C:\Users\USCHIP\Desktop\bothat\bothat\utils\binance_client.py", line 107, in get_current_price
    ticker = self._client.get_symbol_ticker(symbol=symbol)
  File "C:\Users\USCHIP\Desktop\bothat\bothat\.venv\lib\site-packages\binance\client.py", line 1242, in get_symbol_ticker
    return self._get("ticker/price", data=params)
  File "C:\Users\USCHIP\Desktop\bothat\bothat\.venv\lib\site-packages\binance\client.py", line 200, in _get
    return self._request_api("get", path, signed, version, **kwargs)
  File "C:\Users\USCHIP\Desktop\bothat\bothat\.venv\lib\site-packages\binance\client.py", line 134, in _request_api
    return self._request(method, uri, signed, **kwargs)
  File "C:\Users\USCHIP\Desktop\bothat\bothat\.venv\lib\site-packages\binance\client.py", line 92, in _request
    self.response = getattr(self.session, method)(uri, headers=headers, data=data, **kwargs)
  File "C:\Users\USCHIP\Desktop\bothat\bothat\.venv\lib\site-packages\requests\sessions.py", line 602, in get
    return self.request("GET", url, **kwargs)
  File "C:\Users\USCHIP\Desktop\bothat\bothat\.venv\lib\site-packages\requests\sessions.py", line 589, in request
    resp = self.send(prep, **send_kwargs)
  File "C:\Users\USCHIP\Desktop\bothat\bothat\.venv\lib\site-packages\requests\sessions.py", line 703, in send
    r = adapter.send(request, **kwargs)
  File "C:\Users\USCHIP\Desktop\bothat\bothat\.venv\lib\site-packages\requests\adapters.py", line 677, in send
    raise ConnectionError(e, request=request)
requests.exceptions.ConnectionError: HTTPSConnectionPool(host='testnet.binance.vision', port=443): Max retries exceeded with url: /api/v3/ticker/price?symbol=ETHUSDT (Caused by NameResolutionError("HTTPSConnection(host='testnet.binance.vision', port=443): Failed to resolve 'testnet.binance.vision' ([Errno 11001] getaddrinfo failed)"))
2026-01-31 17:49:54,073 ERROR [Trader] Error during trade cycle: HTTPSConnectionPool(host='testnet.binance.vision', port=443): Max retries exceeded with url: /api/v3/ticker/price?symbol=ETHUSDT (Caused by NameResolutionError("HTTPSConnection(host='testnet.binance.vision', port=443): Failed to resolve 'testnet.binance.vision' ([Errno 11001] getaddrinfo failed)"))
Traceback (most recent call last):
  File "C:\Users\USCHIP\Desktop\bothat\bothat\.venv\lib\site-packages\urllib3\connection.py", line 204, in _new_conn
    sock = connection.create_connection(
  File "C:\Users\USCHIP\Desktop\bothat\bothat\.venv\lib\site-packages\urllib3\util\connection.py", line 60, in create_connection
    for res in socket.getaddrinfo(host, port, family, socket.SOCK_STREAM):
  File "C:\Users\USCHIP\AppData\Local\Programs\Python\Python310\lib\socket.py", line 955, in getaddrinfo
    for res in _socket.getaddrinfo(host, port, family, type, proto, flags):
socket.gaierror: [Errno 11001] getaddrinfo failed

The above exception was the direct cause of the following exception:

Traceback (most recent call last):
  File "C:\Users\USCHIP\Desktop\bothat\bothat\.venv\lib\site-packages\urllib3\connectionpool.py", line 787, in urlopen
    response = self._make_request(
  File "C:\Users\USCHIP\Desktop\bothat\bothat\.venv\lib\site-packages\urllib3\connectionpool.py", line 488, in _make_request
    raise new_e
  File "C:\Users\USCHIP\Desktop\bothat\bothat\.venv\lib\site-packages\urllib3\connectionpool.py", line 464, in _make_request
    self._validate_conn(conn)
  File "C:\Users\USCHIP\Desktop\bothat\bothat\.venv\lib\site-packages\urllib3\connectionpool.py", line 1093, in _validate_conn
    conn.connect()
  File "C:\Users\USCHIP\Desktop\bothat\bothat\.venv\lib\site-packages\urllib3\connection.py", line 759, in connect
    self.sock = sock = self._new_conn()
  File "C:\Users\USCHIP\Desktop\bothat\bothat\.venv\lib\site-packages\urllib3\connection.py", line 211, in _new_conn
    raise NameResolutionError(self.host, self, e) from e
urllib3.exceptions.NameResolutionError: HTTPSConnection(host='testnet.binance.vision', port=443): Failed to resolve 'testnet.binance.vision' ([Errno 11001] getaddrinfo failed)

The above exception was the direct cause of the following exception:

Traceback (most recent call last):
  File "C:\Users\USCHIP\Desktop\bothat\bothat\.venv\lib\site-packages\requests\adapters.py", line 644, in send
    resp = conn.urlopen(
  File "C:\Users\USCHIP\Desktop\bothat\bothat\.venv\lib\site-packages\urllib3\connectionpool.py", line 841, in urlopen
    retries = retries.increment(
  File "C:\Users\USCHIP\Desktop\bothat\bothat\.venv\lib\site-packages\urllib3\util\retry.py", line 535, in increment
    raise MaxRetryError(_pool, url, reason) from reason  # type: ignore[arg-type]
urllib3.exceptions.MaxRetryError: HTTPSConnectionPool(host='testnet.binance.vision', port=443): Max retries exceeded with url: /api/v3/ticker/price?symbol=ETHUSDT (Caused by NameResolutionError("HTTPSConnection(host='testnet.binance.vision', port=443): Failed to resolve 'testnet.binance.vision' ([Errno 11001] getaddrinfo failed)"))

During handling of the above exception, another exception occurred:

Traceback (most recent call last):
  File "C:\Users\USCHIP\Desktop\bothat\bothat\bot\trader.py", line 56, in _trade_cycle
    self._monitor_active_trade()
  File "C:\Users\USCHIP\Desktop\bothat\bothat\bot\trader.py", line 116, in _monitor_active_trade
    current_price = self.client.get_current_price(symbol)
  File "C:\Users\USCHIP\Desktop\bothat\bothat\utils\binance_client.py", line 29, in wrapped
    return fn(*args, **kwargs)
  File "C:\Users\USCHIP\Desktop\bothat\bothat\utils\binance_client.py", line 107, in get_current_price
    ticker = self._client.get_symbol_ticker(symbol=symbol)
  File "C:\Users\USCHIP\Desktop\bothat\bothat\.venv\lib\site-packages\binance\client.py", line 1242, in get_symbol_ticker
    return self._get("ticker/price", data=params)
  File "C:\Users\USCHIP\Desktop\bothat\bothat\.venv\lib\site-packages\binance\client.py", line 200, in _get
    return self._request_api("get", path, signed, version, **kwargs)
  File "C:\Users\USCHIP\Desktop\bothat\bothat\.venv\lib\site-packages\binance\client.py", line 134, in _request_api
    return self._request(method, uri, signed, **kwargs)
  File "C:\Users\USCHIP\Desktop\bothat\bothat\.venv\lib\site-packages\binance\client.py", line 92, in _request
    self.response = getattr(self.session, method)(uri, headers=headers, data=data, **kwargs)
  File "C:\Users\USCHIP\Desktop\bothat\bothat\.venv\lib\site-packages\requests\sessions.py", line 602, in get
    return self.request("GET", url, **kwargs)
  File "C:\Users\USCHIP\Desktop\bothat\bothat\.venv\lib\site-packages\requests\sessions.py", line 589, in request
    resp = self.send(prep, **send_kwargs)
  File "C:\Users\USCHIP\Desktop\bothat\bothat\.venv\lib\site-packages\requests\sessions.py", line 703, in send
    r = adapter.send(request, **kwargs)
  File "C:\Users\USCHIP\Desktop\bothat\bothat\.venv\lib\site-packages\requests\adapters.py", line 677, in send
    raise ConnectionError(e, request=request)
requests.exceptions.ConnectionError: HTTPSConnectionPool(host='testnet.binance.vision', port=443): Max retries exceeded with url: /api/v3/ticker/price?symbol=ETHUSDT (Caused by NameResolutionError("HTTPSConnection(host='testnet.binance.vision', port=443): Failed to resolve 'testnet.binance.vision' ([Errno 11001] getaddrinfo failed)"))
2026-01-31 17:50:22,879 ERROR [Trader] Error during trade cycle: HTTPSConnectionPool(host='testnet.binance.vision', port=443): Max retries exceeded with url: /api/v3/ticker/price?symbol=ETHUSDT (Caused by NameResolutionError("HTTPSConnection(host='testnet.binance.vision', port=443): Failed to resolve 'testnet.binance.vision' ([Errno 11001] getaddrinfo failed)"))
Traceback (most recent call last):
  File "C:\Users\USCHIP\Desktop\bothat\bothat\.venv\lib\site-packages\urllib3\connection.py", line 204, in _new_conn
    sock = connection.create_connection(
  File "C:\Users\USCHIP\Desktop\bothat\bothat\.venv\lib\site-packages\urllib3\util\connection.py", line 60, in create_connection
    for res in socket.getaddrinfo(host, port, family, socket.SOCK_STREAM):
  File "C:\Users\USCHIP\AppData\Local\Programs\Python\Python310\lib\socket.py", line 955, in getaddrinfo
    for res in _socket.getaddrinfo(host, port, family, type, proto, flags):
socket.gaierror: [Errno 11001] getaddrinfo failed

The above exception was the direct cause of the following exception:

Traceback (most recent call last):
  File "C:\Users\USCHIP\Desktop\bothat\bothat\.venv\lib\site-packages\urllib3\connectionpool.py", line 787, in urlopen
    response = self._make_request(
  File "C:\Users\USCHIP\Desktop\bothat\bothat\.venv\lib\site-packages\urllib3\connectionpool.py", line 488, in _make_request
    raise new_e
  File "C:\Users\USCHIP\Desktop\bothat\bothat\.venv\lib\site-packages\urllib3\connectionpool.py", line 464, in _make_request
    self._validate_conn(conn)
  File "C:\Users\USCHIP\Desktop\bothat\bothat\.venv\lib\site-packages\urllib3\connectionpool.py", line 1093, in _validate_conn
    conn.connect()
  File "C:\Users\USCHIP\Desktop\bothat\bothat\.venv\lib\site-packages\urllib3\connection.py", line 759, in connect
    self.sock = sock = self._new_conn()
  File "C:\Users\USCHIP\Desktop\bothat\bothat\.venv\lib\site-packages\urllib3\connection.py", line 211, in _new_conn
    raise NameResolutionError(self.host, self, e) from e
urllib3.exceptions.NameResolutionError: HTTPSConnection(host='testnet.binance.vision', port=443): Failed to resolve 'testnet.binance.vision' ([Errno 11001] getaddrinfo failed)

The above exception was the direct cause of the following exception:

Traceback (most recent call last):
  File "C:\Users\USCHIP\Desktop\bothat\bothat\.venv\lib\site-packages\requests\adapters.py", line 644, in send
    resp = conn.urlopen(
  File "C:\Users\USCHIP\Desktop\bothat\bothat\.venv\lib\site-packages\urllib3\connectionpool.py", line 841, in urlopen
    retries = retries.increment(
  File "C:\Users\USCHIP\Desktop\bothat\bothat\.venv\lib\site-packages\urllib3\util\retry.py", line 535, in increment
    raise MaxRetryError(_pool, url, reason) from reason  # type: ignore[arg-type]
urllib3.exceptions.MaxRetryError: HTTPSConnectionPool(host='testnet.binance.vision', port=443): Max retries exceeded with url: /api/v3/ticker/price?symbol=ETHUSDT (Caused by NameResolutionError("HTTPSConnection(host='testnet.binance.vision', port=443): Failed to resolve 'testnet.binance.vision' ([Errno 11001] getaddrinfo failed)"))

During handling of the above exception, another exception occurred:

Traceback (most recent call last):
  File "C:\Users\USCHIP\Desktop\bothat\bothat\bot\trader.py", line 56, in _trade_cycle
    self._monitor_active_trade()
  File "C:\Users\USCHIP\Desktop\bothat\bothat\bot\trader.py", line 116, in _monitor_active_trade
    current_price = self.client.get_current_price(symbol)
  File "C:\Users\USCHIP\Desktop\bothat\bothat\utils\binance_client.py", line 29, in wrapped
    return fn(*args, **kwargs)
  File "C:\Users\USCHIP\Desktop\bothat\bothat\utils\binance_client.py", line 107, in get_current_price
    ticker = self._client.get_symbol_ticker(symbol=symbol)
  File "C:\Users\USCHIP\Desktop\bothat\bothat\.venv\lib\site-packages\binance\client.py", line 1242, in get_symbol_ticker
    return self._get("ticker/price", data=params)
  File "C:\Users\USCHIP\Desktop\bothat\bothat\.venv\lib\site-packages\binance\client.py", line 200, in _get
    return self._request_api("get", path, signed, version, **kwargs)
  File "C:\Users\USCHIP\Desktop\bothat\bothat\.venv\lib\site-packages\binance\client.py", line 134, in _request_api
    return self._request(method, uri, signed, **kwargs)
  File "C:\Users\USCHIP\Desktop\bothat\bothat\.venv\lib\site-packages\binance\client.py", line 92, in _request
    self.response = getattr(self.session, method)(uri, headers=headers, data=data, **kwargs)
  File "C:\Users\USCHIP\Desktop\bothat\bothat\.venv\lib\site-packages\requests\sessions.py", line 602, in get
    return self.request("GET", url, **kwargs)
  File "C:\Users\USCHIP\Desktop\bothat\bothat\.venv\lib\site-packages\requests\sessions.py", line 589, in request
    resp = self.send(prep, **send_kwargs)
  File "C:\Users\USCHIP\Desktop\bothat\bothat\.venv\lib\site-packages\requests\sessions.py", line 703, in send
    r = adapter.send(request, **kwargs)
  File "C:\Users\USCHIP\Desktop\bothat\bothat\.venv\lib\site-packages\requests\adapters.py", line 677, in send
    raise ConnectionError(e, request=request)
requests.exceptions.ConnectionError: HTTPSConnectionPool(host='testnet.binance.vision', port=443): Max retries exceeded with url: /api/v3/ticker/price?symbol=ETHUSDT (Caused by NameResolutionError("HTTPSConnection(host='testnet.binance.vision', port=443): Failed to resolve 'testnet.binance.vision' ([Errno 11001] getaddrinfo failed)"))
2026-01-31 17:50:44,568 ERROR [Trader] Error during trade cycle: HTTPSConnectionPool(host='testnet.binance.vision', port=443): Max retries exceeded with url: /api/v3/ticker/price?symbol=ETHUSDT (Caused by NameResolutionError("HTTPSConnection(host='testnet.binance.vision', port=443): Failed to resolve 'testnet.binance.vision' ([Errno 11001] getaddrinfo failed)"))
Traceback (most recent call last):
  File "C:\Users\USCHIP\Desktop\bothat\bothat\.venv\lib\site-packages\urllib3\connection.py", line 204, in _new_conn
    sock = connection.create_connection(
  File "C:\Users\USCHIP\Desktop\bothat\bothat\.venv\lib\site-packages\urllib3\util\connection.py", line 60, in create_connection
    for res in socket.getaddrinfo(host, port, family, socket.SOCK_STREAM):
  File "C:\Users\USCHIP\AppData\Local\Programs\Python\Python310\lib\socket.py", line 955, in getaddrinfo
    for res in _socket.getaddrinfo(host, port, family, type, proto, flags):
socket.gaierror: [Errno 11001] getaddrinfo failed

The above exception was the direct cause of the following exception:

Traceback (most recent call last):
  File "C:\Users\USCHIP\Desktop\bothat\bothat\.venv\lib\site-packages\urllib3\connectionpool.py", line 787, in urlopen
    response = self._make_request(
  File "C:\Users\USCHIP\Desktop\bothat\bothat\.venv\lib\site-packages\urllib3\connectionpool.py", line 488, in _make_request
    raise new_e
  File "C:\Users\USCHIP\Desktop\bothat\bothat\.venv\lib\site-packages\urllib3\connectionpool.py", line 464, in _make_request
    self._validate_conn(conn)
  File "C:\Users\USCHIP\Desktop\bothat\bothat\.venv\lib\site-packages\urllib3\connectionpool.py", line 1093, in _validate_conn
    conn.connect()
  File "C:\Users\USCHIP\Desktop\bothat\bothat\.venv\lib\site-packages\urllib3\connection.py", line 759, in connect
    self.sock = sock = self._new_conn()
  File "C:\Users\USCHIP\Desktop\bothat\bothat\.venv\lib\site-packages\urllib3\connection.py", line 211, in _new_conn
    raise NameResolutionError(self.host, self, e) from e
urllib3.exceptions.NameResolutionError: HTTPSConnection(host='testnet.binance.vision', port=443): Failed to resolve 'testnet.binance.vision' ([Errno 11001] getaddrinfo failed)

The above exception was the direct cause of the following exception:

Traceback (most recent call last):
  File "C:\Users\USCHIP\Desktop\bothat\bothat\.venv\lib\site-packages\requests\adapters.py", line 644, in send
    resp = conn.urlopen(
  File "C:\Users\USCHIP\Desktop\bothat\bothat\.venv\lib\site-packages\urllib3\connectionpool.py", line 841, in urlopen
    retries = retries.increment(
  File "C:\Users\USCHIP\Desktop\bothat\bothat\.venv\lib\site-packages\urllib3\util\retry.py", line 535, in increment
    raise MaxRetryError(_pool, url, reason) from reason  # type: ignore[arg-type]
urllib3.exceptions.MaxRetryError: HTTPSConnectionPool(host='testnet.binance.vision', port=443): Max retries exceeded with url: /api/v3/ticker/price?symbol=ETHUSDT (Caused by NameResolutionError("HTTPSConnection(host='testnet.binance.vision', port=443): Failed to resolve 'testnet.binance.vision' ([Errno 11001] getaddrinfo failed)"))

During handling of the above exception, another exception occurred:

Traceback (most recent call last):
  File "C:\Users\USCHIP\Desktop\bothat\bothat\bot\trader.py", line 56, in _trade_cycle
    self._monitor_active_trade()
  File "C:\Users\USCHIP\Desktop\bothat\bothat\bot\trader.py", line 116, in _monitor_active_trade
    current_price = self.client.get_current_price(symbol)
  File "C:\Users\USCHIP\Desktop\bothat\bothat\utils\binance_client.py", line 29, in wrapped
    return fn(*args, **kwargs)
  File "C:\Users\USCHIP\Desktop\bothat\bothat\utils\binance_client.py", line 107, in get_current_price
    ticker = self._client.get_symbol_ticker(symbol=symbol)
  File "C:\Users\USCHIP\Desktop\bothat\bothat\.venv\lib\site-packages\binance\client.py", line 1242, in get_symbol_ticker
    return self._get("ticker/price", data=params)
  File "C:\Users\USCHIP\Desktop\bothat\bothat\.venv\lib\site-packages\binance\client.py", line 200, in _get
    return self._request_api("get", path, signed, version, **kwargs)
  File "C:\Users\USCHIP\Desktop\bothat\bothat\.venv\lib\site-packages\binance\client.py", line 134, in _request_api
    return self._request(method, uri, signed, **kwargs)
  File "C:\Users\USCHIP\Desktop\bothat\bothat\.venv\lib\site-packages\binance\client.py", line 92, in _request
    self.response = getattr(self.session, method)(uri, headers=headers, data=data, **kwargs)
  File "C:\Users\USCHIP\Desktop\bothat\bothat\.venv\lib\site-packages\requests\sessions.py", line 602, in get
    return self.request("GET", url, **kwargs)
  File "C:\Users\USCHIP\Desktop\bothat\bothat\.venv\lib\site-packages\requests\sessions.py", line 589, in request
    resp = self.send(prep, **send_kwargs)
  File "C:\Users\USCHIP\Desktop\bothat\bothat\.venv\lib\site-packages\requests\sessions.py", line 703, in send
    r = adapter.send(request, **kwargs)
  File "C:\Users\USCHIP\Desktop\bothat\bothat\.venv\lib\site-packages\requests\adapters.py", line 677, in send
    raise ConnectionError(e, request=request)
requests.exceptions.ConnectionError: HTTPSConnectionPool(host='testnet.binance.vision', port=443): Max retries exceeded with url: /api/v3/ticker/price?symbol=ETHUSDT (Caused by NameResolutionError("HTTPSConnection(host='testnet.binance.vision', port=443): Failed to resolve 'testnet.binance.vision' ([Errno 11001] getaddrinfo failed)"))
2026-01-31 17:51:01,865 ERROR [Trader] Error during trade cycle: HTTPSConnectionPool(host='testnet.binance.vision', port=443): Max retries exceeded with url: /api/v3/ticker/price?symbol=ETHUSDT (Caused by NameResolutionError("HTTPSConnection(host='testnet.binance.vision', port=443): Failed to resolve 'testnet.binance.vision' ([Errno 11001] getaddrinfo failed)"))
Traceback (most recent call last):
  File "C:\Users\USCHIP\Desktop\bothat\bothat\.venv\lib\site-packages\urllib3\connection.py", line 204, in _new_conn
    sock = connection.create_connection(
  File "C:\Users\USCHIP\Desktop\bothat\bothat\.venv\lib\site-packages\urllib3\util\connection.py", line 60, in create_connection
    for res in socket.getaddrinfo(host, port, family, socket.SOCK_STREAM):
  File "C:\Users\USCHIP\AppData\Local\Programs\Python\Python310\lib\socket.py", line 955, in getaddrinfo
    for res in _socket.getaddrinfo(host, port, family, type, proto, flags):
socket.gaierror: [Errno 11001] getaddrinfo failed

The above exception was the direct cause of the following exception:

Traceback (most recent call last):
  File "C:\Users\USCHIP\Desktop\bothat\bothat\.venv\lib\site-packages\urllib3\connectionpool.py", line 787, in urlopen
    response = self._make_request(
  File "C:\Users\USCHIP\Desktop\bothat\bothat\.venv\lib\site-packages\urllib3\connectionpool.py", line 488, in _make_request
    raise new_e
  File "C:\Users\USCHIP\Desktop\bothat\bothat\.venv\lib\site-packages\urllib3\connectionpool.py", line 464, in _make_request
    self._validate_conn(conn)
  File "C:\Users\USCHIP\Desktop\bothat\bothat\.venv\lib\site-packages\urllib3\connectionpool.py", line 1093, in _validate_conn
    conn.connect()
  File "C:\Users\USCHIP\Desktop\bothat\bothat\.venv\lib\site-packages\urllib3\connection.py", line 759, in connect
    self.sock = sock = self._new_conn()
  File "C:\Users\USCHIP\Desktop\bothat\bothat\.venv\lib\site-packages\urllib3\connection.py", line 211, in _new_conn
    raise NameResolutionError(self.host, self, e) from e
urllib3.exceptions.NameResolutionError: HTTPSConnection(host='testnet.binance.vision', port=443): Failed to resolve 'testnet.binance.vision' ([Errno 11001] getaddrinfo failed)

The above exception was the direct cause of the following exception:

Traceback (most recent call last):
  File "C:\Users\USCHIP\Desktop\bothat\bothat\.venv\lib\site-packages\requests\adapters.py", line 644, in send
    resp = conn.urlopen(
  File "C:\Users\USCHIP\Desktop\bothat\bothat\.venv\lib\site-packages\urllib3\connectionpool.py", line 841, in urlopen
    retries = retries.increment(
  File "C:\Users\USCHIP\Desktop\bothat\bothat\.venv\lib\site-packages\urllib3\util\retry.py", line 535, in increment
    raise MaxRetryError(_pool, url, reason) from reason  # type: ignore[arg-type]
urllib3.exceptions.MaxRetryError: HTTPSConnectionPool(host='testnet.binance.vision', port=443): Max retries exceeded with url: /api/v3/ticker/price?symbol=ETHUSDT (Caused by NameResolutionError("HTTPSConnection(host='testnet.binance.vision', port=443): Failed to resolve 'testnet.binance.vision' ([Errno 11001] getaddrinfo failed)"))

During handling of the above exception, another exception occurred:

Traceback (most recent call last):
  File "C:\Users\USCHIP\Desktop\bothat\bothat\bot\trader.py", line 56, in _trade_cycle
    self._monitor_active_trade()
  File "C:\Users\USCHIP\Desktop\bothat\bothat\bot\trader.py", line 116, in _monitor_active_trade
    current_price = self.client.get_current_price(symbol)
  File "C:\Users\USCHIP\Desktop\bothat\bothat\utils\binance_client.py", line 29, in wrapped
    return fn(*args, **kwargs)
  File "C:\Users\USCHIP\Desktop\bothat\bothat\utils\binance_client.py", line 107, in get_current_price
    ticker = self._client.get_symbol_ticker(symbol=symbol)
  File "C:\Users\USCHIP\Desktop\bothat\bothat\.venv\lib\site-packages\binance\client.py", line 1242, in get_symbol_ticker
    return self._get("ticker/price", data=params)
  File "C:\Users\USCHIP\Desktop\bothat\bothat\.venv\lib\site-packages\binance\client.py", line 200, in _get
    return self._request_api("get", path, signed, version, **kwargs)
  File "C:\Users\USCHIP\Desktop\bothat\bothat\.venv\lib\site-packages\binance\client.py", line 134, in _request_api
    return self._request(method, uri, signed, **kwargs)
  File "C:\Users\USCHIP\Desktop\bothat\bothat\.venv\lib\site-packages\binance\client.py", line 92, in _request
    self.response = getattr(self.session, method)(uri, headers=headers, data=data, **kwargs)
  File "C:\Users\USCHIP\Desktop\bothat\bothat\.venv\lib\site-packages\requests\sessions.py", line 602, in get
    return self.request("GET", url, **kwargs)
  File "C:\Users\USCHIP\Desktop\bothat\bothat\.venv\lib\site-packages\requests\sessions.py", line 589, in request
    resp = self.send(prep, **send_kwargs)
  File "C:\Users\USCHIP\Desktop\bothat\bothat\.venv\lib\site-packages\requests\sessions.py", line 703, in send
    r = adapter.send(request, **kwargs)
  File "C:\Users\USCHIP\Desktop\bothat\bothat\.venv\lib\site-packages\requests\adapters.py", line 677, in send
    raise ConnectionError(e, request=request)
requests.exceptions.ConnectionError: HTTPSConnectionPool(host='testnet.binance.vision', port=443): Max retries exceeded with url: /api/v3/ticker/price?symbol=ETHUSDT (Caused by NameResolutionError("HTTPSConnection(host='testnet.binance.vision', port=443): Failed to resolve 'testnet.binance.vision' ([Errno 11001] getaddrinfo failed)"))
2026-01-31 17:51:21,336 ERROR [Trader] Error during trade cycle: HTTPSConnectionPool(host='testnet.binance.vision', port=443): Max retries exceeded with url: /api/v3/ticker/price?symbol=ETHUSDT (Caused by NameResolutionError("HTTPSConnection(host='testnet.binance.vision', port=443): Failed to resolve 'testnet.binance.vision' ([Errno 11001] getaddrinfo failed)"))
Traceback (most recent call last):
  File "C:\Users\USCHIP\Desktop\bothat\bothat\.venv\lib\site-packages\urllib3\connection.py", line 204, in _new_conn
    sock = connection.create_connection(
  File "C:\Users\USCHIP\Desktop\bothat\bothat\.venv\lib\site-packages\urllib3\util\connection.py", line 60, in create_connection
    for res in socket.getaddrinfo(host, port, family, socket.SOCK_STREAM):
  File "C:\Users\USCHIP\AppData\Local\Programs\Python\Python310\lib\socket.py", line 955, in getaddrinfo
    for res in _socket.getaddrinfo(host, port, family, type, proto, flags):
socket.gaierror: [Errno 11001] getaddrinfo failed

The above exception was the direct cause of the following exception:

Traceback (most recent call last):
  File "C:\Users\USCHIP\Desktop\bothat\bothat\.venv\lib\site-packages\urllib3\connectionpool.py", line 787, in urlopen
    response = self._make_request(
  File "C:\Users\USCHIP\Desktop\bothat\bothat\.venv\lib\site-packages\urllib3\connectionpool.py", line 488, in _make_request
    raise new_e
  File "C:\Users\USCHIP\Desktop\bothat\bothat\.venv\lib\site-packages\urllib3\connectionpool.py", line 464, in _make_request
    self._validate_conn(conn)
  File "C:\Users\USCHIP\Desktop\bothat\bothat\.venv\lib\site-packages\urllib3\connectionpool.py", line 1093, in _validate_conn
    conn.connect()
  File "C:\Users\USCHIP\Desktop\bothat\bothat\.venv\lib\site-packages\urllib3\connection.py", line 759, in connect
    self.sock = sock = self._new_conn()
  File "C:\Users\USCHIP\Desktop\bothat\bothat\.venv\lib\site-packages\urllib3\connection.py", line 211, in _new_conn
    raise NameResolutionError(self.host, self, e) from e
urllib3.exceptions.NameResolutionError: HTTPSConnection(host='testnet.binance.vision', port=443): Failed to resolve 'testnet.binance.vision' ([Errno 11001] getaddrinfo failed)

The above exception was the direct cause of the following exception:

Traceback (most recent call last):
  File "C:\Users\USCHIP\Desktop\bothat\bothat\.venv\lib\site-packages\requests\adapters.py", line 644, in send
    resp = conn.urlopen(
  File "C:\Users\USCHIP\Desktop\bothat\bothat\.venv\lib\site-packages\urllib3\connectionpool.py", line 841, in urlopen
    retries = retries.increment(
  File "C:\Users\USCHIP\Desktop\bothat\bothat\.venv\lib\site-packages\urllib3\util\retry.py", line 535, in increment
    raise MaxRetryError(_pool, url, reason) from reason  # type: ignore[arg-type]
urllib3.exceptions.MaxRetryError: HTTPSConnectionPool(host='testnet.binance.vision', port=443): Max retries exceeded with url: /api/v3/ticker/price?symbol=ETHUSDT (Caused by NameResolutionError("HTTPSConnection(host='testnet.binance.vision', port=443): Failed to resolve 'testnet.binance.vision' ([Errno 11001] getaddrinfo failed)"))

During handling of the above exception, another exception occurred:

Traceback (most recent call last):
  File "C:\Users\USCHIP\Desktop\bothat\bothat\bot\trader.py", line 56, in _trade_cycle
    self._monitor_active_trade()
  File "C:\Users\USCHIP\Desktop\bothat\bothat\bot\trader.py", line 116, in _monitor_active_trade
    current_price = self.client.get_current_price(symbol)
  File "C:\Users\USCHIP\Desktop\bothat\bothat\utils\binance_client.py", line 29, in wrapped
    return fn(*args, **kwargs)
  File "C:\Users\USCHIP\Desktop\bothat\bothat\utils\binance_client.py", line 107, in get_current_price
    ticker = self._client.get_symbol_ticker(symbol=symbol)
  File "C:\Users\USCHIP\Desktop\bothat\bothat\.venv\lib\site-packages\binance\client.py", line 1242, in get_symbol_ticker
    return self._get("ticker/price", data=params)
  File "C:\Users\USCHIP\Desktop\bothat\bothat\.venv\lib\site-packages\binance\client.py", line 200, in _get
    return self._request_api("get", path, signed, version, **kwargs)
  File "C:\Users\USCHIP\Desktop\bothat\bothat\.venv\lib\site-packages\binance\client.py", line 134, in _request_api
    return self._request(method, uri, signed, **kwargs)
  File "C:\Users\USCHIP\Desktop\bothat\bothat\.venv\lib\site-packages\binance\client.py", line 92, in _request
    self.response = getattr(self.session, method)(uri, headers=headers, data=data, **kwargs)
  File "C:\Users\USCHIP\Desktop\bothat\bothat\.venv\lib\site-packages\requests\sessions.py", line 602, in get
    return self.request("GET", url, **kwargs)
  File "C:\Users\USCHIP\Desktop\bothat\bothat\.venv\lib\site-packages\requests\sessions.py", line 589, in request
    resp = self.send(prep, **send_kwargs)
  File "C:\Users\USCHIP\Desktop\bothat\bothat\.venv\lib\site-packages\requests\sessions.py", line 703, in send
    r = adapter.send(request, **kwargs)
  File "C:\Users\USCHIP\Desktop\bothat\bothat\.venv\lib\site-packages\requests\adapters.py", line 677, in send
    raise ConnectionError(e, request=request)
requests.exceptions.ConnectionError: HTTPSConnectionPool(host='testnet.binance.vision', port=443): Max retries exceeded with url: /api/v3/ticker/price?symbol=ETHUSDT (Caused by NameResolutionError("HTTPSConnection(host='testnet.binance.vision', port=443): Failed to resolve 'testnet.binance.vision' ([Errno 11001] getaddrinfo failed)"))
2026-01-31 17:51:47,259 ERROR [Trader] Error during trade cycle: HTTPSConnectionPool(host='testnet.binance.vision', port=443): Max retries exceeded with url: /api/v3/ticker/price?symbol=ETHUSDT (Caused by NameResolutionError("HTTPSConnection(host='testnet.binance.vision', port=443): Failed to resolve 'testnet.binance.vision' ([Errno 11001] getaddrinfo failed)"))
Traceback (most recent call last):
  File "C:\Users\USCHIP\Desktop\bothat\bothat\.venv\lib\site-packages\urllib3\connection.py", line 204, in _new_conn
    sock = connection.create_connection(
  File "C:\Users\USCHIP\Desktop\bothat\bothat\.venv\lib\site-packages\urllib3\util\connection.py", line 60, in create_connection
    for res in socket.getaddrinfo(host, port, family, socket.SOCK_STREAM):
  File "C:\Users\USCHIP\AppData\Local\Programs\Python\Python310\lib\socket.py", line 955, in getaddrinfo
    for res in _socket.getaddrinfo(host, port, family, type, proto, flags):
socket.gaierror: [Errno 11001] getaddrinfo failed

The above exception was the direct cause of the following exception:

Traceback (most recent call last):
  File "C:\Users\USCHIP\Desktop\bothat\bothat\.venv\lib\site-packages\urllib3\connectionpool.py", line 787, in urlopen
    response = self._make_request(
  File "C:\Users\USCHIP\Desktop\bothat\bothat\.venv\lib\site-packages\urllib3\connectionpool.py", line 488, in _make_request
    raise new_e
  File "C:\Users\USCHIP\Desktop\bothat\bothat\.venv\lib\site-packages\urllib3\connectionpool.py", line 464, in _make_request
    self._validate_conn(conn)
  File "C:\Users\USCHIP\Desktop\bothat\bothat\.venv\lib\site-packages\urllib3\connectionpool.py", line 1093, in _validate_conn
    conn.connect()
  File "C:\Users\USCHIP\Desktop\bothat\bothat\.venv\lib\site-packages\urllib3\connection.py", line 759, in connect
    self.sock = sock = self._new_conn()
  File "C:\Users\USCHIP\Desktop\bothat\bothat\.venv\lib\site-packages\urllib3\connection.py", line 211, in _new_conn
    raise NameResolutionError(self.host, self, e) from e
urllib3.exceptions.NameResolutionError: HTTPSConnection(host='testnet.binance.vision', port=443): Failed to resolve 'testnet.binance.vision' ([Errno 11001] getaddrinfo failed)

The above exception was the direct cause of the following exception:

Traceback (most recent call last):
  File "C:\Users\USCHIP\Desktop\bothat\bothat\.venv\lib\site-packages\requests\adapters.py", line 644, in send
    resp = conn.urlopen(
  File "C:\Users\USCHIP\Desktop\bothat\bothat\.venv\lib\site-packages\urllib3\connectionpool.py", line 841, in urlopen
    retries = retries.increment(
  File "C:\Users\USCHIP\Desktop\bothat\bothat\.venv\lib\site-packages\urllib3\util\retry.py", line 535, in increment
    raise MaxRetryError(_pool, url, reason) from reason  # type: ignore[arg-type]
urllib3.exceptions.MaxRetryError: HTTPSConnectionPool(host='testnet.binance.vision', port=443): Max retries exceeded with url: /api/v3/ticker/price?symbol=ETHUSDT (Caused by NameResolutionError("HTTPSConnection(host='testnet.binance.vision', port=443): Failed to resolve 'testnet.binance.vision' ([Errno 11001] getaddrinfo failed)"))

During handling of the above exception, another exception occurred:

Traceback (most recent call last):
  File "C:\Users\USCHIP\Desktop\bothat\bothat\bot\trader.py", line 56, in _trade_cycle
    self._monitor_active_trade()
  File "C:\Users\USCHIP\Desktop\bothat\bothat\bot\trader.py", line 116, in _monitor_active_trade
    current_price = self.client.get_current_price(symbol)
  File "C:\Users\USCHIP\Desktop\bothat\bothat\utils\binance_client.py", line 29, in wrapped
    return fn(*args, **kwargs)
  File "C:\Users\USCHIP\Desktop\bothat\bothat\utils\binance_client.py", line 107, in get_current_price
    ticker = self._client.get_symbol_ticker(symbol=symbol)
  File "C:\Users\USCHIP\Desktop\bothat\bothat\.venv\lib\site-packages\binance\client.py", line 1242, in get_symbol_ticker
    return self._get("ticker/price", data=params)
  File "C:\Users\USCHIP\Desktop\bothat\bothat\.venv\lib\site-packages\binance\client.py", line 200, in _get
    return self._request_api("get", path, signed, version, **kwargs)
  File "C:\Users\USCHIP\Desktop\bothat\bothat\.venv\lib\site-packages\binance\client.py", line 134, in _request_api
    return self._request(method, uri, signed, **kwargs)
  File "C:\Users\USCHIP\Desktop\bothat\bothat\.venv\lib\site-packages\binance\client.py", line 92, in _request
    self.response = getattr(self.session, method)(uri, headers=headers, data=data, **kwargs)
  File "C:\Users\USCHIP\Desktop\bothat\bothat\.venv\lib\site-packages\requests\sessions.py", line 602, in get
    return self.request("GET", url, **kwargs)
  File "C:\Users\USCHIP\Desktop\bothat\bothat\.venv\lib\site-packages\requests\sessions.py", line 589, in request
    resp = self.send(prep, **send_kwargs)
  File "C:\Users\USCHIP\Desktop\bothat\bothat\.venv\lib\site-packages\requests\sessions.py", line 703, in send
    r = adapter.send(request, **kwargs)
  File "C:\Users\USCHIP\Desktop\bothat\bothat\.venv\lib\site-packages\requests\adapters.py", line 677, in send
    raise ConnectionError(e, request=request)
requests.exceptions.ConnectionError: HTTPSConnectionPool(host='testnet.binance.vision', port=443): Max retries exceeded with url: /api/v3/ticker/price?symbol=ETHUSDT (Caused by NameResolutionError("HTTPSConnection(host='testnet.binance.vision', port=443): Failed to resolve 'testnet.binance.vision' ([Errno 11001] getaddrinfo failed)"))
2026-01-31 17:52:10,878 ERROR [Trader] Error during trade cycle: HTTPSConnectionPool(host='testnet.binance.vision', port=443): Max retries exceeded with url: /api/v3/ticker/price?symbol=ETHUSDT (Caused by NameResolutionError("HTTPSConnection(host='testnet.binance.vision', port=443): Failed to resolve 'testnet.binance.vision' ([Errno 11001] getaddrinfo failed)"))
Traceback (most recent call last):
  File "C:\Users\USCHIP\Desktop\bothat\bothat\.venv\lib\site-packages\urllib3\connection.py", line 204, in _new_conn
    sock = connection.create_connection(
  File "C:\Users\USCHIP\Desktop\bothat\bothat\.venv\lib\site-packages\urllib3\util\connection.py", line 60, in create_connection
    for res in socket.getaddrinfo(host, port, family, socket.SOCK_STREAM):
  File "C:\Users\USCHIP\AppData\Local\Programs\Python\Python310\lib\socket.py", line 955, in getaddrinfo
    for res in _socket.getaddrinfo(host, port, family, type, proto, flags):
socket.gaierror: [Errno 11001] getaddrinfo failed

The above exception was the direct cause of the following exception:

Traceback (most recent call last):
  File "C:\Users\USCHIP\Desktop\bothat\bothat\.venv\lib\site-packages\urllib3\connectionpool.py", line 787, in urlopen
    response = self._make_request(
  File "C:\Users\USCHIP\Desktop\bothat\bothat\.venv\lib\site-packages\urllib3\connectionpool.py", line 488, in _make_request
    raise new_e
  File "C:\Users\USCHIP\Desktop\bothat\bothat\.venv\lib\site-packages\urllib3\connectionpool.py", line 464, in _make_request
    self._validate_conn(conn)
  File "C:\Users\USCHIP\Desktop\bothat\bothat\.venv\lib\site-packages\urllib3\connectionpool.py", line 1093, in _validate_conn
    conn.connect()
  File "C:\Users\USCHIP\Desktop\bothat\bothat\.venv\lib\site-packages\urllib3\connection.py", line 759, in connect
    self.sock = sock = self._new_conn()
  File "C:\Users\USCHIP\Desktop\bothat\bothat\.venv\lib\site-packages\urllib3\connection.py", line 211, in _new_conn
    raise NameResolutionError(self.host, self, e) from e
urllib3.exceptions.NameResolutionError: HTTPSConnection(host='testnet.binance.vision', port=443): Failed to resolve 'testnet.binance.vision' ([Errno 11001] getaddrinfo failed)

The above exception was the direct cause of the following exception:

Traceback (most recent call last):
  File "C:\Users\USCHIP\Desktop\bothat\bothat\.venv\lib\site-packages\requests\adapters.py", line 644, in send
    resp = conn.urlopen(
  File "C:\Users\USCHIP\Desktop\bothat\bothat\.venv\lib\site-packages\urllib3\connectionpool.py", line 841, in urlopen
    retries = retries.increment(
  File "C:\Users\USCHIP\Desktop\bothat\bothat\.venv\lib\site-packages\urllib3\util\retry.py", line 535, in increment
    raise MaxRetryError(_pool, url, reason) from reason  # type: ignore[arg-type]
urllib3.exceptions.MaxRetryError: HTTPSConnectionPool(host='testnet.binance.vision', port=443): Max retries exceeded with url: /api/v3/ticker/price?symbol=ETHUSDT (Caused by NameResolutionError("HTTPSConnection(host='testnet.binance.vision', port=443): Failed to resolve 'testnet.binance.vision' ([Errno 11001] getaddrinfo failed)"))

During handling of the above exception, another exception occurred:

Traceback (most recent call last):
  File "C:\Users\USCHIP\Desktop\bothat\bothat\bot\trader.py", line 56, in _trade_cycle
    self._monitor_active_trade()
  File "C:\Users\USCHIP\Desktop\bothat\bothat\bot\trader.py", line 116, in _monitor_active_trade
    current_price = self.client.get_current_price(symbol)
  File "C:\Users\USCHIP\Desktop\bothat\bothat\utils\binance_client.py", line 29, in wrapped
    return fn(*args, **kwargs)
  File "C:\Users\USCHIP\Desktop\bothat\bothat\utils\binance_client.py", line 107, in get_current_price
    ticker = self._client.get_symbol_ticker(symbol=symbol)
  File "C:\Users\USCHIP\Desktop\bothat\bothat\.venv\lib\site-packages\binance\client.py", line 1242, in get_symbol_ticker
    return self._get("ticker/price", data=params)
  File "C:\Users\USCHIP\Desktop\bothat\bothat\.venv\lib\site-packages\binance\client.py", line 200, in _get
    return self._request_api("get", path, signed, version, **kwargs)
  File "C:\Users\USCHIP\Desktop\bothat\bothat\.venv\lib\site-packages\binance\client.py", line 134, in _request_api
    return self._request(method, uri, signed, **kwargs)
  File "C:\Users\USCHIP\Desktop\bothat\bothat\.venv\lib\site-packages\binance\client.py", line 92, in _request
    self.response = getattr(self.session, method)(uri, headers=headers, data=data, **kwargs)
  File "C:\Users\USCHIP\Desktop\bothat\bothat\.venv\lib\site-packages\requests\sessions.py", line 602, in get
    return self.request("GET", url, **kwargs)
  File "C:\Users\USCHIP\Desktop\bothat\bothat\.venv\lib\site-packages\requests\sessions.py", line 589, in request
    resp = self.send(prep, **send_kwargs)
  File "C:\Users\USCHIP\Desktop\bothat\bothat\.venv\lib\site-packages\requests\sessions.py", line 703, in send
    r = adapter.send(request, **kwargs)
  File "C:\Users\USCHIP\Desktop\bothat\bothat\.venv\lib\site-packages\requests\adapters.py", line 677, in send
    raise ConnectionError(e, request=request)
requests.exceptions.ConnectionError: HTTPSConnectionPool(host='testnet.binance.vision', port=443): Max retries exceeded with url: /api/v3/ticker/price?symbol=ETHUSDT (Caused by NameResolutionError("HTTPSConnection(host='testnet.binance.vision', port=443): Failed to resolve 'testnet.binance.vision' ([Errno 11001] getaddrinfo failed)"))
2026-01-31 17:52:26,133 ERROR [Trader] Error during trade cycle: HTTPSConnectionPool(host='testnet.binance.vision', port=443): Max retries exceeded with url: /api/v3/ticker/price?symbol=ETHUSDT (Caused by NameResolutionError("HTTPSConnection(host='testnet.binance.vision', port=443): Failed to resolve 'testnet.binance.vision' ([Errno 11001] getaddrinfo failed)"))
Traceback (most recent call last):
  File "C:\Users\USCHIP\Desktop\bothat\bothat\.venv\lib\site-packages\urllib3\connection.py", line 204, in _new_conn
    sock = connection.create_connection(
  File "C:\Users\USCHIP\Desktop\bothat\bothat\.venv\lib\site-packages\urllib3\util\connection.py", line 60, in create_connection
    for res in socket.getaddrinfo(host, port, family, socket.SOCK_STREAM):
  File "C:\Users\USCHIP\AppData\Local\Programs\Python\Python310\lib\socket.py", line 955, in getaddrinfo
    for res in _socket.getaddrinfo(host, port, family, type, proto, flags):
socket.gaierror: [Errno 11001] getaddrinfo failed

The above exception was the direct cause of the following exception:

Traceback (most recent call last):
  File "C:\Users\USCHIP\Desktop\bothat\bothat\.venv\lib\site-packages\urllib3\connectionpool.py", line 787, in urlopen
    response = self._make_request(
  File "C:\Users\USCHIP\Desktop\bothat\bothat\.venv\lib\site-packages\urllib3\connectionpool.py", line 488, in _make_request
    raise new_e
  File "C:\Users\USCHIP\Desktop\bothat\bothat\.venv\lib\site-packages\urllib3\connectionpool.py", line 464, in _make_request
    self._validate_conn(conn)
  File "C:\Users\USCHIP\Desktop\bothat\bothat\.venv\lib\site-packages\urllib3\connectionpool.py", line 1093, in _validate_conn
    conn.connect()
  File "C:\Users\USCHIP\Desktop\bothat\bothat\.venv\lib\site-packages\urllib3\connection.py", line 759, in connect
    self.sock = sock = self._new_conn()
  File "C:\Users\USCHIP\Desktop\bothat\bothat\.venv\lib\site-packages\urllib3\connection.py", line 211, in _new_conn
    raise NameResolutionError(self.host, self, e) from e
urllib3.exceptions.NameResolutionError: HTTPSConnection(host='testnet.binance.vision', port=443): Failed to resolve 'testnet.binance.vision' ([Errno 11001] getaddrinfo failed)

The above exception was the direct cause of the following exception:

Traceback (most recent call last):
  File "C:\Users\USCHIP\Desktop\bothat\bothat\.venv\lib\site-packages\requests\adapters.py", line 644, in send
    resp = conn.urlopen(
  File "C:\Users\USCHIP\Desktop\bothat\bothat\.venv\lib\site-packages\urllib3\connectionpool.py", line 841, in urlopen
    retries = retries.increment(
  File "C:\Users\USCHIP\Desktop\bothat\bothat\.venv\lib\site-packages\urllib3\util\retry.py", line 535, in increment
    raise MaxRetryError(_pool, url, reason) from reason  # type: ignore[arg-type]
urllib3.exceptions.MaxRetryError: HTTPSConnectionPool(host='testnet.binance.vision', port=443): Max retries exceeded with url: /api/v3/ticker/price?symbol=ETHUSDT (Caused by NameResolutionError("HTTPSConnection(host='testnet.binance.vision', port=443): Failed to resolve 'testnet.binance.vision' ([Errno 11001] getaddrinfo failed)"))

During handling of the above exception, another exception occurred:

Traceback (most recent call last):
  File "C:\Users\USCHIP\Desktop\bothat\bothat\bot\trader.py", line 56, in _trade_cycle
    self._monitor_active_trade()
  File "C:\Users\USCHIP\Desktop\bothat\bothat\bot\trader.py", line 116, in _monitor_active_trade
    current_price = self.client.get_current_price(symbol)
  File "C:\Users\USCHIP\Desktop\bothat\bothat\utils\binance_client.py", line 29, in wrapped
    return fn(*args, **kwargs)
  File "C:\Users\USCHIP\Desktop\bothat\bothat\utils\binance_client.py", line 107, in get_current_price
    ticker = self._client.get_symbol_ticker(symbol=symbol)
  File "C:\Users\USCHIP\Desktop\bothat\bothat\.venv\lib\site-packages\binance\client.py", line 1242, in get_symbol_ticker
    return self._get("ticker/price", data=params)
  File "C:\Users\USCHIP\Desktop\bothat\bothat\.venv\lib\site-packages\binance\client.py", line 200, in _get
    return self._request_api("get", path, signed, version, **kwargs)
  File "C:\Users\USCHIP\Desktop\bothat\bothat\.venv\lib\site-packages\binance\client.py", line 134, in _request_api
    return self._request(method, uri, signed, **kwargs)
  File "C:\Users\USCHIP\Desktop\bothat\bothat\.venv\lib\site-packages\binance\client.py", line 92, in _request
    self.response = getattr(self.session, method)(uri, headers=headers, data=data, **kwargs)
  File "C:\Users\USCHIP\Desktop\bothat\bothat\.venv\lib\site-packages\requests\sessions.py", line 602, in get
    return self.request("GET", url, **kwargs)
  File "C:\Users\USCHIP\Desktop\bothat\bothat\.venv\lib\site-packages\requests\sessions.py", line 589, in request
    resp = self.send(prep, **send_kwargs)
  File "C:\Users\USCHIP\Desktop\bothat\bothat\.venv\lib\site-packages\requests\sessions.py", line 703, in send
    r = adapter.send(request, **kwargs)
  File "C:\Users\USCHIP\Desktop\bothat\bothat\.venv\lib\site-packages\requests\adapters.py", line 677, in send
    raise ConnectionError(e, request=request)
requests.exceptions.ConnectionError: HTTPSConnectionPool(host='testnet.binance.vision', port=443): Max retries exceeded with url: /api/v3/ticker/price?symbol=ETHUSDT (Caused by NameResolutionError("HTTPSConnection(host='testnet.binance.vision', port=443): Failed to resolve 'testnet.binance.vision' ([Errno 11001] getaddrinfo failed)"))
2026-01-31 17:52:40,752 ERROR [Trader] Error during trade cycle: HTTPSConnectionPool(host='testnet.binance.vision', port=443): Max retries exceeded with url: /api/v3/ticker/price?symbol=ETHUSDT (Caused by NameResolutionError("HTTPSConnection(host='testnet.binance.vision', port=443): Failed to resolve 'testnet.binance.vision' ([Errno 11001] getaddrinfo failed)"))
Traceback (most recent call last):
  File "C:\Users\USCHIP\Desktop\bothat\bothat\.venv\lib\site-packages\urllib3\connection.py", line 204, in _new_conn
    sock = connection.create_connection(
  File "C:\Users\USCHIP\Desktop\bothat\bothat\.venv\lib\site-packages\urllib3\util\connection.py", line 60, in create_connection
    for res in socket.getaddrinfo(host, port, family, socket.SOCK_STREAM):
  File "C:\Users\USCHIP\AppData\Local\Programs\Python\Python310\lib\socket.py", line 955, in getaddrinfo
    for res in _socket.getaddrinfo(host, port, family, type, proto, flags):
socket.gaierror: [Errno 11001] getaddrinfo failed

The above exception was the direct cause of the following exception:

Traceback (most recent call last):
  File "C:\Users\USCHIP\Desktop\bothat\bothat\.venv\lib\site-packages\urllib3\connectionpool.py", line 787, in urlopen
    response = self._make_request(
  File "C:\Users\USCHIP\Desktop\bothat\bothat\.venv\lib\site-packages\urllib3\connectionpool.py", line 488, in _make_request
    raise new_e
  File "C:\Users\USCHIP\Desktop\bothat\bothat\.venv\lib\site-packages\urllib3\connectionpool.py", line 464, in _make_request
    self._validate_conn(conn)
  File "C:\Users\USCHIP\Desktop\bothat\bothat\.venv\lib\site-packages\urllib3\connectionpool.py", line 1093, in _validate_conn
    conn.connect()
  File "C:\Users\USCHIP\Desktop\bothat\bothat\.venv\lib\site-packages\urllib3\connection.py", line 759, in connect
    self.sock = sock = self._new_conn()
  File "C:\Users\USCHIP\Desktop\bothat\bothat\.venv\lib\site-packages\urllib3\connection.py", line 211, in _new_conn
    raise NameResolutionError(self.host, self, e) from e
urllib3.exceptions.NameResolutionError: HTTPSConnection(host='testnet.binance.vision', port=443): Failed to resolve 'testnet.binance.vision' ([Errno 11001] getaddrinfo failed)

The above exception was the direct cause of the following exception:

Traceback (most recent call last):
  File "C:\Users\USCHIP\Desktop\bothat\bothat\.venv\lib\site-packages\requests\adapters.py", line 644, in send
    resp = conn.urlopen(
  File "C:\Users\USCHIP\Desktop\bothat\bothat\.venv\lib\site-packages\urllib3\connectionpool.py", line 841, in urlopen
    retries = retries.increment(
  File "C:\Users\USCHIP\Desktop\bothat\bothat\.venv\lib\site-packages\urllib3\util\retry.py", line 535, in increment
    raise MaxRetryError(_pool, url, reason) from reason  # type: ignore[arg-type]
urllib3.exceptions.MaxRetryError: HTTPSConnectionPool(host='testnet.binance.vision', port=443): Max retries exceeded with url: /api/v3/ticker/price?symbol=ETHUSDT (Caused by NameResolutionError("HTTPSConnection(host='testnet.binance.vision', port=443): Failed to resolve 'testnet.binance.vision' ([Errno 11001] getaddrinfo failed)"))

During handling of the above exception, another exception occurred:

Traceback (most recent call last):
  File "C:\Users\USCHIP\Desktop\bothat\bothat\bot\trader.py", line 56, in _trade_cycle
    self._monitor_active_trade()
  File "C:\Users\USCHIP\Desktop\bothat\bothat\bot\trader.py", line 116, in _monitor_active_trade
    current_price = self.client.get_current_price(symbol)
  File "C:\Users\USCHIP\Desktop\bothat\bothat\utils\binance_client.py", line 29, in wrapped
    return fn(*args, **kwargs)
  File "C:\Users\USCHIP\Desktop\bothat\bothat\utils\binance_client.py", line 107, in get_current_price
    ticker = self._client.get_symbol_ticker(symbol=symbol)
  File "C:\Users\USCHIP\Desktop\bothat\bothat\.venv\lib\site-packages\binance\client.py", line 1242, in get_symbol_ticker
    return self._get("ticker/price", data=params)
  File "C:\Users\USCHIP\Desktop\bothat\bothat\.venv\lib\site-packages\binance\client.py", line 200, in _get
    return self._request_api("get", path, signed, version, **kwargs)
  File "C:\Users\USCHIP\Desktop\bothat\bothat\.venv\lib\site-packages\binance\client.py", line 134, in _request_api
    return self._request(method, uri, signed, **kwargs)
  File "C:\Users\USCHIP\Desktop\bothat\bothat\.venv\lib\site-packages\binance\client.py", line 92, in _request
    self.response = getattr(self.session, method)(uri, headers=headers, data=data, **kwargs)
  File "C:\Users\USCHIP\Desktop\bothat\bothat\.venv\lib\site-packages\requests\sessions.py", line 602, in get
    return self.request("GET", url, **kwargs)
  File "C:\Users\USCHIP\Desktop\bothat\bothat\.venv\lib\site-packages\requests\sessions.py", line 589, in request
    resp = self.send(prep, **send_kwargs)
  File "C:\Users\USCHIP\Desktop\bothat\bothat\.venv\lib\site-packages\requests\sessions.py", line 703, in send
    r = adapter.send(request, **kwargs)
  File "C:\Users\USCHIP\Desktop\bothat\bothat\.venv\lib\site-packages\requests\adapters.py", line 677, in send
    raise ConnectionError(e, request=request)
requests.exceptions.ConnectionError: HTTPSConnectionPool(host='testnet.binance.vision', port=443): Max retries exceeded with url: /api/v3/ticker/price?symbol=ETHUSDT (Caused by NameResolutionError("HTTPSConnection(host='testnet.binance.vision', port=443): Failed to resolve 'testnet.binance.vision' ([Errno 11001] getaddrinfo failed)"))
2026-01-31 17:52:55,653 ERROR [Trader] Error during trade cycle: HTTPSConnectionPool(host='testnet.binance.vision', port=443): Max retries exceeded with url: /api/v3/ticker/price?symbol=ETHUSDT (Caused by NameResolutionError("HTTPSConnection(host='testnet.binance.vision', port=443): Failed to resolve 'testnet.binance.vision' ([Errno 11001] getaddrinfo failed)"))
Traceback (most recent call last):
  File "C:\Users\USCHIP\Desktop\bothat\bothat\.venv\lib\site-packages\urllib3\connection.py", line 204, in _new_conn
    sock = connection.create_connection(
  File "C:\Users\USCHIP\Desktop\bothat\bothat\.venv\lib\site-packages\urllib3\util\connection.py", line 60, in create_connection
    for res in socket.getaddrinfo(host, port, family, socket.SOCK_STREAM):
  File "C:\Users\USCHIP\AppData\Local\Programs\Python\Python310\lib\socket.py", line 955, in getaddrinfo
    for res in _socket.getaddrinfo(host, port, family, type, proto, flags):
socket.gaierror: [Errno 11001] getaddrinfo failed

The above exception was the direct cause of the following exception:

Traceback (most recent call last):
  File "C:\Users\USCHIP\Desktop\bothat\bothat\.venv\lib\site-packages\urllib3\connectionpool.py", line 787, in urlopen
    response = self._make_request(
  File "C:\Users\USCHIP\Desktop\bothat\bothat\.venv\lib\site-packages\urllib3\connectionpool.py", line 488, in _make_request
    raise new_e
  File "C:\Users\USCHIP\Desktop\bothat\bothat\.venv\lib\site-packages\urllib3\connectionpool.py", line 464, in _make_request
    self._validate_conn(conn)
  File "C:\Users\USCHIP\Desktop\bothat\bothat\.venv\lib\site-packages\urllib3\connectionpool.py", line 1093, in _validate_conn
    conn.connect()
  File "C:\Users\USCHIP\Desktop\bothat\bothat\.venv\lib\site-packages\urllib3\connection.py", line 759, in connect
    self.sock = sock = self._new_conn()
  File "C:\Users\USCHIP\Desktop\bothat\bothat\.venv\lib\site-packages\urllib3\connection.py", line 211, in _new_conn
    raise NameResolutionError(self.host, self, e) from e
urllib3.exceptions.NameResolutionError: HTTPSConnection(host='testnet.binance.vision', port=443): Failed to resolve 'testnet.binance.vision' ([Errno 11001] getaddrinfo failed)

The above exception was the direct cause of the following exception:

Traceback (most recent call last):
  File "C:\Users\USCHIP\Desktop\bothat\bothat\.venv\lib\site-packages\requests\adapters.py", line 644, in send
    resp = conn.urlopen(
  File "C:\Users\USCHIP\Desktop\bothat\bothat\.venv\lib\site-packages\urllib3\connectionpool.py", line 841, in urlopen
    retries = retries.increment(
  File "C:\Users\USCHIP\Desktop\bothat\bothat\.venv\lib\site-packages\urllib3\util\retry.py", line 535, in increment
    raise MaxRetryError(_pool, url, reason) from reason  # type: ignore[arg-type]
urllib3.exceptions.MaxRetryError: HTTPSConnectionPool(host='testnet.binance.vision', port=443): Max retries exceeded with url: /api/v3/ticker/price?symbol=ETHUSDT (Caused by NameResolutionError("HTTPSConnection(host='testnet.binance.vision', port=443): Failed to resolve 'testnet.binance.vision' ([Errno 11001] getaddrinfo failed)"))

During handling of the above exception, another exception occurred:

Traceback (most recent call last):
  File "C:\Users\USCHIP\Desktop\bothat\bothat\bot\trader.py", line 56, in _trade_cycle
    self._monitor_active_trade()
  File "C:\Users\USCHIP\Desktop\bothat\bothat\bot\trader.py", line 116, in _monitor_active_trade
    current_price = self.client.get_current_price(symbol)
  File "C:\Users\USCHIP\Desktop\bothat\bothat\utils\binance_client.py", line 29, in wrapped
    return fn(*args, **kwargs)
  File "C:\Users\USCHIP\Desktop\bothat\bothat\utils\binance_client.py", line 107, in get_current_price
    ticker = self._client.get_symbol_ticker(symbol=symbol)
  File "C:\Users\USCHIP\Desktop\bothat\bothat\.venv\lib\site-packages\binance\client.py", line 1242, in get_symbol_ticker
    return self._get("ticker/price", data=params)
  File "C:\Users\USCHIP\Desktop\bothat\bothat\.venv\lib\site-packages\binance\client.py", line 200, in _get
    return self._request_api("get", path, signed, version, **kwargs)
  File "C:\Users\USCHIP\Desktop\bothat\bothat\.venv\lib\site-packages\binance\client.py", line 134, in _request_api
    return self._request(method, uri, signed, **kwargs)
  File "C:\Users\USCHIP\Desktop\bothat\bothat\.venv\lib\site-packages\binance\client.py", line 92, in _request
    self.response = getattr(self.session, method)(uri, headers=headers, data=data, **kwargs)
  File "C:\Users\USCHIP\Desktop\bothat\bothat\.venv\lib\site-packages\requests\sessions.py", line 602, in get
    return self.request("GET", url, **kwargs)
  File "C:\Users\USCHIP\Desktop\bothat\bothat\.venv\lib\site-packages\requests\sessions.py", line 589, in request
    resp = self.send(prep, **send_kwargs)
  File "C:\Users\USCHIP\Desktop\bothat\bothat\.venv\lib\site-packages\requests\sessions.py", line 703, in send
    r = adapter.send(request, **kwargs)
  File "C:\Users\USCHIP\Desktop\bothat\bothat\.venv\lib\site-packages\requests\adapters.py", line 677, in send
    raise ConnectionError(e, request=request)
requests.exceptions.ConnectionError: HTTPSConnectionPool(host='testnet.binance.vision', port=443): Max retries exceeded with url: /api/v3/ticker/price?symbol=ETHUSDT (Caused by NameResolutionError("HTTPSConnection(host='testnet.binance.vision', port=443): Failed to resolve 'testnet.binance.vision' ([Errno 11001] getaddrinfo failed)"))
2026-01-31 17:53:10,765 ERROR [Trader] Error during trade cycle: HTTPSConnectionPool(host='testnet.binance.vision', port=443): Max retries exceeded with url: /api/v3/ticker/price?symbol=ETHUSDT (Caused by NameResolutionError("HTTPSConnection(host='testnet.binance.vision', port=443): Failed to resolve 'testnet.binance.vision' ([Errno 11001] getaddrinfo failed)"))
Traceback (most recent call last):
  File "C:\Users\USCHIP\Desktop\bothat\bothat\.venv\lib\site-packages\urllib3\connection.py", line 204, in _new_conn
    sock = connection.create_connection(
  File "C:\Users\USCHIP\Desktop\bothat\bothat\.venv\lib\site-packages\urllib3\util\connection.py", line 60, in create_connection
    for res in socket.getaddrinfo(host, port, family, socket.SOCK_STREAM):
  File "C:\Users\USCHIP\AppData\Local\Programs\Python\Python310\lib\socket.py", line 955, in getaddrinfo
    for res in _socket.getaddrinfo(host, port, family, type, proto, flags):
socket.gaierror: [Errno 11001] getaddrinfo failed

The above exception was the direct cause of the following exception:

Traceback (most recent call last):
  File "C:\Users\USCHIP\Desktop\bothat\bothat\.venv\lib\site-packages\urllib3\connectionpool.py", line 787, in urlopen
    response = self._make_request(
  File "C:\Users\USCHIP\Desktop\bothat\bothat\.venv\lib\site-packages\urllib3\connectionpool.py", line 488, in _make_request
    raise new_e
  File "C:\Users\USCHIP\Desktop\bothat\bothat\.venv\lib\site-packages\urllib3\connectionpool.py", line 464, in _make_request
    self._validate_conn(conn)
  File "C:\Users\USCHIP\Desktop\bothat\bothat\.venv\lib\site-packages\urllib3\connectionpool.py", line 1093, in _validate_conn
    conn.connect()
  File "C:\Users\USCHIP\Desktop\bothat\bothat\.venv\lib\site-packages\urllib3\connection.py", line 759, in connect
    self.sock = sock = self._new_conn()
  File "C:\Users\USCHIP\Desktop\bothat\bothat\.venv\lib\site-packages\urllib3\connection.py", line 211, in _new_conn
    raise NameResolutionError(self.host, self, e) from e
urllib3.exceptions.NameResolutionError: HTTPSConnection(host='testnet.binance.vision', port=443): Failed to resolve 'testnet.binance.vision' ([Errno 11001] getaddrinfo failed)

The above exception was the direct cause of the following exception:

Traceback (most recent call last):
  File "C:\Users\USCHIP\Desktop\bothat\bothat\.venv\lib\site-packages\requests\adapters.py", line 644, in send
    resp = conn.urlopen(
  File "C:\Users\USCHIP\Desktop\bothat\bothat\.venv\lib\site-packages\urllib3\connectionpool.py", line 841, in urlopen
    retries = retries.increment(
  File "C:\Users\USCHIP\Desktop\bothat\bothat\.venv\lib\site-packages\urllib3\util\retry.py", line 535, in increment
    raise MaxRetryError(_pool, url, reason) from reason  # type: ignore[arg-type]
urllib3.exceptions.MaxRetryError: HTTPSConnectionPool(host='testnet.binance.vision', port=443): Max retries exceeded with url: /api/v3/ticker/price?symbol=ETHUSDT (Caused by NameResolutionError("HTTPSConnection(host='testnet.binance.vision', port=443): Failed to resolve 'testnet.binance.vision' ([Errno 11001] getaddrinfo failed)"))

During handling of the above exception, another exception occurred:

Traceback (most recent call last):
  File "C:\Users\USCHIP\Desktop\bothat\bothat\bot\trader.py", line 56, in _trade_cycle
    self._monitor_active_trade()
  File "C:\Users\USCHIP\Desktop\bothat\bothat\bot\trader.py", line 116, in _monitor_active_trade
    current_price = self.client.get_current_price(symbol)
  File "C:\Users\USCHIP\Desktop\bothat\bothat\utils\binance_client.py", line 29, in wrapped
    return fn(*args, **kwargs)
  File "C:\Users\USCHIP\Desktop\bothat\bothat\utils\binance_client.py", line 107, in get_current_price
    ticker = self._client.get_symbol_ticker(symbol=symbol)
  File "C:\Users\USCHIP\Desktop\bothat\bothat\.venv\lib\site-packages\binance\client.py", line 1242, in get_symbol_ticker
    return self._get("ticker/price", data=params)
  File "C:\Users\USCHIP\Desktop\bothat\bothat\.venv\lib\site-packages\binance\client.py", line 200, in _get
    return self._request_api("get", path, signed, version, **kwargs)
  File "C:\Users\USCHIP\Desktop\bothat\bothat\.venv\lib\site-packages\binance\client.py", line 134, in _request_api
    return self._request(method, uri, signed, **kwargs)
  File "C:\Users\USCHIP\Desktop\bothat\bothat\.venv\lib\site-packages\binance\client.py", line 92, in _request
    self.response = getattr(self.session, method)(uri, headers=headers, data=data, **kwargs)
  File "C:\Users\USCHIP\Desktop\bothat\bothat\.venv\lib\site-packages\requests\sessions.py", line 602, in get
    return self.request("GET", url, **kwargs)
  File "C:\Users\USCHIP\Desktop\bothat\bothat\.venv\lib\site-packages\requests\sessions.py", line 589, in request
    resp = self.send(prep, **send_kwargs)
  File "C:\Users\USCHIP\Desktop\bothat\bothat\.venv\lib\site-packages\requests\sessions.py", line 703, in send
    r = adapter.send(request, **kwargs)
  File "C:\Users\USCHIP\Desktop\bothat\bothat\.venv\lib\site-packages\requests\adapters.py", line 677, in send
    raise ConnectionError(e, request=request)
requests.exceptions.ConnectionError: HTTPSConnectionPool(host='testnet.binance.vision', port=443): Max retries exceeded with url: /api/v3/ticker/price?symbol=ETHUSDT (Caused by NameResolutionError("HTTPSConnection(host='testnet.binance.vision', port=443): Failed to resolve 'testnet.binance.vision' ([Errno 11001] getaddrinfo failed)"))
2026-01-31 17:53:26,314 ERROR [Trader] Error during trade cycle: HTTPSConnectionPool(host='testnet.binance.vision', port=443): Max retries exceeded with url: /api/v3/ticker/price?symbol=ETHUSDT (Caused by NameResolutionError("HTTPSConnection(host='testnet.binance.vision', port=443): Failed to resolve 'testnet.binance.vision' ([Errno 11001] getaddrinfo failed)"))
Traceback (most recent call last):
  File "C:\Users\USCHIP\Desktop\bothat\bothat\.venv\lib\site-packages\urllib3\connection.py", line 204, in _new_conn
    sock = connection.create_connection(
  File "C:\Users\USCHIP\Desktop\bothat\bothat\.venv\lib\site-packages\urllib3\util\connection.py", line 60, in create_connection
    for res in socket.getaddrinfo(host, port, family, socket.SOCK_STREAM):
  File "C:\Users\USCHIP\AppData\Local\Programs\Python\Python310\lib\socket.py", line 955, in getaddrinfo
    for res in _socket.getaddrinfo(host, port, family, type, proto, flags):
socket.gaierror: [Errno 11001] getaddrinfo failed

The above exception was the direct cause of the following exception:

Traceback (most recent call last):
  File "C:\Users\USCHIP\Desktop\bothat\bothat\.venv\lib\site-packages\urllib3\connectionpool.py", line 787, in urlopen
    response = self._make_request(
  File "C:\Users\USCHIP\Desktop\bothat\bothat\.venv\lib\site-packages\urllib3\connectionpool.py", line 488, in _make_request
    raise new_e
  File "C:\Users\USCHIP\Desktop\bothat\bothat\.venv\lib\site-packages\urllib3\connectionpool.py", line 464, in _make_request
    self._validate_conn(conn)
  File "C:\Users\USCHIP\Desktop\bothat\bothat\.venv\lib\site-packages\urllib3\connectionpool.py", line 1093, in _validate_conn
    conn.connect()
  File "C:\Users\USCHIP\Desktop\bothat\bothat\.venv\lib\site-packages\urllib3\connection.py", line 759, in connect
    self.sock = sock = self._new_conn()
  File "C:\Users\USCHIP\Desktop\bothat\bothat\.venv\lib\site-packages\urllib3\connection.py", line 211, in _new_conn
    raise NameResolutionError(self.host, self, e) from e
urllib3.exceptions.NameResolutionError: HTTPSConnection(host='testnet.binance.vision', port=443): Failed to resolve 'testnet.binance.vision' ([Errno 11001] getaddrinfo failed)

The above exception was the direct cause of the following exception:

Traceback (most recent call last):
  File "C:\Users\USCHIP\Desktop\bothat\bothat\.venv\lib\site-packages\requests\adapters.py", line 644, in send
    resp = conn.urlopen(
  File "C:\Users\USCHIP\Desktop\bothat\bothat\.venv\lib\site-packages\urllib3\connectionpool.py", line 841, in urlopen
    retries = retries.increment(
  File "C:\Users\USCHIP\Desktop\bothat\bothat\.venv\lib\site-packages\urllib3\util\retry.py", line 535, in increment
    raise MaxRetryError(_pool, url, reason) from reason  # type: ignore[arg-type]
urllib3.exceptions.MaxRetryError: HTTPSConnectionPool(host='testnet.binance.vision', port=443): Max retries exceeded with url: /api/v3/ticker/price?symbol=ETHUSDT (Caused by NameResolutionError("HTTPSConnection(host='testnet.binance.vision', port=443): Failed to resolve 'testnet.binance.vision' ([Errno 11001] getaddrinfo failed)"))

During handling of the above exception, another exception occurred:

Traceback (most recent call last):
  File "C:\Users\USCHIP\Desktop\bothat\bothat\bot\trader.py", line 56, in _trade_cycle
    self._monitor_active_trade()
  File "C:\Users\USCHIP\Desktop\bothat\bothat\bot\trader.py", line 116, in _monitor_active_trade
    current_price = self.client.get_current_price(symbol)
  File "C:\Users\USCHIP\Desktop\bothat\bothat\utils\binance_client.py", line 29, in wrapped
    return fn(*args, **kwargs)
  File "C:\Users\USCHIP\Desktop\bothat\bothat\utils\binance_client.py", line 107, in get_current_price
    ticker = self._client.get_symbol_ticker(symbol=symbol)
  File "C:\Users\USCHIP\Desktop\bothat\bothat\.venv\lib\site-packages\binance\client.py", line 1242, in get_symbol_ticker
    return self._get("ticker/price", data=params)
  File "C:\Users\USCHIP\Desktop\bothat\bothat\.venv\lib\site-packages\binance\client.py", line 200, in _get
    return self._request_api("get", path, signed, version, **kwargs)
  File "C:\Users\USCHIP\Desktop\bothat\bothat\.venv\lib\site-packages\binance\client.py", line 134, in _request_api
    return self._request(method, uri, signed, **kwargs)
  File "C:\Users\USCHIP\Desktop\bothat\bothat\.venv\lib\site-packages\binance\client.py", line 92, in _request
    self.response = getattr(self.session, method)(uri, headers=headers, data=data, **kwargs)
  File "C:\Users\USCHIP\Desktop\bothat\bothat\.venv\lib\site-packages\requests\sessions.py", line 602, in get
    return self.request("GET", url, **kwargs)
  File "C:\Users\USCHIP\Desktop\bothat\bothat\.venv\lib\site-packages\requests\sessions.py", line 589, in request
    resp = self.send(prep, **send_kwargs)
  File "C:\Users\USCHIP\Desktop\bothat\bothat\.venv\lib\site-packages\requests\sessions.py", line 703, in send
    r = adapter.send(request, **kwargs)
  File "C:\Users\USCHIP\Desktop\bothat\bothat\.venv\lib\site-packages\requests\adapters.py", line 677, in send
    raise ConnectionError(e, request=request)
requests.exceptions.ConnectionError: HTTPSConnectionPool(host='testnet.binance.vision', port=443): Max retries exceeded with url: /api/v3/ticker/price?symbol=ETHUSDT (Caused by NameResolutionError("HTTPSConnection(host='testnet.binance.vision', port=443): Failed to resolve 'testnet.binance.vision' ([Errno 11001] getaddrinfo failed)"))
2026-01-31 17:53:40,859 ERROR [Trader] Error during trade cycle: HTTPSConnectionPool(host='testnet.binance.vision', port=443): Max retries exceeded with url: /api/v3/ticker/price?symbol=ETHUSDT (Caused by NameResolutionError("HTTPSConnection(host='testnet.binance.vision', port=443): Failed to resolve 'testnet.binance.vision' ([Errno 11001] getaddrinfo failed)"))
Traceback (most recent call last):
  File "C:\Users\USCHIP\Desktop\bothat\bothat\.venv\lib\site-packages\urllib3\connection.py", line 204, in _new_conn
    sock = connection.create_connection(
  File "C:\Users\USCHIP\Desktop\bothat\bothat\.venv\lib\site-packages\urllib3\util\connection.py", line 60, in create_connection
    for res in socket.getaddrinfo(host, port, family, socket.SOCK_STREAM):
  File "C:\Users\USCHIP\AppData\Local\Programs\Python\Python310\lib\socket.py", line 955, in getaddrinfo
    for res in _socket.getaddrinfo(host, port, family, type, proto, flags):
socket.gaierror: [Errno 11001] getaddrinfo failed

The above exception was the direct cause of the following exception:

Traceback (most recent call last):
  File "C:\Users\USCHIP\Desktop\bothat\bothat\.venv\lib\site-packages\urllib3\connectionpool.py", line 787, in urlopen
    response = self._make_request(
  File "C:\Users\USCHIP\Desktop\bothat\bothat\.venv\lib\site-packages\urllib3\connectionpool.py", line 488, in _make_request
    raise new_e
  File "C:\Users\USCHIP\Desktop\bothat\bothat\.venv\lib\site-packages\urllib3\connectionpool.py", line 464, in _make_request
    self._validate_conn(conn)
  File "C:\Users\USCHIP\Desktop\bothat\bothat\.venv\lib\site-packages\urllib3\connectionpool.py", line 1093, in _validate_conn
    conn.connect()
  File "C:\Users\USCHIP\Desktop\bothat\bothat\.venv\lib\site-packages\urllib3\connection.py", line 759, in connect
    self.sock = sock = self._new_conn()
  File "C:\Users\USCHIP\Desktop\bothat\bothat\.venv\lib\site-packages\urllib3\connection.py", line 211, in _new_conn
    raise NameResolutionError(self.host, self, e) from e
urllib3.exceptions.NameResolutionError: HTTPSConnection(host='testnet.binance.vision', port=443): Failed to resolve 'testnet.binance.vision' ([Errno 11001] getaddrinfo failed)

The above exception was the direct cause of the following exception:

Traceback (most recent call last):
  File "C:\Users\USCHIP\Desktop\bothat\bothat\.venv\lib\site-packages\requests\adapters.py", line 644, in send
    resp = conn.urlopen(
  File "C:\Users\USCHIP\Desktop\bothat\bothat\.venv\lib\site-packages\urllib3\connectionpool.py", line 841, in urlopen
    retries = retries.increment(
  File "C:\Users\USCHIP\Desktop\bothat\bothat\.venv\lib\site-packages\urllib3\util\retry.py", line 535, in increment
    raise MaxRetryError(_pool, url, reason) from reason  # type: ignore[arg-type]
urllib3.exceptions.MaxRetryError: HTTPSConnectionPool(host='testnet.binance.vision', port=443): Max retries exceeded with url: /api/v3/ticker/price?symbol=ETHUSDT (Caused by NameResolutionError("HTTPSConnection(host='testnet.binance.vision', port=443): Failed to resolve 'testnet.binance.vision' ([Errno 11001] getaddrinfo failed)"))

During handling of the above exception, another exception occurred:

Traceback (most recent call last):
  File "C:\Users\USCHIP\Desktop\bothat\bothat\bot\trader.py", line 56, in _trade_cycle
    self._monitor_active_trade()
  File "C:\Users\USCHIP\Desktop\bothat\bothat\bot\trader.py", line 116, in _monitor_active_trade
    current_price = self.client.get_current_price(symbol)
  File "C:\Users\USCHIP\Desktop\bothat\bothat\utils\binance_client.py", line 29, in wrapped
    return fn(*args, **kwargs)
  File "C:\Users\USCHIP\Desktop\bothat\bothat\utils\binance_client.py", line 107, in get_current_price
    ticker = self._client.get_symbol_ticker(symbol=symbol)
  File "C:\Users\USCHIP\Desktop\bothat\bothat\.venv\lib\site-packages\binance\client.py", line 1242, in get_symbol_ticker
    return self._get("ticker/price", data=params)
  File "C:\Users\USCHIP\Desktop\bothat\bothat\.venv\lib\site-packages\binance\client.py", line 200, in _get
    return self._request_api("get", path, signed, version, **kwargs)
  File "C:\Users\USCHIP\Desktop\bothat\bothat\.venv\lib\site-packages\binance\client.py", line 134, in _request_api
    return self._request(method, uri, signed, **kwargs)
  File "C:\Users\USCHIP\Desktop\bothat\bothat\.venv\lib\site-packages\binance\client.py", line 92, in _request
    self.response = getattr(self.session, method)(uri, headers=headers, data=data, **kwargs)
  File "C:\Users\USCHIP\Desktop\bothat\bothat\.venv\lib\site-packages\requests\sessions.py", line 602, in get
    return self.request("GET", url, **kwargs)
  File "C:\Users\USCHIP\Desktop\bothat\bothat\.venv\lib\site-packages\requests\sessions.py", line 589, in request
    resp = self.send(prep, **send_kwargs)
  File "C:\Users\USCHIP\Desktop\bothat\bothat\.venv\lib\site-packages\requests\sessions.py", line 703, in send
    r = adapter.send(request, **kwargs)
  File "C:\Users\USCHIP\Desktop\bothat\bothat\.venv\lib\site-packages\requests\adapters.py", line 677, in send
    raise ConnectionError(e, request=request)
requests.exceptions.ConnectionError: HTTPSConnectionPool(host='testnet.binance.vision', port=443): Max retries exceeded with url: /api/v3/ticker/price?symbol=ETHUSDT (Caused by NameResolutionError("HTTPSConnection(host='testnet.binance.vision', port=443): Failed to resolve 'testnet.binance.vision' ([Errno 11001] getaddrinfo failed)"))
2026-01-31 17:53:55,738 ERROR [Trader] Error during trade cycle: HTTPSConnectionPool(host='testnet.binance.vision', port=443): Max retries exceeded with url: /api/v3/ticker/price?symbol=ETHUSDT (Caused by NameResolutionError("HTTPSConnection(host='testnet.binance.vision', port=443): Failed to resolve 'testnet.binance.vision' ([Errno 11001] getaddrinfo failed)"))
Traceback (most recent call last):
  File "C:\Users\USCHIP\Desktop\bothat\bothat\.venv\lib\site-packages\urllib3\connection.py", line 204, in _new_conn
    sock = connection.create_connection(
  File "C:\Users\USCHIP\Desktop\bothat\bothat\.venv\lib\site-packages\urllib3\util\connection.py", line 60, in create_connection
    for res in socket.getaddrinfo(host, port, family, socket.SOCK_STREAM):
  File "C:\Users\USCHIP\AppData\Local\Programs\Python\Python310\lib\socket.py", line 955, in getaddrinfo
    for res in _socket.getaddrinfo(host, port, family, type, proto, flags):
socket.gaierror: [Errno 11001] getaddrinfo failed

The above exception was the direct cause of the following exception:

Traceback (most recent call last):
  File "C:\Users\USCHIP\Desktop\bothat\bothat\.venv\lib\site-packages\urllib3\connectionpool.py", line 787, in urlopen
    response = self._make_request(
  File "C:\Users\USCHIP\Desktop\bothat\bothat\.venv\lib\site-packages\urllib3\connectionpool.py", line 488, in _make_request
    raise new_e
  File "C:\Users\USCHIP\Desktop\bothat\bothat\.venv\lib\site-packages\urllib3\connectionpool.py", line 464, in _make_request
    self._validate_conn(conn)
  File "C:\Users\USCHIP\Desktop\bothat\bothat\.venv\lib\site-packages\urllib3\connectionpool.py", line 1093, in _validate_conn
    conn.connect()
  File "C:\Users\USCHIP\Desktop\bothat\bothat\.venv\lib\site-packages\urllib3\connection.py", line 759, in connect
    self.sock = sock = self._new_conn()
  File "C:\Users\USCHIP\Desktop\bothat\bothat\.venv\lib\site-packages\urllib3\connection.py", line 211, in _new_conn
    raise NameResolutionError(self.host, self, e) from e
urllib3.exceptions.NameResolutionError: HTTPSConnection(host='testnet.binance.vision', port=443): Failed to resolve 'testnet.binance.vision' ([Errno 11001] getaddrinfo failed)

The above exception was the direct cause of the following exception:

Traceback (most recent call last):
  File "C:\Users\USCHIP\Desktop\bothat\bothat\.venv\lib\site-packages\requests\adapters.py", line 644, in send
    resp = conn.urlopen(
  File "C:\Users\USCHIP\Desktop\bothat\bothat\.venv\lib\site-packages\urllib3\connectionpool.py", line 841, in urlopen
    retries = retries.increment(
  File "C:\Users\USCHIP\Desktop\bothat\bothat\.venv\lib\site-packages\urllib3\util\retry.py", line 535, in increment
    raise MaxRetryError(_pool, url, reason) from reason  # type: ignore[arg-type]
urllib3.exceptions.MaxRetryError: HTTPSConnectionPool(host='testnet.binance.vision', port=443): Max retries exceeded with url: /api/v3/ticker/price?symbol=ETHUSDT (Caused by NameResolutionError("HTTPSConnection(host='testnet.binance.vision', port=443): Failed to resolve 'testnet.binance.vision' ([Errno 11001] getaddrinfo failed)"))

During handling of the above exception, another exception occurred:

Traceback (most recent call last):
  File "C:\Users\USCHIP\Desktop\bothat\bothat\bot\trader.py", line 56, in _trade_cycle
    self._monitor_active_trade()
  File "C:\Users\USCHIP\Desktop\bothat\bothat\bot\trader.py", line 116, in _monitor_active_trade
    current_price = self.client.get_current_price(symbol)
  File "C:\Users\USCHIP\Desktop\bothat\bothat\utils\binance_client.py", line 29, in wrapped
    return fn(*args, **kwargs)
  File "C:\Users\USCHIP\Desktop\bothat\bothat\utils\binance_client.py", line 107, in get_current_price
    ticker = self._client.get_symbol_ticker(symbol=symbol)
  File "C:\Users\USCHIP\Desktop\bothat\bothat\.venv\lib\site-packages\binance\client.py", line 1242, in get_symbol_ticker
    return self._get("ticker/price", data=params)
  File "C:\Users\USCHIP\Desktop\bothat\bothat\.venv\lib\site-packages\binance\client.py", line 200, in _get
    return self._request_api("get", path, signed, version, **kwargs)
  File "C:\Users\USCHIP\Desktop\bothat\bothat\.venv\lib\site-packages\binance\client.py", line 134, in _request_api
    return self._request(method, uri, signed, **kwargs)
  File "C:\Users\USCHIP\Desktop\bothat\bothat\.venv\lib\site-packages\binance\client.py", line 92, in _request
    self.response = getattr(self.session, method)(uri, headers=headers, data=data, **kwargs)
  File "C:\Users\USCHIP\Desktop\bothat\bothat\.venv\lib\site-packages\requests\sessions.py", line 602, in get
    return self.request("GET", url, **kwargs)
  File "C:\Users\USCHIP\Desktop\bothat\bothat\.venv\lib\site-packages\requests\sessions.py", line 589, in request
    resp = self.send(prep, **send_kwargs)
  File "C:\Users\USCHIP\Desktop\bothat\bothat\.venv\lib\site-packages\requests\sessions.py", line 703, in send
    r = adapter.send(request, **kwargs)
  File "C:\Users\USCHIP\Desktop\bothat\bothat\.venv\lib\site-packages\requests\adapters.py", line 677, in send
    raise ConnectionError(e, request=request)
requests.exceptions.ConnectionError: HTTPSConnectionPool(host='testnet.binance.vision', port=443): Max retries exceeded with url: /api/v3/ticker/price?symbol=ETHUSDT (Caused by NameResolutionError("HTTPSConnection(host='testnet.binance.vision', port=443): Failed to resolve 'testnet.binance.vision' ([Errno 11001] getaddrinfo failed)"))
2026-01-31 17:54:10,833 ERROR [Trader] Error during trade cycle: HTTPSConnectionPool(host='testnet.binance.vision', port=443): Max retries exceeded with url: /api/v3/ticker/price?symbol=ETHUSDT (Caused by NameResolutionError("HTTPSConnection(host='testnet.binance.vision', port=443): Failed to resolve 'testnet.binance.vision' ([Errno 11001] getaddrinfo failed)"))
Traceback (most recent call last):
  File "C:\Users\USCHIP\Desktop\bothat\bothat\.venv\lib\site-packages\urllib3\connection.py", line 204, in _new_conn
    sock = connection.create_connection(
  File "C:\Users\USCHIP\Desktop\bothat\bothat\.venv\lib\site-packages\urllib3\util\connection.py", line 60, in create_connection
    for res in socket.getaddrinfo(host, port, family, socket.SOCK_STREAM):
  File "C:\Users\USCHIP\AppData\Local\Programs\Python\Python310\lib\socket.py", line 955, in getaddrinfo
    for res in _socket.getaddrinfo(host, port, family, type, proto, flags):
socket.gaierror: [Errno 11001] getaddrinfo failed

The above exception was the direct cause of the following exception:

Traceback (most recent call last):
  File "C:\Users\USCHIP\Desktop\bothat\bothat\.venv\lib\site-packages\urllib3\connectionpool.py", line 787, in urlopen
    response = self._make_request(
  File "C:\Users\USCHIP\Desktop\bothat\bothat\.venv\lib\site-packages\urllib3\connectionpool.py", line 488, in _make_request
    raise new_e
  File "C:\Users\USCHIP\Desktop\bothat\bothat\.venv\lib\site-packages\urllib3\connectionpool.py", line 464, in _make_request
    self._validate_conn(conn)
  File "C:\Users\USCHIP\Desktop\bothat\bothat\.venv\lib\site-packages\urllib3\connectionpool.py", line 1093, in _validate_conn
    conn.connect()
  File "C:\Users\USCHIP\Desktop\bothat\bothat\.venv\lib\site-packages\urllib3\connection.py", line 759, in connect
    self.sock = sock = self._new_conn()
  File "C:\Users\USCHIP\Desktop\bothat\bothat\.venv\lib\site-packages\urllib3\connection.py", line 211, in _new_conn
    raise NameResolutionError(self.host, self, e) from e
urllib3.exceptions.NameResolutionError: HTTPSConnection(host='testnet.binance.vision', port=443): Failed to resolve 'testnet.binance.vision' ([Errno 11001] getaddrinfo failed)

The above exception was the direct cause of the following exception:

Traceback (most recent call last):
  File "C:\Users\USCHIP\Desktop\bothat\bothat\.venv\lib\site-packages\requests\adapters.py", line 644, in send
    resp = conn.urlopen(
  File "C:\Users\USCHIP\Desktop\bothat\bothat\.venv\lib\site-packages\urllib3\connectionpool.py", line 841, in urlopen
    retries = retries.increment(
  File "C:\Users\USCHIP\Desktop\bothat\bothat\.venv\lib\site-packages\urllib3\util\retry.py", line 535, in increment
    raise MaxRetryError(_pool, url, reason) from reason  # type: ignore[arg-type]
urllib3.exceptions.MaxRetryError: HTTPSConnectionPool(host='testnet.binance.vision', port=443): Max retries exceeded with url: /api/v3/ticker/price?symbol=ETHUSDT (Caused by NameResolutionError("HTTPSConnection(host='testnet.binance.vision', port=443): Failed to resolve 'testnet.binance.vision' ([Errno 11001] getaddrinfo failed)"))

During handling of the above exception, another exception occurred:

Traceback (most recent call last):
  File "C:\Users\USCHIP\Desktop\bothat\bothat\bot\trader.py", line 56, in _trade_cycle
    self._monitor_active_trade()
  File "C:\Users\USCHIP\Desktop\bothat\bothat\bot\trader.py", line 116, in _monitor_active_trade
    current_price = self.client.get_current_price(symbol)
  File "C:\Users\USCHIP\Desktop\bothat\bothat\utils\binance_client.py", line 29, in wrapped
    return fn(*args, **kwargs)
  File "C:\Users\USCHIP\Desktop\bothat\bothat\utils\binance_client.py", line 107, in get_current_price
    ticker = self._client.get_symbol_ticker(symbol=symbol)
  File "C:\Users\USCHIP\Desktop\bothat\bothat\.venv\lib\site-packages\binance\client.py", line 1242, in get_symbol_ticker
    return self._get("ticker/price", data=params)
  File "C:\Users\USCHIP\Desktop\bothat\bothat\.venv\lib\site-packages\binance\client.py", line 200, in _get
    return self._request_api("get", path, signed, version, **kwargs)
  File "C:\Users\USCHIP\Desktop\bothat\bothat\.venv\lib\site-packages\binance\client.py", line 134, in _request_api
    return self._request(method, uri, signed, **kwargs)
  File "C:\Users\USCHIP\Desktop\bothat\bothat\.venv\lib\site-packages\binance\client.py", line 92, in _request
    self.response = getattr(self.session, method)(uri, headers=headers, data=data, **kwargs)
  File "C:\Users\USCHIP\Desktop\bothat\bothat\.venv\lib\site-packages\requests\sessions.py", line 602, in get
    return self.request("GET", url, **kwargs)
  File "C:\Users\USCHIP\Desktop\bothat\bothat\.venv\lib\site-packages\requests\sessions.py", line 589, in request
    resp = self.send(prep, **send_kwargs)
  File "C:\Users\USCHIP\Desktop\bothat\bothat\.venv\lib\site-packages\requests\sessions.py", line 703, in send
    r = adapter.send(request, **kwargs)
  File "C:\Users\USCHIP\Desktop\bothat\bothat\.venv\lib\site-packages\requests\adapters.py", line 677, in send
    raise ConnectionError(e, request=request)
requests.exceptions.ConnectionError: HTTPSConnectionPool(host='testnet.binance.vision', port=443): Max retries exceeded with url: /api/v3/ticker/price?symbol=ETHUSDT (Caused by NameResolutionError("HTTPSConnection(host='testnet.binance.vision', port=443): Failed to resolve 'testnet.binance.vision' ([Errno 11001] getaddrinfo failed)"))
2026-01-31 17:54:31,038 ERROR [Trader] Error during trade cycle: HTTPSConnectionPool(host='testnet.binance.vision', port=443): Max retries exceeded with url: /api/v3/ticker/price?symbol=ETHUSDT (Caused by NameResolutionError("HTTPSConnection(host='testnet.binance.vision', port=443): Failed to resolve 'testnet.binance.vision' ([Errno 11001] getaddrinfo failed)"))
Traceback (most recent call last):
  File "C:\Users\USCHIP\Desktop\bothat\bothat\.venv\lib\site-packages\urllib3\connection.py", line 204, in _new_conn
    sock = connection.create_connection(
  File "C:\Users\USCHIP\Desktop\bothat\bothat\.venv\lib\site-packages\urllib3\util\connection.py", line 60, in create_connection
    for res in socket.getaddrinfo(host, port, family, socket.SOCK_STREAM):
  File "C:\Users\USCHIP\AppData\Local\Programs\Python\Python310\lib\socket.py", line 955, in getaddrinfo
    for res in _socket.getaddrinfo(host, port, family, type, proto, flags):
socket.gaierror: [Errno 11001] getaddrinfo failed

The above exception was the direct cause of the following exception:

Traceback (most recent call last):
  File "C:\Users\USCHIP\Desktop\bothat\bothat\.venv\lib\site-packages\urllib3\connectionpool.py", line 787, in urlopen
    response = self._make_request(
  File "C:\Users\USCHIP\Desktop\bothat\bothat\.venv\lib\site-packages\urllib3\connectionpool.py", line 488, in _make_request
    raise new_e
  File "C:\Users\USCHIP\Desktop\bothat\bothat\.venv\lib\site-packages\urllib3\connectionpool.py", line 464, in _make_request
    self._validate_conn(conn)
  File "C:\Users\USCHIP\Desktop\bothat\bothat\.venv\lib\site-packages\urllib3\connectionpool.py", line 1093, in _validate_conn
    conn.connect()
  File "C:\Users\USCHIP\Desktop\bothat\bothat\.venv\lib\site-packages\urllib3\connection.py", line 759, in connect
    self.sock = sock = self._new_conn()
  File "C:\Users\USCHIP\Desktop\bothat\bothat\.venv\lib\site-packages\urllib3\connection.py", line 211, in _new_conn
    raise NameResolutionError(self.host, self, e) from e
urllib3.exceptions.NameResolutionError: HTTPSConnection(host='testnet.binance.vision', port=443): Failed to resolve 'testnet.binance.vision' ([Errno 11001] getaddrinfo failed)

The above exception was the direct cause of the following exception:

Traceback (most recent call last):
  File "C:\Users\USCHIP\Desktop\bothat\bothat\.venv\lib\site-packages\requests\adapters.py", line 644, in send
    resp = conn.urlopen(
  File "C:\Users\USCHIP\Desktop\bothat\bothat\.venv\lib\site-packages\urllib3\connectionpool.py", line 841, in urlopen
    retries = retries.increment(
  File "C:\Users\USCHIP\Desktop\bothat\bothat\.venv\lib\site-packages\urllib3\util\retry.py", line 535, in increment
    raise MaxRetryError(_pool, url, reason) from reason  # type: ignore[arg-type]
urllib3.exceptions.MaxRetryError: HTTPSConnectionPool(host='testnet.binance.vision', port=443): Max retries exceeded with url: /api/v3/ticker/price?symbol=ETHUSDT (Caused by NameResolutionError("HTTPSConnection(host='testnet.binance.vision', port=443): Failed to resolve 'testnet.binance.vision' ([Errno 11001] getaddrinfo failed)"))

During handling of the above exception, another exception occurred:

Traceback (most recent call last):
  File "C:\Users\USCHIP\Desktop\bothat\bothat\bot\trader.py", line 56, in _trade_cycle
    self._monitor_active_trade()
  File "C:\Users\USCHIP\Desktop\bothat\bothat\bot\trader.py", line 116, in _monitor_active_trade
    current_price = self.client.get_current_price(symbol)
  File "C:\Users\USCHIP\Desktop\bothat\bothat\utils\binance_client.py", line 29, in wrapped
    return fn(*args, **kwargs)
  File "C:\Users\USCHIP\Desktop\bothat\bothat\utils\binance_client.py", line 107, in get_current_price
    ticker = self._client.get_symbol_ticker(symbol=symbol)
  File "C:\Users\USCHIP\Desktop\bothat\bothat\.venv\lib\site-packages\binance\client.py", line 1242, in get_symbol_ticker
    return self._get("ticker/price", data=params)
  File "C:\Users\USCHIP\Desktop\bothat\bothat\.venv\lib\site-packages\binance\client.py", line 200, in _get
    return self._request_api("get", path, signed, version, **kwargs)
  File "C:\Users\USCHIP\Desktop\bothat\bothat\.venv\lib\site-packages\binance\client.py", line 134, in _request_api
    return self._request(method, uri, signed, **kwargs)
  File "C:\Users\USCHIP\Desktop\bothat\bothat\.venv\lib\site-packages\binance\client.py", line 92, in _request
    self.response = getattr(self.session, method)(uri, headers=headers, data=data, **kwargs)
  File "C:\Users\USCHIP\Desktop\bothat\bothat\.venv\lib\site-packages\requests\sessions.py", line 602, in get
    return self.request("GET", url, **kwargs)
  File "C:\Users\USCHIP\Desktop\bothat\bothat\.venv\lib\site-packages\requests\sessions.py", line 589, in request
    resp = self.send(prep, **send_kwargs)
  File "C:\Users\USCHIP\Desktop\bothat\bothat\.venv\lib\site-packages\requests\sessions.py", line 703, in send
    r = adapter.send(request, **kwargs)
  File "C:\Users\USCHIP\Desktop\bothat\bothat\.venv\lib\site-packages\requests\adapters.py", line 677, in send
    raise ConnectionError(e, request=request)
requests.exceptions.ConnectionError: HTTPSConnectionPool(host='testnet.binance.vision', port=443): Max retries exceeded with url: /api/v3/ticker/price?symbol=ETHUSDT (Caused by NameResolutionError("HTTPSConnection(host='testnet.binance.vision', port=443): Failed to resolve 'testnet.binance.vision' ([Errno 11001] getaddrinfo failed)"))
2026-01-31 17:54:51,197 ERROR [Trader] Error during trade cycle: HTTPSConnectionPool(host='testnet.binance.vision', port=443): Max retries exceeded with url: /api/v3/ticker/price?symbol=ETHUSDT (Caused by NameResolutionError("HTTPSConnection(host='testnet.binance.vision', port=443): Failed to resolve 'testnet.binance.vision' ([Errno 11001] getaddrinfo failed)"))
Traceback (most recent call last):
  File "C:\Users\USCHIP\Desktop\bothat\bothat\.venv\lib\site-packages\urllib3\connection.py", line 204, in _new_conn
    sock = connection.create_connection(
  File "C:\Users\USCHIP\Desktop\bothat\bothat\.venv\lib\site-packages\urllib3\util\connection.py", line 60, in create_connection
    for res in socket.getaddrinfo(host, port, family, socket.SOCK_STREAM):
  File "C:\Users\USCHIP\AppData\Local\Programs\Python\Python310\lib\socket.py", line 955, in getaddrinfo
    for res in _socket.getaddrinfo(host, port, family, type, proto, flags):
socket.gaierror: [Errno 11001] getaddrinfo failed

The above exception was the direct cause of the following exception:

Traceback (most recent call last):
  File "C:\Users\USCHIP\Desktop\bothat\bothat\.venv\lib\site-packages\urllib3\connectionpool.py", line 787, in urlopen
    response = self._make_request(
  File "C:\Users\USCHIP\Desktop\bothat\bothat\.venv\lib\site-packages\urllib3\connectionpool.py", line 488, in _make_request
    raise new_e
  File "C:\Users\USCHIP\Desktop\bothat\bothat\.venv\lib\site-packages\urllib3\connectionpool.py", line 464, in _make_request
    self._validate_conn(conn)
  File "C:\Users\USCHIP\Desktop\bothat\bothat\.venv\lib\site-packages\urllib3\connectionpool.py", line 1093, in _validate_conn
    conn.connect()
  File "C:\Users\USCHIP\Desktop\bothat\bothat\.venv\lib\site-packages\urllib3\connection.py", line 759, in connect
    self.sock = sock = self._new_conn()
  File "C:\Users\USCHIP\Desktop\bothat\bothat\.venv\lib\site-packages\urllib3\connection.py", line 211, in _new_conn
    raise NameResolutionError(self.host, self, e) from e
urllib3.exceptions.NameResolutionError: HTTPSConnection(host='testnet.binance.vision', port=443): Failed to resolve 'testnet.binance.vision' ([Errno 11001] getaddrinfo failed)

The above exception was the direct cause of the following exception:

Traceback (most recent call last):
  File "C:\Users\USCHIP\Desktop\bothat\bothat\.venv\lib\site-packages\requests\adapters.py", line 644, in send
    resp = conn.urlopen(
  File "C:\Users\USCHIP\Desktop\bothat\bothat\.venv\lib\site-packages\urllib3\connectionpool.py", line 841, in urlopen
    retries = retries.increment(
  File "C:\Users\USCHIP\Desktop\bothat\bothat\.venv\lib\site-packages\urllib3\util\retry.py", line 535, in increment
    raise MaxRetryError(_pool, url, reason) from reason  # type: ignore[arg-type]
urllib3.exceptions.MaxRetryError: HTTPSConnectionPool(host='testnet.binance.vision', port=443): Max retries exceeded with url: /api/v3/ticker/price?symbol=ETHUSDT (Caused by NameResolutionError("HTTPSConnection(host='testnet.binance.vision', port=443): Failed to resolve 'testnet.binance.vision' ([Errno 11001] getaddrinfo failed)"))

During handling of the above exception, another exception occurred:

Traceback (most recent call last):
  File "C:\Users\USCHIP\Desktop\bothat\bothat\bot\trader.py", line 56, in _trade_cycle
    self._monitor_active_trade()
  File "C:\Users\USCHIP\Desktop\bothat\bothat\bot\trader.py", line 116, in _monitor_active_trade
    current_price = self.client.get_current_price(symbol)
  File "C:\Users\USCHIP\Desktop\bothat\bothat\utils\binance_client.py", line 29, in wrapped
    return fn(*args, **kwargs)
  File "C:\Users\USCHIP\Desktop\bothat\bothat\utils\binance_client.py", line 107, in get_current_price
    ticker = self._client.get_symbol_ticker(symbol=symbol)
  File "C:\Users\USCHIP\Desktop\bothat\bothat\.venv\lib\site-packages\binance\client.py", line 1242, in get_symbol_ticker
    return self._get("ticker/price", data=params)
  File "C:\Users\USCHIP\Desktop\bothat\bothat\.venv\lib\site-packages\binance\client.py", line 200, in _get
    return self._request_api("get", path, signed, version, **kwargs)
  File "C:\Users\USCHIP\Desktop\bothat\bothat\.venv\lib\site-packages\binance\client.py", line 134, in _request_api
    return self._request(method, uri, signed, **kwargs)
  File "C:\Users\USCHIP\Desktop\bothat\bothat\.venv\lib\site-packages\binance\client.py", line 92, in _request
    self.response = getattr(self.session, method)(uri, headers=headers, data=data, **kwargs)
  File "C:\Users\USCHIP\Desktop\bothat\bothat\.venv\lib\site-packages\requests\sessions.py", line 602, in get
    return self.request("GET", url, **kwargs)
  File "C:\Users\USCHIP\Desktop\bothat\bothat\.venv\lib\site-packages\requests\sessions.py", line 589, in request
    resp = self.send(prep, **send_kwargs)
  File "C:\Users\USCHIP\Desktop\bothat\bothat\.venv\lib\site-packages\requests\sessions.py", line 703, in send
    r = adapter.send(request, **kwargs)
  File "C:\Users\USCHIP\Desktop\bothat\bothat\.venv\lib\site-packages\requests\adapters.py", line 677, in send
    raise ConnectionError(e, request=request)
requests.exceptions.ConnectionError: HTTPSConnectionPool(host='testnet.binance.vision', port=443): Max retries exceeded with url: /api/v3/ticker/price?symbol=ETHUSDT (Caused by NameResolutionError("HTTPSConnection(host='testnet.binance.vision', port=443): Failed to resolve 'testnet.binance.vision' ([Errno 11001] getaddrinfo failed)"))
2026-01-31 17:55:05,885 ERROR [Trader] Error during trade cycle: HTTPSConnectionPool(host='testnet.binance.vision', port=443): Max retries exceeded with url: /api/v3/ticker/price?symbol=ETHUSDT (Caused by NameResolutionError("HTTPSConnection(host='testnet.binance.vision', port=443): Failed to resolve 'testnet.binance.vision' ([Errno 11001] getaddrinfo failed)"))
Traceback (most recent call last):
  File "C:\Users\USCHIP\Desktop\bothat\bothat\.venv\lib\site-packages\urllib3\connection.py", line 204, in _new_conn
    sock = connection.create_connection(
  File "C:\Users\USCHIP\Desktop\bothat\bothat\.venv\lib\site-packages\urllib3\util\connection.py", line 60, in create_connection
    for res in socket.getaddrinfo(host, port, family, socket.SOCK_STREAM):
  File "C:\Users\USCHIP\AppData\Local\Programs\Python\Python310\lib\socket.py", line 955, in getaddrinfo
    for res in _socket.getaddrinfo(host, port, family, type, proto, flags):
socket.gaierror: [Errno 11001] getaddrinfo failed

The above exception was the direct cause of the following exception:

Traceback (most recent call last):
  File "C:\Users\USCHIP\Desktop\bothat\bothat\.venv\lib\site-packages\urllib3\connectionpool.py", line 787, in urlopen
    response = self._make_request(
  File "C:\Users\USCHIP\Desktop\bothat\bothat\.venv\lib\site-packages\urllib3\connectionpool.py", line 488, in _make_request
    raise new_e
  File "C:\Users\USCHIP\Desktop\bothat\bothat\.venv\lib\site-packages\urllib3\connectionpool.py", line 464, in _make_request
    self._validate_conn(conn)
  File "C:\Users\USCHIP\Desktop\bothat\bothat\.venv\lib\site-packages\urllib3\connectionpool.py", line 1093, in _validate_conn
    conn.connect()
  File "C:\Users\USCHIP\Desktop\bothat\bothat\.venv\lib\site-packages\urllib3\connection.py", line 759, in connect
    self.sock = sock = self._new_conn()
  File "C:\Users\USCHIP\Desktop\bothat\bothat\.venv\lib\site-packages\urllib3\connection.py", line 211, in _new_conn
    raise NameResolutionError(self.host, self, e) from e
urllib3.exceptions.NameResolutionError: HTTPSConnection(host='testnet.binance.vision', port=443): Failed to resolve 'testnet.binance.vision' ([Errno 11001] getaddrinfo failed)

The above exception was the direct cause of the following exception:

Traceback (most recent call last):
  File "C:\Users\USCHIP\Desktop\bothat\bothat\.venv\lib\site-packages\requests\adapters.py", line 644, in send
    resp = conn.urlopen(
  File "C:\Users\USCHIP\Desktop\bothat\bothat\.venv\lib\site-packages\urllib3\connectionpool.py", line 841, in urlopen
    retries = retries.increment(
  File "C:\Users\USCHIP\Desktop\bothat\bothat\.venv\lib\site-packages\urllib3\util\retry.py", line 535, in increment
    raise MaxRetryError(_pool, url, reason) from reason  # type: ignore[arg-type]
urllib3.exceptions.MaxRetryError: HTTPSConnectionPool(host='testnet.binance.vision', port=443): Max retries exceeded with url: /api/v3/ticker/price?symbol=ETHUSDT (Caused by NameResolutionError("HTTPSConnection(host='testnet.binance.vision', port=443): Failed to resolve 'testnet.binance.vision' ([Errno 11001] getaddrinfo failed)"))

During handling of the above exception, another exception occurred:

Traceback (most recent call last):
  File "C:\Users\USCHIP\Desktop\bothat\bothat\bot\trader.py", line 56, in _trade_cycle
    self._monitor_active_trade()
  File "C:\Users\USCHIP\Desktop\bothat\bothat\bot\trader.py", line 116, in _monitor_active_trade
    current_price = self.client.get_current_price(symbol)
  File "C:\Users\USCHIP\Desktop\bothat\bothat\utils\binance_client.py", line 29, in wrapped
    return fn(*args, **kwargs)
  File "C:\Users\USCHIP\Desktop\bothat\bothat\utils\binance_client.py", line 107, in get_current_price
    ticker = self._client.get_symbol_ticker(symbol=symbol)
  File "C:\Users\USCHIP\Desktop\bothat\bothat\.venv\lib\site-packages\binance\client.py", line 1242, in get_symbol_ticker
    return self._get("ticker/price", data=params)
  File "C:\Users\USCHIP\Desktop\bothat\bothat\.venv\lib\site-packages\binance\client.py", line 200, in _get
    return self._request_api("get", path, signed, version, **kwargs)
  File "C:\Users\USCHIP\Desktop\bothat\bothat\.venv\lib\site-packages\binance\client.py", line 134, in _request_api
    return self._request(method, uri, signed, **kwargs)
  File "C:\Users\USCHIP\Desktop\bothat\bothat\.venv\lib\site-packages\binance\client.py", line 92, in _request
    self.response = getattr(self.session, method)(uri, headers=headers, data=data, **kwargs)
  File "C:\Users\USCHIP\Desktop\bothat\bothat\.venv\lib\site-packages\requests\sessions.py", line 602, in get
    return self.request("GET", url, **kwargs)
  File "C:\Users\USCHIP\Desktop\bothat\bothat\.venv\lib\site-packages\requests\sessions.py", line 589, in request
    resp = self.send(prep, **send_kwargs)
  File "C:\Users\USCHIP\Desktop\bothat\bothat\.venv\lib\site-packages\requests\sessions.py", line 703, in send
    r = adapter.send(request, **kwargs)
  File "C:\Users\USCHIP\Desktop\bothat\bothat\.venv\lib\site-packages\requests\adapters.py", line 677, in send
    raise ConnectionError(e, request=request)
requests.exceptions.ConnectionError: HTTPSConnectionPool(host='testnet.binance.vision', port=443): Max retries exceeded with url: /api/v3/ticker/price?symbol=ETHUSDT (Caused by NameResolutionError("HTTPSConnection(host='testnet.binance.vision', port=443): Failed to resolve 'testnet.binance.vision' ([Errno 11001] getaddrinfo failed)"))
2026-01-31 17:55:26,062 ERROR [Trader] Error during trade cycle: HTTPSConnectionPool(host='testnet.binance.vision', port=443): Max retries exceeded with url: /api/v3/ticker/price?symbol=ETHUSDT (Caused by NameResolutionError("HTTPSConnection(host='testnet.binance.vision', port=443): Failed to resolve 'testnet.binance.vision' ([Errno 11001] getaddrinfo failed)"))
Traceback (most recent call last):
  File "C:\Users\USCHIP\Desktop\bothat\bothat\.venv\lib\site-packages\urllib3\connection.py", line 204, in _new_conn
    sock = connection.create_connection(
  File "C:\Users\USCHIP\Desktop\bothat\bothat\.venv\lib\site-packages\urllib3\util\connection.py", line 60, in create_connection
    for res in socket.getaddrinfo(host, port, family, socket.SOCK_STREAM):
  File "C:\Users\USCHIP\AppData\Local\Programs\Python\Python310\lib\socket.py", line 955, in getaddrinfo
    for res in _socket.getaddrinfo(host, port, family, type, proto, flags):
socket.gaierror: [Errno 11001] getaddrinfo failed

The above exception was the direct cause of the following exception:

Traceback (most recent call last):
  File "C:\Users\USCHIP\Desktop\bothat\bothat\.venv\lib\site-packages\urllib3\connectionpool.py", line 787, in urlopen
    response = self._make_request(
  File "C:\Users\USCHIP\Desktop\bothat\bothat\.venv\lib\site-packages\urllib3\connectionpool.py", line 488, in _make_request
    raise new_e
  File "C:\Users\USCHIP\Desktop\bothat\bothat\.venv\lib\site-packages\urllib3\connectionpool.py", line 464, in _make_request
    self._validate_conn(conn)
  File "C:\Users\USCHIP\Desktop\bothat\bothat\.venv\lib\site-packages\urllib3\connectionpool.py", line 1093, in _validate_conn
    conn.connect()
  File "C:\Users\USCHIP\Desktop\bothat\bothat\.venv\lib\site-packages\urllib3\connection.py", line 759, in connect
    self.sock = sock = self._new_conn()
  File "C:\Users\USCHIP\Desktop\bothat\bothat\.venv\lib\site-packages\urllib3\connection.py", line 211, in _new_conn
    raise NameResolutionError(self.host, self, e) from e
urllib3.exceptions.NameResolutionError: HTTPSConnection(host='testnet.binance.vision', port=443): Failed to resolve 'testnet.binance.vision' ([Errno 11001] getaddrinfo failed)

The above exception was the direct cause of the following exception:

Traceback (most recent call last):
  File "C:\Users\USCHIP\Desktop\bothat\bothat\.venv\lib\site-packages\requests\adapters.py", line 644, in send
    resp = conn.urlopen(
  File "C:\Users\USCHIP\Desktop\bothat\bothat\.venv\lib\site-packages\urllib3\connectionpool.py", line 841, in urlopen
    retries = retries.increment(
  File "C:\Users\USCHIP\Desktop\bothat\bothat\.venv\lib\site-packages\urllib3\util\retry.py", line 535, in increment
    raise MaxRetryError(_pool, url, reason) from reason  # type: ignore[arg-type]
urllib3.exceptions.MaxRetryError: HTTPSConnectionPool(host='testnet.binance.vision', port=443): Max retries exceeded with url: /api/v3/ticker/price?symbol=ETHUSDT (Caused by NameResolutionError("HTTPSConnection(host='testnet.binance.vision', port=443): Failed to resolve 'testnet.binance.vision' ([Errno 11001] getaddrinfo failed)"))

During handling of the above exception, another exception occurred:

Traceback (most recent call last):
  File "C:\Users\USCHIP\Desktop\bothat\bothat\bot\trader.py", line 56, in _trade_cycle
    self._monitor_active_trade()
  File "C:\Users\USCHIP\Desktop\bothat\bothat\bot\trader.py", line 116, in _monitor_active_trade
    current_price = self.client.get_current_price(symbol)
  File "C:\Users\USCHIP\Desktop\bothat\bothat\utils\binance_client.py", line 29, in wrapped
    return fn(*args, **kwargs)
  File "C:\Users\USCHIP\Desktop\bothat\bothat\utils\binance_client.py", line 107, in get_current_price
    ticker = self._client.get_symbol_ticker(symbol=symbol)
  File "C:\Users\USCHIP\Desktop\bothat\bothat\.venv\lib\site-packages\binance\client.py", line 1242, in get_symbol_ticker
    return self._get("ticker/price", data=params)
  File "C:\Users\USCHIP\Desktop\bothat\bothat\.venv\lib\site-packages\binance\client.py", line 200, in _get
    return self._request_api("get", path, signed, version, **kwargs)
  File "C:\Users\USCHIP\Desktop\bothat\bothat\.venv\lib\site-packages\binance\client.py", line 134, in _request_api
    return self._request(method, uri, signed, **kwargs)
  File "C:\Users\USCHIP\Desktop\bothat\bothat\.venv\lib\site-packages\binance\client.py", line 92, in _request
    self.response = getattr(self.session, method)(uri, headers=headers, data=data, **kwargs)
  File "C:\Users\USCHIP\Desktop\bothat\bothat\.venv\lib\site-packages\requests\sessions.py", line 602, in get
    return self.request("GET", url, **kwargs)
  File "C:\Users\USCHIP\Desktop\bothat\bothat\.venv\lib\site-packages\requests\sessions.py", line 589, in request
    resp = self.send(prep, **send_kwargs)
  File "C:\Users\USCHIP\Desktop\bothat\bothat\.venv\lib\site-packages\requests\sessions.py", line 703, in send
    r = adapter.send(request, **kwargs)
  File "C:\Users\USCHIP\Desktop\bothat\bothat\.venv\lib\site-packages\requests\adapters.py", line 677, in send
    raise ConnectionError(e, request=request)
requests.exceptions.ConnectionError: HTTPSConnectionPool(host='testnet.binance.vision', port=443): Max retries exceeded with url: /api/v3/ticker/price?symbol=ETHUSDT (Caused by NameResolutionError("HTTPSConnection(host='testnet.binance.vision', port=443): Failed to resolve 'testnet.binance.vision' ([Errno 11001] getaddrinfo failed)"))
2026-01-31 17:55:45,741 ERROR [Trader] Error during trade cycle: HTTPSConnectionPool(host='testnet.binance.vision', port=443): Max retries exceeded with url: /api/v3/ticker/price?symbol=ETHUSDT (Caused by NameResolutionError("HTTPSConnection(host='testnet.binance.vision', port=443): Failed to resolve 'testnet.binance.vision' ([Errno 11001] getaddrinfo failed)"))
Traceback (most recent call last):
  File "C:\Users\USCHIP\Desktop\bothat\bothat\.venv\lib\site-packages\urllib3\connection.py", line 204, in _new_conn
    sock = connection.create_connection(
  File "C:\Users\USCHIP\Desktop\bothat\bothat\.venv\lib\site-packages\urllib3\util\connection.py", line 60, in create_connection
    for res in socket.getaddrinfo(host, port, family, socket.SOCK_STREAM):
  File "C:\Users\USCHIP\AppData\Local\Programs\Python\Python310\lib\socket.py", line 955, in getaddrinfo
    for res in _socket.getaddrinfo(host, port, family, type, proto, flags):
socket.gaierror: [Errno 11001] getaddrinfo failed

The above exception was the direct cause of the following exception:

Traceback (most recent call last):
  File "C:\Users\USCHIP\Desktop\bothat\bothat\.venv\lib\site-packages\urllib3\connectionpool.py", line 787, in urlopen
    response = self._make_request(
  File "C:\Users\USCHIP\Desktop\bothat\bothat\.venv\lib\site-packages\urllib3\connectionpool.py", line 488, in _make_request
    raise new_e
  File "C:\Users\USCHIP\Desktop\bothat\bothat\.venv\lib\site-packages\urllib3\connectionpool.py", line 464, in _make_request
    self._validate_conn(conn)
  File "C:\Users\USCHIP\Desktop\bothat\bothat\.venv\lib\site-packages\urllib3\connectionpool.py", line 1093, in _validate_conn
    conn.connect()
  File "C:\Users\USCHIP\Desktop\bothat\bothat\.venv\lib\site-packages\urllib3\connection.py", line 759, in connect
    self.sock = sock = self._new_conn()
  File "C:\Users\USCHIP\Desktop\bothat\bothat\.venv\lib\site-packages\urllib3\connection.py", line 211, in _new_conn
    raise NameResolutionError(self.host, self, e) from e
urllib3.exceptions.NameResolutionError: HTTPSConnection(host='testnet.binance.vision', port=443): Failed to resolve 'testnet.binance.vision' ([Errno 11001] getaddrinfo failed)

The above exception was the direct cause of the following exception:

Traceback (most recent call last):
  File "C:\Users\USCHIP\Desktop\bothat\bothat\.venv\lib\site-packages\requests\adapters.py", line 644, in send
    resp = conn.urlopen(
  File "C:\Users\USCHIP\Desktop\bothat\bothat\.venv\lib\site-packages\urllib3\connectionpool.py", line 841, in urlopen
    retries = retries.increment(
  File "C:\Users\USCHIP\Desktop\bothat\bothat\.venv\lib\site-packages\urllib3\util\retry.py", line 535, in increment
    raise MaxRetryError(_pool, url, reason) from reason  # type: ignore[arg-type]
urllib3.exceptions.MaxRetryError: HTTPSConnectionPool(host='testnet.binance.vision', port=443): Max retries exceeded with url: /api/v3/ticker/price?symbol=ETHUSDT (Caused by NameResolutionError("HTTPSConnection(host='testnet.binance.vision', port=443): Failed to resolve 'testnet.binance.vision' ([Errno 11001] getaddrinfo failed)"))

During handling of the above exception, another exception occurred:

Traceback (most recent call last):
  File "C:\Users\USCHIP\Desktop\bothat\bothat\bot\trader.py", line 56, in _trade_cycle
    self._monitor_active_trade()
  File "C:\Users\USCHIP\Desktop\bothat\bothat\bot\trader.py", line 116, in _monitor_active_trade
    current_price = self.client.get_current_price(symbol)
  File "C:\Users\USCHIP\Desktop\bothat\bothat\utils\binance_client.py", line 29, in wrapped
    return fn(*args, **kwargs)
  File "C:\Users\USCHIP\Desktop\bothat\bothat\utils\binance_client.py", line 107, in get_current_price
    ticker = self._client.get_symbol_ticker(symbol=symbol)
  File "C:\Users\USCHIP\Desktop\bothat\bothat\.venv\lib\site-packages\binance\client.py", line 1242, in get_symbol_ticker
    return self._get("ticker/price", data=params)
  File "C:\Users\USCHIP\Desktop\bothat\bothat\.venv\lib\site-packages\binance\client.py", line 200, in _get
    return self._request_api("get", path, signed, version, **kwargs)
  File "C:\Users\USCHIP\Desktop\bothat\bothat\.venv\lib\site-packages\binance\client.py", line 134, in _request_api
    return self._request(method, uri, signed, **kwargs)
  File "C:\Users\USCHIP\Desktop\bothat\bothat\.venv\lib\site-packages\binance\client.py", line 92, in _request
    self.response = getattr(self.session, method)(uri, headers=headers, data=data, **kwargs)
  File "C:\Users\USCHIP\Desktop\bothat\bothat\.venv\lib\site-packages\requests\sessions.py", line 602, in get
    return self.request("GET", url, **kwargs)
  File "C:\Users\USCHIP\Desktop\bothat\bothat\.venv\lib\site-packages\requests\sessions.py", line 589, in request
    resp = self.send(prep, **send_kwargs)
  File "C:\Users\USCHIP\Desktop\bothat\bothat\.venv\lib\site-packages\requests\sessions.py", line 703, in send
    r = adapter.send(request, **kwargs)
  File "C:\Users\USCHIP\Desktop\bothat\bothat\.venv\lib\site-packages\requests\adapters.py", line 677, in send
    raise ConnectionError(e, request=request)
requests.exceptions.ConnectionError: HTTPSConnectionPool(host='testnet.binance.vision', port=443): Max retries exceeded with url: /api/v3/ticker/price?symbol=ETHUSDT (Caused by NameResolutionError("HTTPSConnection(host='testnet.binance.vision', port=443): Failed to resolve 'testnet.binance.vision' ([Errno 11001] getaddrinfo failed)"))
2026-01-31 17:56:05,983 ERROR [Trader] Error during trade cycle: HTTPSConnectionPool(host='testnet.binance.vision', port=443): Max retries exceeded with url: /api/v3/ticker/price?symbol=ETHUSDT (Caused by NameResolutionError("HTTPSConnection(host='testnet.binance.vision', port=443): Failed to resolve 'testnet.binance.vision' ([Errno 11001] getaddrinfo failed)"))
Traceback (most recent call last):
  File "C:\Users\USCHIP\Desktop\bothat\bothat\.venv\lib\site-packages\urllib3\connection.py", line 204, in _new_conn
    sock = connection.create_connection(
  File "C:\Users\USCHIP\Desktop\bothat\bothat\.venv\lib\site-packages\urllib3\util\connection.py", line 60, in create_connection
    for res in socket.getaddrinfo(host, port, family, socket.SOCK_STREAM):
  File "C:\Users\USCHIP\AppData\Local\Programs\Python\Python310\lib\socket.py", line 955, in getaddrinfo
    for res in _socket.getaddrinfo(host, port, family, type, proto, flags):
socket.gaierror: [Errno 11001] getaddrinfo failed

The above exception was the direct cause of the following exception:

Traceback (most recent call last):
  File "C:\Users\USCHIP\Desktop\bothat\bothat\.venv\lib\site-packages\urllib3\connectionpool.py", line 787, in urlopen
    response = self._make_request(
  File "C:\Users\USCHIP\Desktop\bothat\bothat\.venv\lib\site-packages\urllib3\connectionpool.py", line 488, in _make_request
    raise new_e
  File "C:\Users\USCHIP\Desktop\bothat\bothat\.venv\lib\site-packages\urllib3\connectionpool.py", line 464, in _make_request
    self._validate_conn(conn)
  File "C:\Users\USCHIP\Desktop\bothat\bothat\.venv\lib\site-packages\urllib3\connectionpool.py", line 1093, in _validate_conn
    conn.connect()
  File "C:\Users\USCHIP\Desktop\bothat\bothat\.venv\lib\site-packages\urllib3\connection.py", line 759, in connect
    self.sock = sock = self._new_conn()
  File "C:\Users\USCHIP\Desktop\bothat\bothat\.venv\lib\site-packages\urllib3\connection.py", line 211, in _new_conn
    raise NameResolutionError(self.host, self, e) from e
urllib3.exceptions.NameResolutionError: HTTPSConnection(host='testnet.binance.vision', port=443): Failed to resolve 'testnet.binance.vision' ([Errno 11001] getaddrinfo failed)

The above exception was the direct cause of the following exception:

Traceback (most recent call last):
  File "C:\Users\USCHIP\Desktop\bothat\bothat\.venv\lib\site-packages\requests\adapters.py", line 644, in send
    resp = conn.urlopen(
  File "C:\Users\USCHIP\Desktop\bothat\bothat\.venv\lib\site-packages\urllib3\connectionpool.py", line 841, in urlopen
    retries = retries.increment(
  File "C:\Users\USCHIP\Desktop\bothat\bothat\.venv\lib\site-packages\urllib3\util\retry.py", line 535, in increment
    raise MaxRetryError(_pool, url, reason) from reason  # type: ignore[arg-type]
urllib3.exceptions.MaxRetryError: HTTPSConnectionPool(host='testnet.binance.vision', port=443): Max retries exceeded with url: /api/v3/ticker/price?symbol=ETHUSDT (Caused by NameResolutionError("HTTPSConnection(host='testnet.binance.vision', port=443): Failed to resolve 'testnet.binance.vision' ([Errno 11001] getaddrinfo failed)"))

During handling of the above exception, another exception occurred:

Traceback (most recent call last):
  File "C:\Users\USCHIP\Desktop\bothat\bothat\bot\trader.py", line 56, in _trade_cycle
    self._monitor_active_trade()
  File "C:\Users\USCHIP\Desktop\bothat\bothat\bot\trader.py", line 116, in _monitor_active_trade
    current_price = self.client.get_current_price(symbol)
  File "C:\Users\USCHIP\Desktop\bothat\bothat\utils\binance_client.py", line 29, in wrapped
    return fn(*args, **kwargs)
  File "C:\Users\USCHIP\Desktop\bothat\bothat\utils\binance_client.py", line 107, in get_current_price
    ticker = self._client.get_symbol_ticker(symbol=symbol)
  File "C:\Users\USCHIP\Desktop\bothat\bothat\.venv\lib\site-packages\binance\client.py", line 1242, in get_symbol_ticker
    return self._get("ticker/price", data=params)
  File "C:\Users\USCHIP\Desktop\bothat\bothat\.venv\lib\site-packages\binance\client.py", line 200, in _get
    return self._request_api("get", path, signed, version, **kwargs)
  File "C:\Users\USCHIP\Desktop\bothat\bothat\.venv\lib\site-packages\binance\client.py", line 134, in _request_api
    return self._request(method, uri, signed, **kwargs)
  File "C:\Users\USCHIP\Desktop\bothat\bothat\.venv\lib\site-packages\binance\client.py", line 92, in _request
    self.response = getattr(self.session, method)(uri, headers=headers, data=data, **kwargs)
  File "C:\Users\USCHIP\Desktop\bothat\bothat\.venv\lib\site-packages\requests\sessions.py", line 602, in get
    return self.request("GET", url, **kwargs)
  File "C:\Users\USCHIP\Desktop\bothat\bothat\.venv\lib\site-packages\requests\sessions.py", line 589, in request
    resp = self.send(prep, **send_kwargs)
  File "C:\Users\USCHIP\Desktop\bothat\bothat\.venv\lib\site-packages\requests\sessions.py", line 703, in send
    r = adapter.send(request, **kwargs)
  File "C:\Users\USCHIP\Desktop\bothat\bothat\.venv\lib\site-packages\requests\adapters.py", line 677, in send
    raise ConnectionError(e, request=request)
requests.exceptions.ConnectionError: HTTPSConnectionPool(host='testnet.binance.vision', port=443): Max retries exceeded with url: /api/v3/ticker/price?symbol=ETHUSDT (Caused by NameResolutionError("HTTPSConnection(host='testnet.binance.vision', port=443): Failed to resolve 'testnet.binance.vision' ([Errno 11001] getaddrinfo failed)"))
2026-01-31 17:56:21,420 ERROR [Trader] Error during trade cycle: HTTPSConnectionPool(host='testnet.binance.vision', port=443): Max retries exceeded with url: /api/v3/ticker/price?symbol=ETHUSDT (Caused by NameResolutionError("HTTPSConnection(host='testnet.binance.vision', port=443): Failed to resolve 'testnet.binance.vision' ([Errno 11001] getaddrinfo failed)"))
Traceback (most recent call last):
  File "C:\Users\USCHIP\Desktop\bothat\bothat\.venv\lib\site-packages\urllib3\connection.py", line 204, in _new_conn
    sock = connection.create_connection(
  File "C:\Users\USCHIP\Desktop\bothat\bothat\.venv\lib\site-packages\urllib3\util\connection.py", line 60, in create_connection
    for res in socket.getaddrinfo(host, port, family, socket.SOCK_STREAM):
  File "C:\Users\USCHIP\AppData\Local\Programs\Python\Python310\lib\socket.py", line 955, in getaddrinfo
    for res in _socket.getaddrinfo(host, port, family, type, proto, flags):
socket.gaierror: [Errno 11001] getaddrinfo failed

The above exception was the direct cause of the following exception:

Traceback (most recent call last):
  File "C:\Users\USCHIP\Desktop\bothat\bothat\.venv\lib\site-packages\urllib3\connectionpool.py", line 787, in urlopen
    response = self._make_request(
  File "C:\Users\USCHIP\Desktop\bothat\bothat\.venv\lib\site-packages\urllib3\connectionpool.py", line 488, in _make_request
    raise new_e
  File "C:\Users\USCHIP\Desktop\bothat\bothat\.venv\lib\site-packages\urllib3\connectionpool.py", line 464, in _make_request
    self._validate_conn(conn)
  File "C:\Users\USCHIP\Desktop\bothat\bothat\.venv\lib\site-packages\urllib3\connectionpool.py", line 1093, in _validate_conn
    conn.connect()
  File "C:\Users\USCHIP\Desktop\bothat\bothat\.venv\lib\site-packages\urllib3\connection.py", line 759, in connect
    self.sock = sock = self._new_conn()
  File "C:\Users\USCHIP\Desktop\bothat\bothat\.venv\lib\site-packages\urllib3\connection.py", line 211, in _new_conn
    raise NameResolutionError(self.host, self, e) from e
urllib3.exceptions.NameResolutionError: HTTPSConnection(host='testnet.binance.vision', port=443): Failed to resolve 'testnet.binance.vision' ([Errno 11001] getaddrinfo failed)

The above exception was the direct cause of the following exception:

Traceback (most recent call last):
  File "C:\Users\USCHIP\Desktop\bothat\bothat\.venv\lib\site-packages\requests\adapters.py", line 644, in send
    resp = conn.urlopen(
  File "C:\Users\USCHIP\Desktop\bothat\bothat\.venv\lib\site-packages\urllib3\connectionpool.py", line 841, in urlopen
    retries = retries.increment(
  File "C:\Users\USCHIP\Desktop\bothat\bothat\.venv\lib\site-packages\urllib3\util\retry.py", line 535, in increment
    raise MaxRetryError(_pool, url, reason) from reason  # type: ignore[arg-type]
urllib3.exceptions.MaxRetryError: HTTPSConnectionPool(host='testnet.binance.vision', port=443): Max retries exceeded with url: /api/v3/ticker/price?symbol=ETHUSDT (Caused by NameResolutionError("HTTPSConnection(host='testnet.binance.vision', port=443): Failed to resolve 'testnet.binance.vision' ([Errno 11001] getaddrinfo failed)"))

During handling of the above exception, another exception occurred:

Traceback (most recent call last):
  File "C:\Users\USCHIP\Desktop\bothat\bothat\bot\trader.py", line 56, in _trade_cycle
    self._monitor_active_trade()
  File "C:\Users\USCHIP\Desktop\bothat\bothat\bot\trader.py", line 116, in _monitor_active_trade
    current_price = self.client.get_current_price(symbol)
  File "C:\Users\USCHIP\Desktop\bothat\bothat\utils\binance_client.py", line 29, in wrapped
    return fn(*args, **kwargs)
  File "C:\Users\USCHIP\Desktop\bothat\bothat\utils\binance_client.py", line 107, in get_current_price
    ticker = self._client.get_symbol_ticker(symbol=symbol)
  File "C:\Users\USCHIP\Desktop\bothat\bothat\.venv\lib\site-packages\binance\client.py", line 1242, in get_symbol_ticker
    return self._get("ticker/price", data=params)
  File "C:\Users\USCHIP\Desktop\bothat\bothat\.venv\lib\site-packages\binance\client.py", line 200, in _get
    return self._request_api("get", path, signed, version, **kwargs)
  File "C:\Users\USCHIP\Desktop\bothat\bothat\.venv\lib\site-packages\binance\client.py", line 134, in _request_api
    return self._request(method, uri, signed, **kwargs)
  File "C:\Users\USCHIP\Desktop\bothat\bothat\.venv\lib\site-packages\binance\client.py", line 92, in _request
    self.response = getattr(self.session, method)(uri, headers=headers, data=data, **kwargs)
  File "C:\Users\USCHIP\Desktop\bothat\bothat\.venv\lib\site-packages\requests\sessions.py", line 602, in get
    return self.request("GET", url, **kwargs)
  File "C:\Users\USCHIP\Desktop\bothat\bothat\.venv\lib\site-packages\requests\sessions.py", line 589, in request
    resp = self.send(prep, **send_kwargs)
  File "C:\Users\USCHIP\Desktop\bothat\bothat\.venv\lib\site-packages\requests\sessions.py", line 703, in send
    r = adapter.send(request, **kwargs)
  File "C:\Users\USCHIP\Desktop\bothat\bothat\.venv\lib\site-packages\requests\adapters.py", line 677, in send
    raise ConnectionError(e, request=request)
requests.exceptions.ConnectionError: HTTPSConnectionPool(host='testnet.binance.vision', port=443): Max retries exceeded with url: /api/v3/ticker/price?symbol=ETHUSDT (Caused by NameResolutionError("HTTPSConnection(host='testnet.binance.vision', port=443): Failed to resolve 'testnet.binance.vision' ([Errno 11001] getaddrinfo failed)"))
2026-01-31 17:56:40,689 ERROR [Trader] Error during trade cycle: HTTPSConnectionPool(host='testnet.binance.vision', port=443): Max retries exceeded with url: /api/v3/ticker/price?symbol=ETHUSDT (Caused by NameResolutionError("HTTPSConnection(host='testnet.binance.vision', port=443): Failed to resolve 'testnet.binance.vision' ([Errno 11001] getaddrinfo failed)"))
Traceback (most recent call last):
  File "C:\Users\USCHIP\Desktop\bothat\bothat\.venv\lib\site-packages\urllib3\connection.py", line 204, in _new_conn
    sock = connection.create_connection(
  File "C:\Users\USCHIP\Desktop\bothat\bothat\.venv\lib\site-packages\urllib3\util\connection.py", line 60, in create_connection
    for res in socket.getaddrinfo(host, port, family, socket.SOCK_STREAM):
  File "C:\Users\USCHIP\AppData\Local\Programs\Python\Python310\lib\socket.py", line 955, in getaddrinfo
    for res in _socket.getaddrinfo(host, port, family, type, proto, flags):
socket.gaierror: [Errno 11001] getaddrinfo failed

The above exception was the direct cause of the following exception:

Traceback (most recent call last):
  File "C:\Users\USCHIP\Desktop\bothat\bothat\.venv\lib\site-packages\urllib3\connectionpool.py", line 787, in urlopen
    response = self._make_request(
  File "C:\Users\USCHIP\Desktop\bothat\bothat\.venv\lib\site-packages\urllib3\connectionpool.py", line 488, in _make_request
    raise new_e
  File "C:\Users\USCHIP\Desktop\bothat\bothat\.venv\lib\site-packages\urllib3\connectionpool.py", line 464, in _make_request
    self._validate_conn(conn)
  File "C:\Users\USCHIP\Desktop\bothat\bothat\.venv\lib\site-packages\urllib3\connectionpool.py", line 1093, in _validate_conn
    conn.connect()
  File "C:\Users\USCHIP\Desktop\bothat\bothat\.venv\lib\site-packages\urllib3\connection.py", line 759, in connect
    self.sock = sock = self._new_conn()
  File "C:\Users\USCHIP\Desktop\bothat\bothat\.venv\lib\site-packages\urllib3\connection.py", line 211, in _new_conn
    raise NameResolutionError(self.host, self, e) from e
urllib3.exceptions.NameResolutionError: HTTPSConnection(host='testnet.binance.vision', port=443): Failed to resolve 'testnet.binance.vision' ([Errno 11001] getaddrinfo failed)

The above exception was the direct cause of the following exception:

Traceback (most recent call last):
  File "C:\Users\USCHIP\Desktop\bothat\bothat\.venv\lib\site-packages\requests\adapters.py", line 644, in send
    resp = conn.urlopen(
  File "C:\Users\USCHIP\Desktop\bothat\bothat\.venv\lib\site-packages\urllib3\connectionpool.py", line 841, in urlopen
    retries = retries.increment(
  File "C:\Users\USCHIP\Desktop\bothat\bothat\.venv\lib\site-packages\urllib3\util\retry.py", line 535, in increment
    raise MaxRetryError(_pool, url, reason) from reason  # type: ignore[arg-type]
urllib3.exceptions.MaxRetryError: HTTPSConnectionPool(host='testnet.binance.vision', port=443): Max retries exceeded with url: /api/v3/ticker/price?symbol=ETHUSDT (Caused by NameResolutionError("HTTPSConnection(host='testnet.binance.vision', port=443): Failed to resolve 'testnet.binance.vision' ([Errno 11001] getaddrinfo failed)"))

During handling of the above exception, another exception occurred:

Traceback (most recent call last):
  File "C:\Users\USCHIP\Desktop\bothat\bothat\bot\trader.py", line 56, in _trade_cycle
    self._monitor_active_trade()
  File "C:\Users\USCHIP\Desktop\bothat\bothat\bot\trader.py", line 116, in _monitor_active_trade
    current_price = self.client.get_current_price(symbol)
  File "C:\Users\USCHIP\Desktop\bothat\bothat\utils\binance_client.py", line 29, in wrapped
    return fn(*args, **kwargs)
  File "C:\Users\USCHIP\Desktop\bothat\bothat\utils\binance_client.py", line 107, in get_current_price
    ticker = self._client.get_symbol_ticker(symbol=symbol)
  File "C:\Users\USCHIP\Desktop\bothat\bothat\.venv\lib\site-packages\binance\client.py", line 1242, in get_symbol_ticker
    return self._get("ticker/price", data=params)
  File "C:\Users\USCHIP\Desktop\bothat\bothat\.venv\lib\site-packages\binance\client.py", line 200, in _get
    return self._request_api("get", path, signed, version, **kwargs)
  File "C:\Users\USCHIP\Desktop\bothat\bothat\.venv\lib\site-packages\binance\client.py", line 134, in _request_api
    return self._request(method, uri, signed, **kwargs)
  File "C:\Users\USCHIP\Desktop\bothat\bothat\.venv\lib\site-packages\binance\client.py", line 92, in _request
    self.response = getattr(self.session, method)(uri, headers=headers, data=data, **kwargs)
  File "C:\Users\USCHIP\Desktop\bothat\bothat\.venv\lib\site-packages\requests\sessions.py", line 602, in get
    return self.request("GET", url, **kwargs)
  File "C:\Users\USCHIP\Desktop\bothat\bothat\.venv\lib\site-packages\requests\sessions.py", line 589, in request
    resp = self.send(prep, **send_kwargs)
  File "C:\Users\USCHIP\Desktop\bothat\bothat\.venv\lib\site-packages\requests\sessions.py", line 703, in send
    r = adapter.send(request, **kwargs)
  File "C:\Users\USCHIP\Desktop\bothat\bothat\.venv\lib\site-packages\requests\adapters.py", line 677, in send
    raise ConnectionError(e, request=request)
requests.exceptions.ConnectionError: HTTPSConnectionPool(host='testnet.binance.vision', port=443): Max retries exceeded with url: /api/v3/ticker/price?symbol=ETHUSDT (Caused by NameResolutionError("HTTPSConnection(host='testnet.binance.vision', port=443): Failed to resolve 'testnet.binance.vision' ([Errno 11001] getaddrinfo failed)"))
2026-01-31 17:56:56,015 ERROR [Trader] Error during trade cycle: HTTPSConnectionPool(host='testnet.binance.vision', port=443): Max retries exceeded with url: /api/v3/ticker/price?symbol=ETHUSDT (Caused by NameResolutionError("HTTPSConnection(host='testnet.binance.vision', port=443): Failed to resolve 'testnet.binance.vision' ([Errno 11001] getaddrinfo failed)"))
Traceback (most recent call last):
  File "C:\Users\USCHIP\Desktop\bothat\bothat\.venv\lib\site-packages\urllib3\connection.py", line 204, in _new_conn
    sock = connection.create_connection(
  File "C:\Users\USCHIP\Desktop\bothat\bothat\.venv\lib\site-packages\urllib3\util\connection.py", line 60, in create_connection
    for res in socket.getaddrinfo(host, port, family, socket.SOCK_STREAM):
  File "C:\Users\USCHIP\AppData\Local\Programs\Python\Python310\lib\socket.py", line 955, in getaddrinfo
    for res in _socket.getaddrinfo(host, port, family, type, proto, flags):
socket.gaierror: [Errno 11001] getaddrinfo failed

The above exception was the direct cause of the following exception:

Traceback (most recent call last):
  File "C:\Users\USCHIP\Desktop\bothat\bothat\.venv\lib\site-packages\urllib3\connectionpool.py", line 787, in urlopen
    response = self._make_request(
  File "C:\Users\USCHIP\Desktop\bothat\bothat\.venv\lib\site-packages\urllib3\connectionpool.py", line 488, in _make_request
    raise new_e
  File "C:\Users\USCHIP\Desktop\bothat\bothat\.venv\lib\site-packages\urllib3\connectionpool.py", line 464, in _make_request
    self._validate_conn(conn)
  File "C:\Users\USCHIP\Desktop\bothat\bothat\.venv\lib\site-packages\urllib3\connectionpool.py", line 1093, in _validate_conn
    conn.connect()
  File "C:\Users\USCHIP\Desktop\bothat\bothat\.venv\lib\site-packages\urllib3\connection.py", line 759, in connect
    self.sock = sock = self._new_conn()
  File "C:\Users\USCHIP\Desktop\bothat\bothat\.venv\lib\site-packages\urllib3\connection.py", line 211, in _new_conn
    raise NameResolutionError(self.host, self, e) from e
urllib3.exceptions.NameResolutionError: HTTPSConnection(host='testnet.binance.vision', port=443): Failed to resolve 'testnet.binance.vision' ([Errno 11001] getaddrinfo failed)

The above exception was the direct cause of the following exception:

Traceback (most recent call last):
  File "C:\Users\USCHIP\Desktop\bothat\bothat\.venv\lib\site-packages\requests\adapters.py", line 644, in send
    resp = conn.urlopen(
  File "C:\Users\USCHIP\Desktop\bothat\bothat\.venv\lib\site-packages\urllib3\connectionpool.py", line 841, in urlopen
    retries = retries.increment(
  File "C:\Users\USCHIP\Desktop\bothat\bothat\.venv\lib\site-packages\urllib3\util\retry.py", line 535, in increment
    raise MaxRetryError(_pool, url, reason) from reason  # type: ignore[arg-type]
urllib3.exceptions.MaxRetryError: HTTPSConnectionPool(host='testnet.binance.vision', port=443): Max retries exceeded with url: /api/v3/ticker/price?symbol=ETHUSDT (Caused by NameResolutionError("HTTPSConnection(host='testnet.binance.vision', port=443): Failed to resolve 'testnet.binance.vision' ([Errno 11001] getaddrinfo failed)"))

During handling of the above exception, another exception occurred:

Traceback (most recent call last):
  File "C:\Users\USCHIP\Desktop\bothat\bothat\bot\trader.py", line 56, in _trade_cycle
    self._monitor_active_trade()
  File "C:\Users\USCHIP\Desktop\bothat\bothat\bot\trader.py", line 116, in _monitor_active_trade
    current_price = self.client.get_current_price(symbol)
  File "C:\Users\USCHIP\Desktop\bothat\bothat\utils\binance_client.py", line 29, in wrapped
    return fn(*args, **kwargs)
  File "C:\Users\USCHIP\Desktop\bothat\bothat\utils\binance_client.py", line 107, in get_current_price
    ticker = self._client.get_symbol_ticker(symbol=symbol)
  File "C:\Users\USCHIP\Desktop\bothat\bothat\.venv\lib\site-packages\binance\client.py", line 1242, in get_symbol_ticker
    return self._get("ticker/price", data=params)
  File "C:\Users\USCHIP\Desktop\bothat\bothat\.venv\lib\site-packages\binance\client.py", line 200, in _get
    return self._request_api("get", path, signed, version, **kwargs)
  File "C:\Users\USCHIP\Desktop\bothat\bothat\.venv\lib\site-packages\binance\client.py", line 134, in _request_api
    return self._request(method, uri, signed, **kwargs)
  File "C:\Users\USCHIP\Desktop\bothat\bothat\.venv\lib\site-packages\binance\client.py", line 92, in _request
    self.response = getattr(self.session, method)(uri, headers=headers, data=data, **kwargs)
  File "C:\Users\USCHIP\Desktop\bothat\bothat\.venv\lib\site-packages\requests\sessions.py", line 602, in get
    return self.request("GET", url, **kwargs)
  File "C:\Users\USCHIP\Desktop\bothat\bothat\.venv\lib\site-packages\requests\sessions.py", line 589, in request
    resp = self.send(prep, **send_kwargs)
  File "C:\Users\USCHIP\Desktop\bothat\bothat\.venv\lib\site-packages\requests\sessions.py", line 703, in send
    r = adapter.send(request, **kwargs)
  File "C:\Users\USCHIP\Desktop\bothat\bothat\.venv\lib\site-packages\requests\adapters.py", line 677, in send
    raise ConnectionError(e, request=request)
requests.exceptions.ConnectionError: HTTPSConnectionPool(host='testnet.binance.vision', port=443): Max retries exceeded with url: /api/v3/ticker/price?symbol=ETHUSDT (Caused by NameResolutionError("HTTPSConnection(host='testnet.binance.vision', port=443): Failed to resolve 'testnet.binance.vision' ([Errno 11001] getaddrinfo failed)"))
2026-01-31 17:56:59,901 INFO [Trader] Closing ETHUSDT (SL) at 2485.36
2026-01-31 17:57:01,527 INFO [BinanceClient] Market SELL: 0.01580000 ETHUSDT
2026-01-31 17:57:03,117 INFO [Trader] Trade closed. Resuming scan.
2026-02-12 23:37:39,711 INFO [BinanceClient] Initialized Binance client on mainnet
2026-02-12 23:38:09,034 INFO [Trader] Trader initializing for symbols: ['BTCUSDT', 'ETHUSDT', 'SOLUSDT', 'BNBUSDT', 'XRPUSDT']
2026-02-12 23:38:10,191 INFO [Trader] Ref price for BTCUSDT: 66020.66
2026-02-12 23:38:10,875 INFO [Trader] Ref price for ETHUSDT: 1931.31
2026-02-12 23:38:11,468 INFO [Trader] Ref price for SOLUSDT: 77.28
2026-02-12 23:38:11,984 INFO [Trader] Ref price for BNBUSDT: 609.56
2026-02-12 23:38:12,585 INFO [Trader] Ref price for XRPUSDT: 1.3594
2026-02-12 23:38:12,591 INFO [Trader] Scheduler started.
2026-02-12 23:38:18,717 INFO [Trader] Dip found on BTCUSDT! Price: 66013.5, Trigger: 66020.66
2026-02-12 23:38:18,719 INFO [Trader] Opening trade for BTCUSDT
2026-02-12 23:38:21,060 WARNING [BinanceClient] API call market_buy failed: APIError(code=-2010): Account has insufficient balance for requested action.
2026-02-12 23:38:24,605 WARNING [BinanceClient] API call market_buy failed: APIError(code=-2010): Account has insufficient balance for requested action.
2026-02-12 23:38:27,327 WARNING [BinanceClient] API call market_buy failed: APIError(code=-2010): Account has insufficient balance for requested action.
2026-02-12 23:38:28,338 ERROR [BinanceClient] All retries failed for market_buy
2026-02-12 23:38:28,343 ERROR [Trader] Error during trade cycle: APIError(code=-2010): Account has insufficient balance for requested action.
Traceback (most recent call last):
  File "C:\Users\USCHIP\Desktop\bothat\bothat\bot\trader.py", line 59, in _trade_cycle
    self._scan_for_opportunities()
  File "C:\Users\USCHIP\Desktop\bothat\bothat\bot\trader.py", line 80, in _scan_for_opportunities
    self._open_trade(symbol)
  File "C:\Users\USCHIP\Desktop\bothat\bothat\bot\trader.py", line 87, in _open_trade
    order = self.client.market_buy(symbol, MIN_TRADE_USD)
  File "C:\Users\USCHIP\Desktop\bothat\bothat\utils\binance_client.py", line 35, in wrapped
    raise last_exc
  File "C:\Users\USCHIP\Desktop\bothat\bothat\utils\binance_client.py", line 29, in wrapped
    return fn(*args, **kwargs)
  File "C:\Users\USCHIP\Desktop\bothat\bothat\utils\binance_client.py", line 137, in market_buy
    order = self._client.order_market_buy(symbol=symbol, quantity=float(qty))
  File "C:\Users\USCHIP\Desktop\bothat\bothat\.venv\lib\site-packages\binance\client.py", line 1617, in order_market_buy
    return self.order_market(**params)
  File "C:\Users\USCHIP\Desktop\bothat\bothat\.venv\lib\site-packages\binance\client.py", line 1589, in order_market
    return self.create_order(**params)
  File "C:\Users\USCHIP\Desktop\bothat\bothat\.venv\lib\site-packages\binance\client.py", line 1450, in create_order
    return self._post("order", True, data=params)
  File "C:\Users\USCHIP\Desktop\bothat\bothat\.venv\lib\site-packages\binance\client.py", line 205, in _post
    return self._request_api("post", path, signed, version, **kwargs)
  File "C:\Users\USCHIP\Desktop\bothat\bothat\.venv\lib\site-packages\binance\client.py", line 134, in _request_api
    return self._request(method, uri, signed, **kwargs)
  File "C:\Users\USCHIP\Desktop\bothat\bothat\.venv\lib\site-packages\binance\client.py", line 106, in _request
    return self._handle_response(self.response)
  File "C:\Users\USCHIP\Desktop\bothat\bothat\.venv\lib\site-packages\binance\client.py", line 115, in _handle_response
    raise BinanceAPIException(response, response.status_code, response.text)
binance.exceptions.BinanceAPIException: APIError(code=-2010): Account has insufficient balance for requested action.
